In file included from /Users/lennertdekeukeleere/Documents/Work/Code/Geant4GarfieldDegradInterface/src/DetectorMessenger.cc:3:
In file included from /Users/lennertdekeukeleere/Documents/Work/Code/Geant4GarfieldDegradInterface/include/DetectorConstruction.hh:5:
In file included from /Users/lennertdekeukeleere/Documents/Work/Code/Geant4GarfieldDegradInterface/include/HeedInterfaceModel.hh:11:
In file included from /Users/lennertdekeukeleere/Documents/Work/Code/Geant4GarfieldDegradInterface/include/HeedModel.hh:15:
In file included from /usr/local/src/garfield/Include/AvalancheMicroscopic.hh:7:
In file included from /Applications/root_v6.14.00/include/TH1.h:24:
In file included from /Applications/root_v6.14.00/include/TAxis.h:24:
In file included from /Applications/root_v6.14.00/include/TNamed.h:26:
/Applications/root_v6.14.00/include/TString.h:99:33: warning: declaration shadows a variable in namespace 'CLHEP' [-Wshadow]
   TSubString(const TSubString &s)
                                ^
/usr/local/geant4.10.4/include/Geant4/CLHEP/Units/SystemOfUnits.h:149:28: note: previous declaration is here
  static constexpr double  s = second;
                           ^
In file included from /Users/lennertdekeukeleere/Documents/Work/Code/Geant4GarfieldDegradInterface/src/DetectorMessenger.cc:3:
In file included from /Users/lennertdekeukeleere/Documents/Work/Code/Geant4GarfieldDegradInterface/include/DetectorConstruction.hh:5:
In file included from /Users/lennertdekeukeleere/Documents/Work/Code/Geant4GarfieldDegradInterface/include/HeedInterfaceModel.hh:11:
In file included from /Users/lennertdekeukeleere/Documents/Work/Code/Geant4GarfieldDegradInterface/include/HeedModel.hh:15:
In file included from /usr/local/src/garfield/Include/AvalancheMicroscopic.hh:7:
In file included from /Applications/root_v6.14.00/include/TH1.h:24:
In file included from /Applications/root_v6.14.00/include/TAxis.h:24:
In file included from /Applications/root_v6.14.00/include/TNamed.h:26:
/Applications/root_v6.14.00/include/TString.h:219:32: warning: declaration shadows a variable in namespace 'CLHEP' [-Wshadow]
   static Ssiz_t  Align(Ssiz_t s) { return (s + (kAlignment-1)) & ~(kAlignment-1); }
                               ^
/usr/local/geant4.10.4/include/Geant4/CLHEP/Units/SystemOfUnits.h:149:28: note: previous declaration is here
  static constexpr double  s = second;
                           ^
In file included from /Users/lennertdekeukeleere/Documents/Work/Code/Geant4GarfieldDegradInterface/src/DetectorMessenger.cc:3:
In file included from /Users/lennertdekeukeleere/Documents/Work/Code/Geant4GarfieldDegradInterface/include/DetectorConstruction.hh:5:
In file included from /Users/lennertdekeukeleere/Documents/Work/Code/Geant4GarfieldDegradInterface/include/HeedInterfaceModel.hh:11:
In file included from /Users/lennertdekeukeleere/Documents/Work/Code/Geant4GarfieldDegradInterface/include/HeedModel.hh:15:
In file included from /usr/local/src/garfield/Include/AvalancheMicroscopic.hh:7:
In file included from /Applications/root_v6.14.00/include/TH1.h:24:
In file included from /Applications/root_v6.14.00/include/TAxis.h:24:
In file included from /Applications/root_v6.14.00/include/TNamed.h:26:
/Applications/root_v6.14.00/include/TString.h:220:36: warning: declaration shadows a variable in namespace 'CLHEP' [-Wshadow]
   static Ssiz_t  Recommend(Ssiz_t s) { return (s < kMinCap ? kMinCap : Align(s+1)) - 1; }
                                   ^
/usr/local/geant4.10.4/include/Geant4/CLHEP/Units/SystemOfUnits.h:149:28: note: previous declaration is here
  static constexpr double  s = second;
                           ^
In file included from /Users/lennertdekeukeleere/Documents/Work/Code/Geant4GarfieldDegradInterface/src/DetectorMessenger.cc:3:
In file included from /Users/lennertdekeukeleere/Documents/Work/Code/Geant4GarfieldDegradInterface/include/DetectorConstruction.hh:5:
In file included from /Users/lennertdekeukeleere/Documents/Work/Code/Geant4GarfieldDegradInterface/include/HeedInterfaceModel.hh:11:
In file included from /Users/lennertdekeukeleere/Documents/Work/Code/Geant4GarfieldDegradInterface/include/HeedModel.hh:15:
In file included from /usr/local/src/garfield/Include/AvalancheMicroscopic.hh:7:
In file included from /Applications/root_v6.14.00/include/TH1.h:24:
In file included from /Applications/root_v6.14.00/include/TAxis.h:24:
In file included from /Applications/root_v6.14.00/include/TNamed.h:26:
/Applications/root_v6.14.00/include/TString.h:226:39: warning: declaration shadows a variable in namespace 'CLHEP' [-Wshadow]
   void           SetShortSize(Ssiz_t s) { fRep.fShort.fSize = (unsigned char)(s << 1); }
                                      ^
/usr/local/geant4.10.4/include/Geant4/CLHEP/Units/SystemOfUnits.h:149:28: note: previous declaration is here
  static constexpr double  s = second;
                           ^
In file included from /Users/lennertdekeukeleere/Documents/Work/Code/Geant4GarfieldDegradInterface/src/DetectorMessenger.cc:3:
In file included from /Users/lennertdekeukeleere/Documents/Work/Code/Geant4GarfieldDegradInterface/include/DetectorConstruction.hh:5:
In file included from /Users/lennertdekeukeleere/Documents/Work/Code/Geant4GarfieldDegradInterface/include/HeedInterfaceModel.hh:11:
In file included from /Users/lennertdekeukeleere/Documents/Work/Code/Geant4GarfieldDegradInterface/include/HeedModel.hh:15:
In file included from /usr/local/src/garfield/Include/AvalancheMicroscopic.hh:7:
In file included from /Applications/root_v6.14.00/include/TH1.h:24:
In file included from /Applications/root_v6.14.00/include/TAxis.h:24:
In file included from /Applications/root_v6.14.00/include/TNamed.h:26:
/Applications/root_v6.14.00/include/TString.h:232:38: warning: declaration shadows a variable in namespace 'CLHEP' [-Wshadow]
   void           SetLongSize(Ssiz_t s) { fRep.fLong.fSize = s; }
                                     ^
/usr/local/geant4.10.4/include/Geant4/CLHEP/Units/SystemOfUnits.h:149:28: note: previous declaration is here
  static constexpr double  s = second;
                           ^
In file included from /Users/lennertdekeukeleere/Documents/Work/Code/Geant4GarfieldDegradInterface/src/DetectorMessenger.cc:3:
In file included from /Users/lennertdekeukeleere/Documents/Work/Code/Geant4GarfieldDegradInterface/include/DetectorConstruction.hh:5:
In file included from /Users/lennertdekeukeleere/Documents/Work/Code/Geant4GarfieldDegradInterface/include/HeedInterfaceModel.hh:11:
In file included from /Users/lennertdekeukeleere/Documents/Work/Code/Geant4GarfieldDegradInterface/include/HeedModel.hh:15:
In file included from /usr/local/src/garfield/Include/AvalancheMicroscopic.hh:7:
In file included from /Applications/root_v6.14.00/include/TH1.h:24:
In file included from /Applications/root_v6.14.00/include/TAxis.h:24:
In file included from /Applications/root_v6.14.00/include/TNamed.h:26:
/Applications/root_v6.14.00/include/TString.h:234:34: warning: declaration shadows a variable in namespace 'CLHEP' [-Wshadow]
   void           SetSize(Ssiz_t s) { IsLong() ? SetLongSize(s) : SetShortSize(s); }
                                 ^
/usr/local/geant4.10.4/include/Geant4/CLHEP/Units/SystemOfUnits.h:149:28: note: previous declaration is here
  static constexpr double  s = second;
                           ^
In file included from /Users/lennertdekeukeleere/Documents/Work/Code/Geant4GarfieldDegradInterface/src/DetectorMessenger.cc:3:
In file included from /Users/lennertdekeukeleere/Documents/Work/Code/Geant4GarfieldDegradInterface/include/DetectorConstruction.hh:5:
In file included from /Users/lennertdekeukeleere/Documents/Work/Code/Geant4GarfieldDegradInterface/include/HeedInterfaceModel.hh:11:
In file included from /Users/lennertdekeukeleere/Documents/Work/Code/Geant4GarfieldDegradInterface/include/HeedModel.hh:15:
In file included from /usr/local/src/garfield/Include/AvalancheMicroscopic.hh:7:
In file included from /Applications/root_v6.14.00/include/TH1.h:24:
In file included from /Applications/root_v6.14.00/include/TAxis.h:24:
In file included from /Applications/root_v6.14.00/include/TNamed.h:26:
/Applications/root_v6.14.00/include/TString.h:235:37: warning: declaration shadows a variable in namespace 'CLHEP' [-Wshadow]
   void           SetLongCap(Ssiz_t s) { fRep.fLong.fCap = kLongMask | s; }
                                    ^
/usr/local/geant4.10.4/include/Geant4/CLHEP/Units/SystemOfUnits.h:149:28: note: previous declaration is here
  static constexpr double  s = second;
                           ^
In file included from /Users/lennertdekeukeleere/Documents/Work/Code/Geant4GarfieldDegradInterface/src/DetectorMessenger.cc:3:
In file included from /Users/lennertdekeukeleere/Documents/Work/Code/Geant4GarfieldDegradInterface/include/DetectorConstruction.hh:5:
In file included from /Users/lennertdekeukeleere/Documents/Work/Code/Geant4GarfieldDegradInterface/include/HeedInterfaceModel.hh:11:
In file included from /Users/lennertdekeukeleere/Documents/Work/Code/Geant4GarfieldDegradInterface/include/HeedModel.hh:15:
In file included from /usr/local/src/garfield/Include/AvalancheMicroscopic.hh:7:
In file included from /Applications/root_v6.14.00/include/TH1.h:24:
In file included from /Applications/root_v6.14.00/include/TAxis.h:24:
In file included from /Applications/root_v6.14.00/include/TNamed.h:26:
/Applications/root_v6.14.00/include/TString.h:481:35: warning: declaration shadows a variable in namespace 'CLHEP' [-Wshadow]
inline UInt_t Hash(const TString &s) { return s.Hash(); }
                                  ^
/usr/local/geant4.10.4/include/Geant4/CLHEP/Units/SystemOfUnits.h:149:28: note: previous declaration is here
  static constexpr double  s = second;
                           ^
In file included from /Users/lennertdekeukeleere/Documents/Work/Code/Geant4GarfieldDegradInterface/src/DetectorMessenger.cc:3:
In file included from /Users/lennertdekeukeleere/Documents/Work/Code/Geant4GarfieldDegradInterface/include/DetectorConstruction.hh:5:
In file included from /Users/lennertdekeukeleere/Documents/Work/Code/Geant4GarfieldDegradInterface/include/HeedInterfaceModel.hh:11:
In file included from /Users/lennertdekeukeleere/Documents/Work/Code/Geant4GarfieldDegradInterface/include/HeedModel.hh:15:
In file included from /usr/local/src/garfield/Include/AvalancheMicroscopic.hh:7:
In file included from /Applications/root_v6.14.00/include/TH1.h:24:
In file included from /Applications/root_v6.14.00/include/TAxis.h:24:
In file included from /Applications/root_v6.14.00/include/TNamed.h:26:
/Applications/root_v6.14.00/include/TString.h:482:35: warning: declaration shadows a variable in namespace 'CLHEP' [-Wshadow]
inline UInt_t Hash(const TString *s) { return s->Hash(); }
                                  ^
/usr/local/geant4.10.4/include/Geant4/CLHEP/Units/SystemOfUnits.h:149:28: note: previous declaration is here
  static constexpr double  s = second;
                           ^
In file included from /Users/lennertdekeukeleere/Documents/Work/Code/Geant4GarfieldDegradInterface/src/DetectorMessenger.cc:3:
In file included from /Users/lennertdekeukeleere/Documents/Work/Code/Geant4GarfieldDegradInterface/include/DetectorConstruction.hh:5:
In file included from /Users/lennertdekeukeleere/Documents/Work/Code/Geant4GarfieldDegradInterface/include/HeedInterfaceModel.hh:11:
In file included from /Users/lennertdekeukeleere/Documents/Work/Code/Geant4GarfieldDegradInterface/include/HeedModel.hh:15:
In file included from /usr/local/src/garfield/Include/AvalancheMicroscopic.hh:7:
In file included from /Applications/root_v6.14.00/include/TH1.h:24:
In file included from /Applications/root_v6.14.00/include/TAxis.h:24:
In file included from /Applications/root_v6.14.00/include/TNamed.h:26:
/Applications/root_v6.14.00/include/TString.h:516:19: warning: declaration shadows a variable in namespace 'CLHEP' [-Wshadow]
operator+(TString s, T i)
                  ^
/usr/local/geant4.10.4/include/Geant4/CLHEP/Units/SystemOfUnits.h:149:28: note: previous declaration is here
  static constexpr double  s = second;
                           ^
In file included from /Users/lennertdekeukeleere/Documents/Work/Code/Geant4GarfieldDegradInterface/src/DetectorMessenger.cc:3:
In file included from /Users/lennertdekeukeleere/Documents/Work/Code/Geant4GarfieldDegradInterface/include/DetectorConstruction.hh:5:
In file included from /Users/lennertdekeukeleere/Documents/Work/Code/Geant4GarfieldDegradInterface/include/HeedInterfaceModel.hh:11:
In file included from /Users/lennertdekeukeleere/Documents/Work/Code/Geant4GarfieldDegradInterface/include/HeedModel.hh:15:
In file included from /usr/local/src/garfield/Include/AvalancheMicroscopic.hh:7:
In file included from /Applications/root_v6.14.00/include/TH1.h:24:
In file included from /Applications/root_v6.14.00/include/TAxis.h:24:
In file included from /Applications/root_v6.14.00/include/TNamed.h:26:
/Applications/root_v6.14.00/include/TString.h:521:19: warning: declaration shadows a variable in namespace 'CLHEP' [-Wshadow]
operator+(TString s, T u)
                  ^
/usr/local/geant4.10.4/include/Geant4/CLHEP/Units/SystemOfUnits.h:149:28: note: previous declaration is here
  static constexpr double  s = second;
                           ^
In file included from /Users/lennertdekeukeleere/Documents/Work/Code/Geant4GarfieldDegradInterface/src/DetectorMessenger.cc:3:
In file included from /Users/lennertdekeukeleere/Documents/Work/Code/Geant4GarfieldDegradInterface/include/DetectorConstruction.hh:5:
In file included from /Users/lennertdekeukeleere/Documents/Work/Code/Geant4GarfieldDegradInterface/include/HeedInterfaceModel.hh:11:
In file included from /Users/lennertdekeukeleere/Documents/Work/Code/Geant4GarfieldDegradInterface/include/HeedModel.hh:15:
In file included from /usr/local/src/garfield/Include/AvalancheMicroscopic.hh:7:
In file included from /Applications/root_v6.14.00/include/TH1.h:24:
In file included from /Applications/root_v6.14.00/include/TAxis.h:24:
In file included from /Applications/root_v6.14.00/include/TNamed.h:26:
/Applications/root_v6.14.00/include/TString.h:526:19: warning: declaration shadows a variable in namespace 'CLHEP' [-Wshadow]
operator+(TString s, T f)
                  ^
/usr/local/geant4.10.4/include/Geant4/CLHEP/Units/SystemOfUnits.h:149:28: note: previous declaration is here
  static constexpr double  s = second;
                           ^
In file included from /Users/lennertdekeukeleere/Documents/Work/Code/Geant4GarfieldDegradInterface/src/DetectorMessenger.cc:3:
In file included from /Users/lennertdekeukeleere/Documents/Work/Code/Geant4GarfieldDegradInterface/include/DetectorConstruction.hh:5:
In file included from /Users/lennertdekeukeleere/Documents/Work/Code/Geant4GarfieldDegradInterface/include/HeedInterfaceModel.hh:11:
In file included from /Users/lennertdekeukeleere/Documents/Work/Code/Geant4GarfieldDegradInterface/include/HeedModel.hh:15:
In file included from /usr/local/src/garfield/Include/AvalancheMicroscopic.hh:7:
In file included from /Applications/root_v6.14.00/include/TH1.h:24:
In file included from /Applications/root_v6.14.00/include/TAxis.h:24:
In file included from /Applications/root_v6.14.00/include/TNamed.h:26:
/Applications/root_v6.14.00/include/TString.h:531:31: warning: declaration shadows a variable in namespace 'CLHEP' [-Wshadow]
operator+(T i, const TString &s)
                              ^
/usr/local/geant4.10.4/include/Geant4/CLHEP/Units/SystemOfUnits.h:149:28: note: previous declaration is here
  static constexpr double  s = second;
                           ^
In file included from /Users/lennertdekeukeleere/Documents/Work/Code/Geant4GarfieldDegradInterface/src/DetectorMessenger.cc:3:
In file included from /Users/lennertdekeukeleere/Documents/Work/Code/Geant4GarfieldDegradInterface/include/DetectorConstruction.hh:5:
In file included from /Users/lennertdekeukeleere/Documents/Work/Code/Geant4GarfieldDegradInterface/include/HeedInterfaceModel.hh:11:
In file included from /Users/lennertdekeukeleere/Documents/Work/Code/Geant4GarfieldDegradInterface/include/HeedModel.hh:15:
In file included from /usr/local/src/garfield/Include/AvalancheMicroscopic.hh:7:
In file included from /Applications/root_v6.14.00/include/TH1.h:24:
In file included from /Applications/root_v6.14.00/include/TAxis.h:24:
In file included from /Applications/root_v6.14.00/include/TNamed.h:26:
/Applications/root_v6.14.00/include/TString.h:541:31: warning: declaration shadows a variable in namespace 'CLHEP' [-Wshadow]
operator+(T u, const TString &s)
                              ^
/usr/local/geant4.10.4/include/Geant4/CLHEP/Units/SystemOfUnits.h:149:28: note: previous declaration is here
  static constexpr double  s = second;
                           ^
In file included from /Users/lennertdekeukeleere/Documents/Work/Code/Geant4GarfieldDegradInterface/src/DetectorMessenger.cc:3:
In file included from /Users/lennertdekeukeleere/Documents/Work/Code/Geant4GarfieldDegradInterface/include/DetectorConstruction.hh:5:
In file included from /Users/lennertdekeukeleere/Documents/Work/Code/Geant4GarfieldDegradInterface/include/HeedInterfaceModel.hh:11:
In file included from /Users/lennertdekeukeleere/Documents/Work/Code/Geant4GarfieldDegradInterface/include/HeedModel.hh:15:
In file included from /usr/local/src/garfield/Include/AvalancheMicroscopic.hh:7:
In file included from /Applications/root_v6.14.00/include/TH1.h:24:
In file included from /Applications/root_v6.14.00/include/TAxis.h:24:
In file included from /Applications/root_v6.14.00/include/TNamed.h:26:
/Applications/root_v6.14.00/include/TString.h:551:31: warning: declaration shadows a variable in namespace 'CLHEP' [-Wshadow]
operator+(T f, const TString &s)
                              ^
/usr/local/geant4.10.4/include/Geant4/CLHEP/Units/SystemOfUnits.h:149:28: note: previous declaration is here
  static constexpr double  s = second;
                           ^
In file included from /Users/lennertdekeukeleere/Documents/Work/Code/Geant4GarfieldDegradInterface/src/DetectorMessenger.cc:3:
In file included from /Users/lennertdekeukeleere/Documents/Work/Code/Geant4GarfieldDegradInterface/include/DetectorConstruction.hh:5:
In file included from /Users/lennertdekeukeleere/Documents/Work/Code/Geant4GarfieldDegradInterface/include/HeedInterfaceModel.hh:11:
In file included from /Users/lennertdekeukeleere/Documents/Work/Code/Geant4GarfieldDegradInterface/include/HeedModel.hh:15:
In file included from /usr/local/src/garfield/Include/AvalancheMicroscopic.hh:7:
In file included from /Applications/root_v6.14.00/include/TH1.h:24:
In file included from /Applications/root_v6.14.00/include/TAxis.h:24:
In file included from /Applications/root_v6.14.00/include/TNamed.h:26:
/Applications/root_v6.14.00/include/TString.h:565:48: warning: declaration shadows a variable in namespace 'CLHEP' [-Wshadow]
inline TString &TString::Append(const TString &s)
                                               ^
/usr/local/geant4.10.4/include/Geant4/CLHEP/Units/SystemOfUnits.h:149:28: note: previous declaration is here
  static constexpr double  s = second;
                           ^
In file included from /Users/lennertdekeukeleere/Documents/Work/Code/Geant4GarfieldDegradInterface/src/DetectorMessenger.cc:3:
In file included from /Users/lennertdekeukeleere/Documents/Work/Code/Geant4GarfieldDegradInterface/include/DetectorConstruction.hh:5:
In file included from /Users/lennertdekeukeleere/Documents/Work/Code/Geant4GarfieldDegradInterface/include/HeedInterfaceModel.hh:11:
In file included from /Users/lennertdekeukeleere/Documents/Work/Code/Geant4GarfieldDegradInterface/include/HeedModel.hh:15:
In file included from /usr/local/src/garfield/Include/AvalancheMicroscopic.hh:7:
In file included from /Applications/root_v6.14.00/include/TH1.h:24:
In file included from /Applications/root_v6.14.00/include/TAxis.h:24:
In file included from /Applications/root_v6.14.00/include/TNamed.h:26:
/Applications/root_v6.14.00/include/TString.h:568:48: warning: declaration shadows a variable in namespace 'CLHEP' [-Wshadow]
inline TString &TString::Append(const TString &s, Ssiz_t n)
                                               ^
/usr/local/geant4.10.4/include/Geant4/CLHEP/Units/SystemOfUnits.h:149:28: note: previous declaration is here
  static constexpr double  s = second;
                           ^
In file included from /Users/lennertdekeukeleere/Documents/Work/Code/Geant4GarfieldDegradInterface/src/DetectorMessenger.cc:3:
In file included from /Users/lennertdekeukeleere/Documents/Work/Code/Geant4GarfieldDegradInterface/include/DetectorConstruction.hh:5:
In file included from /Users/lennertdekeukeleere/Documents/Work/Code/Geant4GarfieldDegradInterface/include/HeedInterfaceModel.hh:11:
In file included from /Users/lennertdekeukeleere/Documents/Work/Code/Geant4GarfieldDegradInterface/include/HeedModel.hh:15:
In file included from /usr/local/src/garfield/Include/AvalancheMicroscopic.hh:7:
In file included from /Applications/root_v6.14.00/include/TH1.h:24:
In file included from /Applications/root_v6.14.00/include/TAxis.h:24:
In file included from /Applications/root_v6.14.00/include/TNamed.h:26:
/Applications/root_v6.14.00/include/TString.h:574:52: warning: declaration shadows a variable in namespace 'CLHEP' [-Wshadow]
inline TString &TString::operator+=(const TString &s)
                                                   ^
/usr/local/geant4.10.4/include/Geant4/CLHEP/Units/SystemOfUnits.h:149:28: note: previous declaration is here
  static constexpr double  s = second;
                           ^
In file included from /Users/lennertdekeukeleere/Documents/Work/Code/Geant4GarfieldDegradInterface/src/DetectorMessenger.cc:3:
In file included from /Users/lennertdekeukeleere/Documents/Work/Code/Geant4GarfieldDegradInterface/include/DetectorConstruction.hh:5:
In file included from /Users/lennertdekeukeleere/Documents/Work/Code/Geant4GarfieldDegradInterface/include/HeedInterfaceModel.hh:11:
In file included from /Users/lennertdekeukeleere/Documents/Work/Code/Geant4GarfieldDegradInterface/include/HeedModel.hh:15:
In file included from /usr/local/src/garfield/Include/AvalancheMicroscopic.hh:7:
In file included from /Applications/root_v6.14.00/include/TH1.h:24:
In file included from /Applications/root_v6.14.00/include/TAxis.h:24:
In file included from /Applications/root_v6.14.00/include/TNamed.h:26:
/Applications/root_v6.14.00/include/TString.h:610:47: warning: declaration shadows a variable in namespace 'CLHEP' [-Wshadow]
inline Bool_t TString::BeginsWith(const char *s, ECaseCompare cmp) const
                                              ^
/usr/local/geant4.10.4/include/Geant4/CLHEP/Units/SystemOfUnits.h:149:28: note: previous declaration is here
  static constexpr double  s = second;
                           ^
In file included from /Users/lennertdekeukeleere/Documents/Work/Code/Geant4GarfieldDegradInterface/src/DetectorMessenger.cc:3:
In file included from /Users/lennertdekeukeleere/Documents/Work/Code/Geant4GarfieldDegradInterface/include/DetectorConstruction.hh:5:
In file included from /Users/lennertdekeukeleere/Documents/Work/Code/Geant4GarfieldDegradInterface/include/HeedInterfaceModel.hh:11:
In file included from /Users/lennertdekeukeleere/Documents/Work/Code/Geant4GarfieldDegradInterface/include/HeedModel.hh:15:
In file included from /usr/local/src/garfield/Include/AvalancheMicroscopic.hh:7:
In file included from /Applications/root_v6.14.00/include/TH1.h:24:
In file included from /Applications/root_v6.14.00/include/TAxis.h:24:
In file included from /Applications/root_v6.14.00/include/TNamed.h:26:
/Applications/root_v6.14.00/include/TString.h:619:45: warning: declaration shadows a variable in namespace 'CLHEP' [-Wshadow]
inline Bool_t TString::Contains(const char *s, ECaseCompare cmp) const
                                            ^
/usr/local/geant4.10.4/include/Geant4/CLHEP/Units/SystemOfUnits.h:149:28: note: previous declaration is here
  static constexpr double  s = second;
                           ^
In file included from /Users/lennertdekeukeleere/Documents/Work/Code/Geant4GarfieldDegradInterface/src/DetectorMessenger.cc:3:
In file included from /Users/lennertdekeukeleere/Documents/Work/Code/Geant4GarfieldDegradInterface/include/DetectorConstruction.hh:5:
In file included from /Users/lennertdekeukeleere/Documents/Work/Code/Geant4GarfieldDegradInterface/include/HeedInterfaceModel.hh:11:
In file included from /Users/lennertdekeukeleere/Documents/Work/Code/Geant4GarfieldDegradInterface/include/HeedModel.hh:15:
In file included from /usr/local/src/garfield/Include/AvalancheMicroscopic.hh:7:
In file included from /Applications/root_v6.14.00/include/TH1.h:24:
In file included from /Applications/root_v6.14.00/include/TAxis.h:24:
In file included from /Applications/root_v6.14.00/include/TNamed.h:26:
/Applications/root_v6.14.00/include/TString.h:634:42: warning: declaration shadows a variable in namespace 'CLHEP' [-Wshadow]
inline Ssiz_t TString::Index(const char *s, Ssiz_t i, ECaseCompare cmp) const
                                         ^
/usr/local/geant4.10.4/include/Geant4/CLHEP/Units/SystemOfUnits.h:149:28: note: previous declaration is here
  static constexpr double  s = second;
                           ^
In file included from /Users/lennertdekeukeleere/Documents/Work/Code/Geant4GarfieldDegradInterface/src/DetectorMessenger.cc:3:
In file included from /Users/lennertdekeukeleere/Documents/Work/Code/Geant4GarfieldDegradInterface/include/DetectorConstruction.hh:5:
In file included from /Users/lennertdekeukeleere/Documents/Work/Code/Geant4GarfieldDegradInterface/include/HeedInterfaceModel.hh:11:
In file included from /Users/lennertdekeukeleere/Documents/Work/Code/Geant4GarfieldDegradInterface/include/HeedModel.hh:15:
In file included from /usr/local/src/garfield/Include/AvalancheMicroscopic.hh:7:
In file included from /Applications/root_v6.14.00/include/TH1.h:24:
In file included from /Applications/root_v6.14.00/include/TAxis.h:24:
In file included from /Applications/root_v6.14.00/include/TNamed.h:26:
/Applications/root_v6.14.00/include/TString.h:637:45: warning: declaration shadows a variable in namespace 'CLHEP' [-Wshadow]
inline Ssiz_t TString::Index(const TString &s, Ssiz_t i, ECaseCompare cmp) const
                                            ^
/usr/local/geant4.10.4/include/Geant4/CLHEP/Units/SystemOfUnits.h:149:28: note: previous declaration is here
  static constexpr double  s = second;
                           ^
In file included from /Users/lennertdekeukeleere/Documents/Work/Code/Geant4GarfieldDegradInterface/src/DetectorMessenger.cc:3:
In file included from /Users/lennertdekeukeleere/Documents/Work/Code/Geant4GarfieldDegradInterface/include/DetectorConstruction.hh:5:
In file included from /Users/lennertdekeukeleere/Documents/Work/Code/Geant4GarfieldDegradInterface/include/HeedInterfaceModel.hh:11:
In file included from /Users/lennertdekeukeleere/Documents/Work/Code/Geant4GarfieldDegradInterface/include/HeedModel.hh:15:
In file included from /usr/local/src/garfield/Include/AvalancheMicroscopic.hh:7:
In file included from /Applications/root_v6.14.00/include/TH1.h:24:
In file included from /Applications/root_v6.14.00/include/TAxis.h:24:
In file included from /Applications/root_v6.14.00/include/TNamed.h:26:
/Applications/root_v6.14.00/include/TString.h:650:60: warning: declaration shadows a variable in namespace 'CLHEP' [-Wshadow]
inline TString &TString::Insert(Ssiz_t pos, const TString &s)
                                                           ^
/usr/local/geant4.10.4/include/Geant4/CLHEP/Units/SystemOfUnits.h:149:28: note: previous declaration is here
  static constexpr double  s = second;
                           ^
In file included from /Users/lennertdekeukeleere/Documents/Work/Code/Geant4GarfieldDegradInterface/src/DetectorMessenger.cc:3:
In file included from /Users/lennertdekeukeleere/Documents/Work/Code/Geant4GarfieldDegradInterface/include/DetectorConstruction.hh:5:
In file included from /Users/lennertdekeukeleere/Documents/Work/Code/Geant4GarfieldDegradInterface/include/HeedInterfaceModel.hh:11:
In file included from /Users/lennertdekeukeleere/Documents/Work/Code/Geant4GarfieldDegradInterface/include/HeedModel.hh:15:
In file included from /usr/local/src/garfield/Include/AvalancheMicroscopic.hh:7:
In file included from /Applications/root_v6.14.00/include/TH1.h:24:
In file included from /Applications/root_v6.14.00/include/TAxis.h:24:
In file included from /Applications/root_v6.14.00/include/TNamed.h:26:
/Applications/root_v6.14.00/include/TString.h:653:60: warning: declaration shadows a variable in namespace 'CLHEP' [-Wshadow]
inline TString &TString::Insert(Ssiz_t pos, const TString &s, Ssiz_t n)
                                                           ^
/usr/local/geant4.10.4/include/Geant4/CLHEP/Units/SystemOfUnits.h:149:28: note: previous declaration is here
  static constexpr double  s = second;
                           ^
In file included from /Users/lennertdekeukeleere/Documents/Work/Code/Geant4GarfieldDegradInterface/src/DetectorMessenger.cc:3:
In file included from /Users/lennertdekeukeleere/Documents/Work/Code/Geant4GarfieldDegradInterface/include/DetectorConstruction.hh:5:
In file included from /Users/lennertdekeukeleere/Documents/Work/Code/Geant4GarfieldDegradInterface/include/HeedInterfaceModel.hh:11:
In file included from /Users/lennertdekeukeleere/Documents/Work/Code/Geant4GarfieldDegradInterface/include/HeedModel.hh:15:
In file included from /usr/local/src/garfield/Include/AvalancheMicroscopic.hh:7:
In file included from /Applications/root_v6.14.00/include/TH1.h:24:
In file included from /Applications/root_v6.14.00/include/TAxis.h:24:
In file included from /Applications/root_v6.14.00/include/TNamed.h:26:
/Applications/root_v6.14.00/include/TString.h:662:49: warning: declaration shadows a variable in namespace 'CLHEP' [-Wshadow]
inline TString &TString::Prepend(const TString &s)
                                                ^
/usr/local/geant4.10.4/include/Geant4/CLHEP/Units/SystemOfUnits.h:149:28: note: previous declaration is here
  static constexpr double  s = second;
                           ^
In file included from /Users/lennertdekeukeleere/Documents/Work/Code/Geant4GarfieldDegradInterface/src/DetectorMessenger.cc:3:
In file included from /Users/lennertdekeukeleere/Documents/Work/Code/Geant4GarfieldDegradInterface/include/DetectorConstruction.hh:5:
In file included from /Users/lennertdekeukeleere/Documents/Work/Code/Geant4GarfieldDegradInterface/include/HeedInterfaceModel.hh:11:
In file included from /Users/lennertdekeukeleere/Documents/Work/Code/Geant4GarfieldDegradInterface/include/HeedModel.hh:15:
In file included from /usr/local/src/garfield/Include/AvalancheMicroscopic.hh:7:
In file included from /Applications/root_v6.14.00/include/TH1.h:24:
In file included from /Applications/root_v6.14.00/include/TAxis.h:24:
In file included from /Applications/root_v6.14.00/include/TNamed.h:26:
/Applications/root_v6.14.00/include/TString.h:665:49: warning: declaration shadows a variable in namespace 'CLHEP' [-Wshadow]
inline TString &TString::Prepend(const TString &s, Ssiz_t n)
                                                ^
/usr/local/geant4.10.4/include/Geant4/CLHEP/Units/SystemOfUnits.h:149:28: note: previous declaration is here
  static constexpr double  s = second;
                           ^
In file included from /Users/lennertdekeukeleere/Documents/Work/Code/Geant4GarfieldDegradInterface/src/DetectorMessenger.cc:3:
In file included from /Users/lennertdekeukeleere/Documents/Work/Code/Geant4GarfieldDegradInterface/include/DetectorConstruction.hh:5:
In file included from /Users/lennertdekeukeleere/Documents/Work/Code/Geant4GarfieldDegradInterface/include/HeedInterfaceModel.hh:11:
In file included from /Users/lennertdekeukeleere/Documents/Work/Code/Geant4GarfieldDegradInterface/include/HeedModel.hh:15:
In file included from /usr/local/src/garfield/Include/AvalancheMicroscopic.hh:7:
In file included from /Applications/root_v6.14.00/include/TH1.h:24:
In file included from /Applications/root_v6.14.00/include/TAxis.h:24:
In file included from /Applications/root_v6.14.00/include/TNamed.h:26:
/Applications/root_v6.14.00/include/TString.h:680:71: warning: declaration shadows a variable in namespace 'CLHEP' [-Wshadow]
inline TString &TString::Replace(Ssiz_t pos, Ssiz_t n, const TString& s)
                                                                      ^
/usr/local/geant4.10.4/include/Geant4/CLHEP/Units/SystemOfUnits.h:149:28: note: previous declaration is here
  static constexpr double  s = second;
                           ^
In file included from /Users/lennertdekeukeleere/Documents/Work/Code/Geant4GarfieldDegradInterface/src/DetectorMessenger.cc:3:
In file included from /Users/lennertdekeukeleere/Documents/Work/Code/Geant4GarfieldDegradInterface/include/DetectorConstruction.hh:5:
In file included from /Users/lennertdekeukeleere/Documents/Work/Code/Geant4GarfieldDegradInterface/include/HeedInterfaceModel.hh:11:
In file included from /Users/lennertdekeukeleere/Documents/Work/Code/Geant4GarfieldDegradInterface/include/HeedModel.hh:15:
In file included from /usr/local/src/garfield/Include/AvalancheMicroscopic.hh:7:
In file included from /Applications/root_v6.14.00/include/TH1.h:24:
In file included from /Applications/root_v6.14.00/include/TAxis.h:24:
In file included from /Applications/root_v6.14.00/include/TNamed.h:26:
/Applications/root_v6.14.00/include/TString.h:683:72: warning: declaration shadows a variable in namespace 'CLHEP' [-Wshadow]
inline TString &TString::Replace(Ssiz_t pos, Ssiz_t n1, const TString &s,
                                                                       ^
/usr/local/geant4.10.4/include/Geant4/CLHEP/Units/SystemOfUnits.h:149:28: note: previous declaration is here
  static constexpr double  s = second;
                           ^
In file included from /Users/lennertdekeukeleere/Documents/Work/Code/Geant4GarfieldDegradInterface/src/DetectorMessenger.cc:3:
In file included from /Users/lennertdekeukeleere/Documents/Work/Code/Geant4GarfieldDegradInterface/include/DetectorConstruction.hh:5:
In file included from /Users/lennertdekeukeleere/Documents/Work/Code/Geant4GarfieldDegradInterface/include/HeedInterfaceModel.hh:11:
In file included from /Users/lennertdekeukeleere/Documents/Work/Code/Geant4GarfieldDegradInterface/include/HeedModel.hh:15:
In file included from /usr/local/src/garfield/Include/AvalancheMicroscopic.hh:7:
In file included from /Applications/root_v6.14.00/include/TH1.h:24:
In file included from /Applications/root_v6.14.00/include/TAxis.h:24:
In file included from /Applications/root_v6.14.00/include/TNamed.h:26:
/Applications/root_v6.14.00/include/TString.h:747:60: warning: declaration shadows a variable in namespace 'CLHEP' [-Wshadow]
inline TSubString &TSubString::operator=(const TSubString &s)
                                                           ^
/usr/local/geant4.10.4/include/Geant4/CLHEP/Units/SystemOfUnits.h:149:28: note: previous declaration is here
  static constexpr double  s = second;
                           ^
In file included from /Users/lennertdekeukeleere/Documents/Work/Code/Geant4GarfieldDegradInterface/src/DegradModel.cc:8:
In file included from /Users/lennertdekeukeleere/Documents/Work/Code/Geant4GarfieldDegradInterface/include/DegradModel.hh:13:
/Users/lennertdekeukeleere/Documents/Work/Code/Geant4GarfieldDegradInterface/include/GasModelParameters.hh:31:37: warning: declaration shadows a variable in namespace 'CLHEP' [-Wshadow]
    inline void SetGasFile(G4String s) { gasFile = s;};
                                    ^
/usr/local/geant4.10.4/include/Geant4/CLHEP/Units/SystemOfUnits.h:149:28: note: previous declaration is here
  static constexpr double  s = second;
                           ^
In file included from /Users/lennertdekeukeleere/Documents/Work/Code/Geant4GarfieldDegradInterface/src/DegradModel.cc:8:
In file included from /Users/lennertdekeukeleere/Documents/Work/Code/Geant4GarfieldDegradInterface/include/DegradModel.hh:13:
/Users/lennertdekeukeleere/Documents/Work/Code/Geant4GarfieldDegradInterface/include/GasModelParameters.hh:33:45: warning: declaration shadows a variable in namespace 'CLHEP' [-Wshadow]
    inline void SetIonMobilityFile(G4String s) { ionMobFile = s; };
                                            ^
/usr/local/geant4.10.4/include/Geant4/CLHEP/Units/SystemOfUnits.h:149:28: note: previous declaration is here
  static constexpr double  s = second;
                           ^
In file included from /Users/lennertdekeukeleere/Documents/Work/Code/Geant4GarfieldDegradInterface/src/DegradModel.cc:8:
/Users/lennertdekeukeleere/Documents/Work/Code/Geant4GarfieldDegradInterface/include/DegradModel.hh:46:21: warning: unused parameter 'particleName' [-Wunused-parameter]
  void Run(G4String particleName, double ekin_keV, double t, double x_cm,
                    ^
/Users/lennertdekeukeleere/Documents/Work/Code/Geant4GarfieldDegradInterface/include/DegradModel.hh:46:42: warning: unused parameter 'ekin_keV' [-Wunused-parameter]
  void Run(G4String particleName, double ekin_keV, double t, double x_cm,
                                         ^
/Users/lennertdekeukeleere/Documents/Work/Code/Geant4GarfieldDegradInterface/include/DegradModel.hh:46:59: warning: unused parameter 't' [-Wunused-parameter]
  void Run(G4String particleName, double ekin_keV, double t, double x_cm,
                                                          ^
/Users/lennertdekeukeleere/Documents/Work/Code/Geant4GarfieldDegradInterface/include/DegradModel.hh:46:69: warning: unused parameter 'x_cm' [-Wunused-parameter]
  void Run(G4String particleName, double ekin_keV, double t, double x_cm,
                                                                    ^
/Users/lennertdekeukeleere/Documents/Work/Code/Geant4GarfieldDegradInterface/include/DegradModel.hh:47:19: warning: unused parameter 'y_cm' [-Wunused-parameter]
           double y_cm, double z_cm, double dx, double dy, double dz){};
                  ^
/Users/lennertdekeukeleere/Documents/Work/Code/Geant4GarfieldDegradInterface/include/DegradModel.hh:47:32: warning: unused parameter 'z_cm' [-Wunused-parameter]
           double y_cm, double z_cm, double dx, double dy, double dz){};
                               ^
/Users/lennertdekeukeleere/Documents/Work/Code/Geant4GarfieldDegradInterface/include/DegradModel.hh:47:45: warning: unused parameter 'dx' [-Wunused-parameter]
           double y_cm, double z_cm, double dx, double dy, double dz){};
                                            ^
/Users/lennertdekeukeleere/Documents/Work/Code/Geant4GarfieldDegradInterface/include/DegradModel.hh:47:56: warning: unused parameter 'dy' [-Wunused-parameter]
           double y_cm, double z_cm, double dx, double dy, double dz){};
                                                       ^
/Users/lennertdekeukeleere/Documents/Work/Code/Geant4GarfieldDegradInterface/include/DegradModel.hh:47:67: warning: unused parameter 'dz' [-Wunused-parameter]
           double y_cm, double z_cm, double dx, double dy, double dz){};
                                                                  ^
In file included from /Users/lennertdekeukeleere/Documents/Work/Code/Geant4GarfieldDegradInterface/src/DegradModel.cc:14:
In file included from /Users/lennertdekeukeleere/Documents/Work/Code/Geant4GarfieldDegradInterface/include/DetectorConstruction.hh:5:
In file included from /Users/lennertdekeukeleere/Documents/Work/Code/Geant4GarfieldDegradInterface/include/HeedInterfaceModel.hh:11:
In file included from /Users/lennertdekeukeleere/Documents/Work/Code/Geant4GarfieldDegradInterface/include/HeedModel.hh:15:
In file included from /usr/local/src/garfield/Include/AvalancheMicroscopic.hh:7:
In file included from /Applications/root_v6.14.00/include/TH1.h:24:
In file included from /Applications/root_v6.14.00/include/TAxis.h:24:
In file included from /Applications/root_v6.14.00/include/TNamed.h:26:
/Applications/root_v6.14.00/include/TString.h:99:33: warning: declaration shadows a variable in namespace 'CLHEP' [-Wshadow]
   TSubString(const TSubString &s)
                                ^
/usr/local/geant4.10.4/include/Geant4/CLHEP/Units/SystemOfUnits.h:149:28: note: previous declaration is here
  static constexpr double  s = second;
                           ^
In file included from /Users/lennertdekeukeleere/Documents/Work/Code/Geant4GarfieldDegradInterface/src/DegradModel.cc:14:
In file included from /Users/lennertdekeukeleere/Documents/Work/Code/Geant4GarfieldDegradInterface/include/DetectorConstruction.hh:5:
In file included from /Users/lennertdekeukeleere/Documents/Work/Code/Geant4GarfieldDegradInterface/include/HeedInterfaceModel.hh:11:
In file included from /Users/lennertdekeukeleere/Documents/Work/Code/Geant4GarfieldDegradInterface/include/HeedModel.hh:15:
In file included from /usr/local/src/garfield/Include/AvalancheMicroscopic.hh:7:
In file included from /Applications/root_v6.14.00/include/TH1.h:24:
In file included from /Applications/root_v6.14.00/include/TAxis.h:24:
In file included from /Applications/root_v6.14.00/include/TNamed.h:26:
/Applications/root_v6.14.00/include/TString.h:219:32: warning: declaration shadows a variable in namespace 'CLHEP' [-Wshadow]
   static Ssiz_t  Align(Ssiz_t s) { return (s + (kAlignment-1)) & ~(kAlignment-1); }
                               ^
/usr/local/geant4.10.4/include/Geant4/CLHEP/Units/SystemOfUnits.h:149:28: note: previous declaration is here
  static constexpr double  s = second;
                           ^
In file included from /Users/lennertdekeukeleere/Documents/Work/Code/Geant4GarfieldDegradInterface/src/DegradModel.cc:14:
In file included from /Users/lennertdekeukeleere/Documents/Work/Code/Geant4GarfieldDegradInterface/include/DetectorConstruction.hh:5:
In file included from /Users/lennertdekeukeleere/Documents/Work/Code/Geant4GarfieldDegradInterface/include/HeedInterfaceModel.hh:11:
In file included from /Users/lennertdekeukeleere/Documents/Work/Code/Geant4GarfieldDegradInterface/include/HeedModel.hh:15:
In file included from /usr/local/src/garfield/Include/AvalancheMicroscopic.hh:7:
In file included from /Applications/root_v6.14.00/include/TH1.h:24:
In file included from /Applications/root_v6.14.00/include/TAxis.h:24:
In file included from /Applications/root_v6.14.00/include/TNamed.h:26:
/Applications/root_v6.14.00/include/TString.h:220:36: warning: declaration shadows a variable in namespace 'CLHEP' [-Wshadow]
   static Ssiz_t  Recommend(Ssiz_t s) { return (s < kMinCap ? kMinCap : Align(s+1)) - 1; }
                                   ^
/usr/local/geant4.10.4/include/Geant4/CLHEP/Units/SystemOfUnits.h:149:28: note: previous declaration is here
  static constexpr double  s = second;
                           ^
In file included from /Users/lennertdekeukeleere/Documents/Work/Code/Geant4GarfieldDegradInterface/src/DegradModel.cc:14:
In file included from /Users/lennertdekeukeleere/Documents/Work/Code/Geant4GarfieldDegradInterface/include/DetectorConstruction.hh:5:
In file included from /Users/lennertdekeukeleere/Documents/Work/Code/Geant4GarfieldDegradInterface/include/HeedInterfaceModel.hh:11:
In file included from /Users/lennertdekeukeleere/Documents/Work/Code/Geant4GarfieldDegradInterface/include/HeedModel.hh:15:
In file included from /usr/local/src/garfield/Include/AvalancheMicroscopic.hh:7:
In file included from /Applications/root_v6.14.00/include/TH1.h:24:
In file included from /Applications/root_v6.14.00/include/TAxis.h:24:
In file included from /Applications/root_v6.14.00/include/TNamed.h:26:
/Applications/root_v6.14.00/include/TString.h:226:39: warning: declaration shadows a variable in namespace 'CLHEP' [-Wshadow]
   void           SetShortSize(Ssiz_t s) { fRep.fShort.fSize = (unsigned char)(s << 1); }
                                      ^
/usr/local/geant4.10.4/include/Geant4/CLHEP/Units/SystemOfUnits.h:149:28: note: previous declaration is here
  static constexpr double  s = second;
                           ^
In file included from /Users/lennertdekeukeleere/Documents/Work/Code/Geant4GarfieldDegradInterface/src/DegradModel.cc:14:
In file included from /Users/lennertdekeukeleere/Documents/Work/Code/Geant4GarfieldDegradInterface/include/DetectorConstruction.hh:5:
In file included from /Users/lennertdekeukeleere/Documents/Work/Code/Geant4GarfieldDegradInterface/include/HeedInterfaceModel.hh:11:
In file included from /Users/lennertdekeukeleere/Documents/Work/Code/Geant4GarfieldDegradInterface/include/HeedModel.hh:15:
In file included from /usr/local/src/garfield/Include/AvalancheMicroscopic.hh:7:
In file included from /Applications/root_v6.14.00/include/TH1.h:24:
In file included from /Applications/root_v6.14.00/include/TAxis.h:24:
In file included from /Applications/root_v6.14.00/include/TNamed.h:26:
/Applications/root_v6.14.00/include/TString.h:232:38: warning: declaration shadows a variable in namespace 'CLHEP' [-Wshadow]
   void           SetLongSize(Ssiz_t s) { fRep.fLong.fSize = s; }
                                     ^
/usr/local/geant4.10.4/include/Geant4/CLHEP/Units/SystemOfUnits.h:149:28: note: previous declaration is here
  static constexpr double  s = second;
                           ^
In file included from /Users/lennertdekeukeleere/Documents/Work/Code/Geant4GarfieldDegradInterface/src/DegradModel.cc:14:
In file included from /Users/lennertdekeukeleere/Documents/Work/Code/Geant4GarfieldDegradInterface/include/DetectorConstruction.hh:5:
In file included from /Users/lennertdekeukeleere/Documents/Work/Code/Geant4GarfieldDegradInterface/include/HeedInterfaceModel.hh:11:
In file included from /Users/lennertdekeukeleere/Documents/Work/Code/Geant4GarfieldDegradInterface/include/HeedModel.hh:15:
In file included from /usr/local/src/garfield/Include/AvalancheMicroscopic.hh:7:
In file included from /Applications/root_v6.14.00/include/TH1.h:24:
In file included from /Applications/root_v6.14.00/include/TAxis.h:24:
In file included from /Applications/root_v6.14.00/include/TNamed.h:26:
/Applications/root_v6.14.00/include/TString.h:234:34: warning: declaration shadows a variable in namespace 'CLHEP' [-Wshadow]
   void           SetSize(Ssiz_t s) { IsLong() ? SetLongSize(s) : SetShortSize(s); }
                                 ^
/usr/local/geant4.10.4/include/Geant4/CLHEP/Units/SystemOfUnits.h:149:28: note: previous declaration is here
  static constexpr double  s = second;
                           ^
In file included from /Users/lennertdekeukeleere/Documents/Work/Code/Geant4GarfieldDegradInterface/src/DegradModel.cc:14:
In file included from /Users/lennertdekeukeleere/Documents/Work/Code/Geant4GarfieldDegradInterface/include/DetectorConstruction.hh:5:
In file included from /Users/lennertdekeukeleere/Documents/Work/Code/Geant4GarfieldDegradInterface/include/HeedInterfaceModel.hh:11:
In file included from /Users/lennertdekeukeleere/Documents/Work/Code/Geant4GarfieldDegradInterface/include/HeedModel.hh:15:
In file included from /usr/local/src/garfield/Include/AvalancheMicroscopic.hh:7:
In file included from /Applications/root_v6.14.00/include/TH1.h:24:
In file included from /Applications/root_v6.14.00/include/TAxis.h:24:
In file included from /Applications/root_v6.14.00/include/TNamed.h:26:
/Applications/root_v6.14.00/include/TString.h:235:37: warning: declaration shadows a variable in namespace 'CLHEP' [-Wshadow]
   void           SetLongCap(Ssiz_t s) { fRep.fLong.fCap = kLongMask | s; }
                                    ^
/usr/local/geant4.10.4/include/Geant4/CLHEP/Units/SystemOfUnits.h:149:28: note: previous declaration is here
  static constexpr double  s = second;
                           ^
In file included from /Users/lennertdekeukeleere/Documents/Work/Code/Geant4GarfieldDegradInterface/src/DegradModel.cc:14:
In file included from /Users/lennertdekeukeleere/Documents/Work/Code/Geant4GarfieldDegradInterface/include/DetectorConstruction.hh:5:
In file included from /Users/lennertdekeukeleere/Documents/Work/Code/Geant4GarfieldDegradInterface/include/HeedInterfaceModel.hh:11:
In file included from /Users/lennertdekeukeleere/Documents/Work/Code/Geant4GarfieldDegradInterface/include/HeedModel.hh:15:
In file included from /usr/local/src/garfield/Include/AvalancheMicroscopic.hh:7:
In file included from /Applications/root_v6.14.00/include/TH1.h:24:
In file included from /Applications/root_v6.14.00/include/TAxis.h:24:
In file included from /Applications/root_v6.14.00/include/TNamed.h:26:
/Applications/root_v6.14.00/include/TString.h:481:35: warning: declaration shadows a variable in namespace 'CLHEP' [-Wshadow]
inline UInt_t Hash(const TString &s) { return s.Hash(); }
                                  ^
/usr/local/geant4.10.4/include/Geant4/CLHEP/Units/SystemOfUnits.h:149:28: note: previous declaration is here
  static constexpr double  s = second;
                           ^
In file included from /Users/lennertdekeukeleere/Documents/Work/Code/Geant4GarfieldDegradInterface/src/DegradModel.cc:14:
In file included from /Users/lennertdekeukeleere/Documents/Work/Code/Geant4GarfieldDegradInterface/include/DetectorConstruction.hh:5:
In file included from /Users/lennertdekeukeleere/Documents/Work/Code/Geant4GarfieldDegradInterface/include/HeedInterfaceModel.hh:11:
In file included from /Users/lennertdekeukeleere/Documents/Work/Code/Geant4GarfieldDegradInterface/include/HeedModel.hh:15:
In file included from /usr/local/src/garfield/Include/AvalancheMicroscopic.hh:7:
In file included from /Applications/root_v6.14.00/include/TH1.h:24:
In file included from /Applications/root_v6.14.00/include/TAxis.h:24:
In file included from /Applications/root_v6.14.00/include/TNamed.h:26:
/Applications/root_v6.14.00/include/TString.h:482:35: warning: declaration shadows a variable in namespace 'CLHEP' [-Wshadow]
inline UInt_t Hash(const TString *s) { return s->Hash(); }
                                  ^
/usr/local/geant4.10.4/include/Geant4/CLHEP/Units/SystemOfUnits.h:149:28: note: previous declaration is here
  static constexpr double  s = second;
                           ^
In file included from /Users/lennertdekeukeleere/Documents/Work/Code/Geant4GarfieldDegradInterface/src/DegradModel.cc:14:
In file included from /Users/lennertdekeukeleere/Documents/Work/Code/Geant4GarfieldDegradInterface/include/DetectorConstruction.hh:5:
In file included from /Users/lennertdekeukeleere/Documents/Work/Code/Geant4GarfieldDegradInterface/include/HeedInterfaceModel.hh:11:
In file included from /Users/lennertdekeukeleere/Documents/Work/Code/Geant4GarfieldDegradInterface/include/HeedModel.hh:15:
In file included from /usr/local/src/garfield/Include/AvalancheMicroscopic.hh:7:
In file included from /Applications/root_v6.14.00/include/TH1.h:24:
In file included from /Applications/root_v6.14.00/include/TAxis.h:24:
In file included from /Applications/root_v6.14.00/include/TNamed.h:26:
/Applications/root_v6.14.00/include/TString.h:516:19: warning: declaration shadows a variable in namespace 'CLHEP' [-Wshadow]
operator+(TString s, T i)
                  ^
/usr/local/geant4.10.4/include/Geant4/CLHEP/Units/SystemOfUnits.h:149:28: note: previous declaration is here
  static constexpr double  s = second;
                           ^
In file included from /Users/lennertdekeukeleere/Documents/Work/Code/Geant4GarfieldDegradInterface/src/DegradModel.cc:14:
In file included from /Users/lennertdekeukeleere/Documents/Work/Code/Geant4GarfieldDegradInterface/include/DetectorConstruction.hh:5:
In file included from /Users/lennertdekeukeleere/Documents/Work/Code/Geant4GarfieldDegradInterface/include/HeedInterfaceModel.hh:11:
In file included from /Users/lennertdekeukeleere/Documents/Work/Code/Geant4GarfieldDegradInterface/include/HeedModel.hh:15:
In file included from /usr/local/src/garfield/Include/AvalancheMicroscopic.hh:7:
In file included from /Applications/root_v6.14.00/include/TH1.h:24:
In file included from /Applications/root_v6.14.00/include/TAxis.h:24:
In file included from /Applications/root_v6.14.00/include/TNamed.h:26:
/Applications/root_v6.14.00/include/TString.h:521:19: warning: declaration shadows a variable in namespace 'CLHEP' [-Wshadow]
operator+(TString s, T u)
                  ^
/usr/local/geant4.10.4/include/Geant4/CLHEP/Units/SystemOfUnits.h:149:28: note: previous declaration is here
  static constexpr double  s = second;
                           ^
In file included from /Users/lennertdekeukeleere/Documents/Work/Code/Geant4GarfieldDegradInterface/src/DegradModel.cc:14:
In file included from /Users/lennertdekeukeleere/Documents/Work/Code/Geant4GarfieldDegradInterface/include/DetectorConstruction.hh:5:
In file included from /Users/lennertdekeukeleere/Documents/Work/Code/Geant4GarfieldDegradInterface/include/HeedInterfaceModel.hh:11:
In file included from /Users/lennertdekeukeleere/Documents/Work/Code/Geant4GarfieldDegradInterface/include/HeedModel.hh:15:
In file included from /usr/local/src/garfield/Include/AvalancheMicroscopic.hh:7:
In file included from /Applications/root_v6.14.00/include/TH1.h:24:
In file included from /Applications/root_v6.14.00/include/TAxis.h:24:
In file included from /Applications/root_v6.14.00/include/TNamed.h:26:
/Applications/root_v6.14.00/include/TString.h:526:19: warning: declaration shadows a variable in namespace 'CLHEP' [-Wshadow]
operator+(TString s, T f)
                  ^
/usr/local/geant4.10.4/include/Geant4/CLHEP/Units/SystemOfUnits.h:149:28: note: previous declaration is here
  static constexpr double  s = second;
                           ^
In file included from /Users/lennertdekeukeleere/Documents/Work/Code/Geant4GarfieldDegradInterface/src/DegradModel.cc:14:
In file included from /Users/lennertdekeukeleere/Documents/Work/Code/Geant4GarfieldDegradInterface/include/DetectorConstruction.hh:5:
In file included from /Users/lennertdekeukeleere/Documents/Work/Code/Geant4GarfieldDegradInterface/include/HeedInterfaceModel.hh:11:
In file included from /Users/lennertdekeukeleere/Documents/Work/Code/Geant4GarfieldDegradInterface/include/HeedModel.hh:15:
In file included from /usr/local/src/garfield/Include/AvalancheMicroscopic.hh:7:
In file included from /Applications/root_v6.14.00/include/TH1.h:24:
In file included from /Applications/root_v6.14.00/include/TAxis.h:24:
In file included from /Applications/root_v6.14.00/include/TNamed.h:26:
/Applications/root_v6.14.00/include/TString.h:531:31: warning: declaration shadows a variable in namespace 'CLHEP' [-Wshadow]
operator+(T i, const TString &s)
                              ^
/usr/local/geant4.10.4/include/Geant4/CLHEP/Units/SystemOfUnits.h:149:28: note: previous declaration is here
  static constexpr double  s = second;
                           ^
In file included from /Users/lennertdekeukeleere/Documents/Work/Code/Geant4GarfieldDegradInterface/src/DegradModel.cc:14:
In file included from /Users/lennertdekeukeleere/Documents/Work/Code/Geant4GarfieldDegradInterface/include/DetectorConstruction.hh:5:
In file included from /Users/lennertdekeukeleere/Documents/Work/Code/Geant4GarfieldDegradInterface/include/HeedInterfaceModel.hh:11:
In file included from /Users/lennertdekeukeleere/Documents/Work/Code/Geant4GarfieldDegradInterface/include/HeedModel.hh:15:
In file included from /usr/local/src/garfield/Include/AvalancheMicroscopic.hh:7:
In file included from /Applications/root_v6.14.00/include/TH1.h:24:
In file included from /Applications/root_v6.14.00/include/TAxis.h:24:
In file included from /Applications/root_v6.14.00/include/TNamed.h:26:
/Applications/root_v6.14.00/include/TString.h:541:31: warning: declaration shadows a variable in namespace 'CLHEP' [-Wshadow]
operator+(T u, const TString &s)
                              ^
/usr/local/geant4.10.4/include/Geant4/CLHEP/Units/SystemOfUnits.h:149:28: note: previous declaration is here
  static constexpr double  s = second;
                           ^
In file included from /Users/lennertdekeukeleere/Documents/Work/Code/Geant4GarfieldDegradInterface/src/DegradModel.cc:14:
In file included from /Users/lennertdekeukeleere/Documents/Work/Code/Geant4GarfieldDegradInterface/include/DetectorConstruction.hh:5:
In file included from /Users/lennertdekeukeleere/Documents/Work/Code/Geant4GarfieldDegradInterface/include/HeedInterfaceModel.hh:11:
In file included from /Users/lennertdekeukeleere/Documents/Work/Code/Geant4GarfieldDegradInterface/include/HeedModel.hh:15:
In file included from /usr/local/src/garfield/Include/AvalancheMicroscopic.hh:7:
In file included from /Applications/root_v6.14.00/include/TH1.h:24:
In file included from /Applications/root_v6.14.00/include/TAxis.h:24:
In file included from /Applications/root_v6.14.00/include/TNamed.h:26:
/Applications/root_v6.14.00/include/TString.h:551:31: warning: declaration shadows a variable in namespace 'CLHEP' [-Wshadow]
operator+(T f, const TString &s)
                              ^
/usr/local/geant4.10.4/include/Geant4/CLHEP/Units/SystemOfUnits.h:149:28: note: previous declaration is here
  static constexpr double  s = second;
                           ^
In file included from /Users/lennertdekeukeleere/Documents/Work/Code/Geant4GarfieldDegradInterface/src/DegradModel.cc:14:
In file included from /Users/lennertdekeukeleere/Documents/Work/Code/Geant4GarfieldDegradInterface/include/DetectorConstruction.hh:5:
In file included from /Users/lennertdekeukeleere/Documents/Work/Code/Geant4GarfieldDegradInterface/include/HeedInterfaceModel.hh:11:
In file included from /Users/lennertdekeukeleere/Documents/Work/Code/Geant4GarfieldDegradInterface/include/HeedModel.hh:15:
In file included from /usr/local/src/garfield/Include/AvalancheMicroscopic.hh:7:
In file included from /Applications/root_v6.14.00/include/TH1.h:24:
In file included from /Applications/root_v6.14.00/include/TAxis.h:24:
In file included from /Applications/root_v6.14.00/include/TNamed.h:26:
/Applications/root_v6.14.00/include/TString.h:565:48: warning: declaration shadows a variable in namespace 'CLHEP' [-Wshadow]
inline TString &TString::Append(const TString &s)
                                               ^
/usr/local/geant4.10.4/include/Geant4/CLHEP/Units/SystemOfUnits.h:149:28: note: previous declaration is here
  static constexpr double  s = second;
                           ^
In file included from /Users/lennertdekeukeleere/Documents/Work/Code/Geant4GarfieldDegradInterface/src/DegradModel.cc:14:
In file included from /Users/lennertdekeukeleere/Documents/Work/Code/Geant4GarfieldDegradInterface/include/DetectorConstruction.hh:5:
In file included from /Users/lennertdekeukeleere/Documents/Work/Code/Geant4GarfieldDegradInterface/include/HeedInterfaceModel.hh:11:
In file included from /Users/lennertdekeukeleere/Documents/Work/Code/Geant4GarfieldDegradInterface/include/HeedModel.hh:15:
In file included from /usr/local/src/garfield/Include/AvalancheMicroscopic.hh:7:
In file included from /Applications/root_v6.14.00/include/TH1.h:24:
In file included from /Applications/root_v6.14.00/include/TAxis.h:24:
In file included from /Applications/root_v6.14.00/include/TNamed.h:26:
/Applications/root_v6.14.00/include/TString.h:568:48: warning: declaration shadows a variable in namespace 'CLHEP' [-Wshadow]
inline TString &TString::Append(const TString &s, Ssiz_t n)
                                               ^
/usr/local/geant4.10.4/include/Geant4/CLHEP/Units/SystemOfUnits.h:149:28: note: previous declaration is here
  static constexpr double  s = second;
                           ^
In file included from /Users/lennertdekeukeleere/Documents/Work/Code/Geant4GarfieldDegradInterface/src/DegradModel.cc:14:
In file included from /Users/lennertdekeukeleere/Documents/Work/Code/Geant4GarfieldDegradInterface/include/DetectorConstruction.hh:5:
In file included from /Users/lennertdekeukeleere/Documents/Work/Code/Geant4GarfieldDegradInterface/include/HeedInterfaceModel.hh:11:
In file included from /Users/lennertdekeukeleere/Documents/Work/Code/Geant4GarfieldDegradInterface/include/HeedModel.hh:15:
In file included from /usr/local/src/garfield/Include/AvalancheMicroscopic.hh:7:
In file included from /Applications/root_v6.14.00/include/TH1.h:24:
In file included from /Applications/root_v6.14.00/include/TAxis.h:24:
In file included from /Applications/root_v6.14.00/include/TNamed.h:26:
/Applications/root_v6.14.00/include/TString.h:574:52: warning: declaration shadows a variable in namespace 'CLHEP' [-Wshadow]
inline TString &TString::operator+=(const TString &s)
                                                   ^
/usr/local/geant4.10.4/include/Geant4/CLHEP/Units/SystemOfUnits.h:149:28: note: previous declaration is here
  static constexpr double  s = second;
                           ^
In file included from /Users/lennertdekeukeleere/Documents/Work/Code/Geant4GarfieldDegradInterface/src/DegradModel.cc:14:
In file included from /Users/lennertdekeukeleere/Documents/Work/Code/Geant4GarfieldDegradInterface/include/DetectorConstruction.hh:5:
In file included from /Users/lennertdekeukeleere/Documents/Work/Code/Geant4GarfieldDegradInterface/include/HeedInterfaceModel.hh:11:
In file included from /Users/lennertdekeukeleere/Documents/Work/Code/Geant4GarfieldDegradInterface/include/HeedModel.hh:15:
In file included from /usr/local/src/garfield/Include/AvalancheMicroscopic.hh:7:
In file included from /Applications/root_v6.14.00/include/TH1.h:24:
In file included from /Applications/root_v6.14.00/include/TAxis.h:24:
In file included from /Applications/root_v6.14.00/include/TNamed.h:26:
/Applications/root_v6.14.00/include/TString.h:610:47: warning: declaration shadows a variable in namespace 'CLHEP' [-Wshadow]
inline Bool_t TString::BeginsWith(const char *s, ECaseCompare cmp) const
                                              ^
/usr/local/geant4.10.4/include/Geant4/CLHEP/Units/SystemOfUnits.h:149:28: note: previous declaration is here
  static constexpr double  s = second;
                           ^
In file included from /Users/lennertdekeukeleere/Documents/Work/Code/Geant4GarfieldDegradInterface/src/DegradModel.cc:14:
In file included from /Users/lennertdekeukeleere/Documents/Work/Code/Geant4GarfieldDegradInterface/include/DetectorConstruction.hh:5:
In file included from /Users/lennertdekeukeleere/Documents/Work/Code/Geant4GarfieldDegradInterface/include/HeedInterfaceModel.hh:11:
In file included from /Users/lennertdekeukeleere/Documents/Work/Code/Geant4GarfieldDegradInterface/include/HeedModel.hh:15:
In file included from /usr/local/src/garfield/Include/AvalancheMicroscopic.hh:7:
In file included from /Applications/root_v6.14.00/include/TH1.h:24:
In file included from /Applications/root_v6.14.00/include/TAxis.h:24:
In file included from /Applications/root_v6.14.00/include/TNamed.h:26:
/Applications/root_v6.14.00/include/TString.h:619:45: warning: declaration shadows a variable in namespace 'CLHEP' [-Wshadow]
inline Bool_t TString::Contains(const char *s, ECaseCompare cmp) const
                                            ^
/usr/local/geant4.10.4/include/Geant4/CLHEP/Units/SystemOfUnits.h:149:28: note: previous declaration is here
  static constexpr double  s = second;
                           ^
In file included from /Users/lennertdekeukeleere/Documents/Work/Code/Geant4GarfieldDegradInterface/src/DegradModel.cc:14:
In file included from /Users/lennertdekeukeleere/Documents/Work/Code/Geant4GarfieldDegradInterface/include/DetectorConstruction.hh:5:
In file included from /Users/lennertdekeukeleere/Documents/Work/Code/Geant4GarfieldDegradInterface/include/HeedInterfaceModel.hh:11:
In file included from /Users/lennertdekeukeleere/Documents/Work/Code/Geant4GarfieldDegradInterface/include/HeedModel.hh:15:
In file included from /usr/local/src/garfield/Include/AvalancheMicroscopic.hh:7:
In file included from /Applications/root_v6.14.00/include/TH1.h:24:
In file included from /Applications/root_v6.14.00/include/TAxis.h:24:
In file included from /Applications/root_v6.14.00/include/TNamed.h:26:
/Applications/root_v6.14.00/include/TString.h:634:42: warning: declaration shadows a variable in namespace 'CLHEP' [-Wshadow]
inline Ssiz_t TString::Index(const char *s, Ssiz_t i, ECaseCompare cmp) const
                                         ^
/usr/local/geant4.10.4/include/Geant4/CLHEP/Units/SystemOfUnits.h:149:28: note: previous declaration is here
  static constexpr double  s = second;
                           ^
In file included from /Users/lennertdekeukeleere/Documents/Work/Code/Geant4GarfieldDegradInterface/src/DegradModel.cc:14:
In file included from /Users/lennertdekeukeleere/Documents/Work/Code/Geant4GarfieldDegradInterface/include/DetectorConstruction.hh:5:
In file included from /Users/lennertdekeukeleere/Documents/Work/Code/Geant4GarfieldDegradInterface/include/HeedInterfaceModel.hh:11:
In file included from /Users/lennertdekeukeleere/Documents/Work/Code/Geant4GarfieldDegradInterface/include/HeedModel.hh:15:
In file included from /usr/local/src/garfield/Include/AvalancheMicroscopic.hh:7:
In file included from /Applications/root_v6.14.00/include/TH1.h:24:
In file included from /Applications/root_v6.14.00/include/TAxis.h:24:
In file included from /Applications/root_v6.14.00/include/TNamed.h:26:
/Applications/root_v6.14.00/include/TString.h:637:45: warning: declaration shadows a variable in namespace 'CLHEP' [-Wshadow]
inline Ssiz_t TString::Index(const TString &s, Ssiz_t i, ECaseCompare cmp) const
                                            ^
/usr/local/geant4.10.4/include/Geant4/CLHEP/Units/SystemOfUnits.h:149:28: note: previous declaration is here
  static constexpr double  s = second;
                           ^
In file included from /Users/lennertdekeukeleere/Documents/Work/Code/Geant4GarfieldDegradInterface/src/DegradModel.cc:14:
In file included from /Users/lennertdekeukeleere/Documents/Work/Code/Geant4GarfieldDegradInterface/include/DetectorConstruction.hh:5:
In file included from /Users/lennertdekeukeleere/Documents/Work/Code/Geant4GarfieldDegradInterface/include/HeedInterfaceModel.hh:11:
In file included from /Users/lennertdekeukeleere/Documents/Work/Code/Geant4GarfieldDegradInterface/include/HeedModel.hh:15:
In file included from /usr/local/src/garfield/Include/AvalancheMicroscopic.hh:7:
In file included from /Applications/root_v6.14.00/include/TH1.h:24:
In file included from /Applications/root_v6.14.00/include/TAxis.h:24:
In file included from /Applications/root_v6.14.00/include/TNamed.h:26:
/Applications/root_v6.14.00/include/TString.h:650:60: warning: declaration shadows a variable in namespace 'CLHEP' [-Wshadow]
inline TString &TString::Insert(Ssiz_t pos, const TString &s)
                                                           ^
/usr/local/geant4.10.4/include/Geant4/CLHEP/Units/SystemOfUnits.h:149:28: note: previous declaration is here
  static constexpr double  s = second;
                           ^
In file included from /Users/lennertdekeukeleere/Documents/Work/Code/Geant4GarfieldDegradInterface/src/DegradModel.cc:14:
In file included from /Users/lennertdekeukeleere/Documents/Work/Code/Geant4GarfieldDegradInterface/include/DetectorConstruction.hh:5:
In file included from /Users/lennertdekeukeleere/Documents/Work/Code/Geant4GarfieldDegradInterface/include/HeedInterfaceModel.hh:11:
In file included from /Users/lennertdekeukeleere/Documents/Work/Code/Geant4GarfieldDegradInterface/include/HeedModel.hh:15:
In file included from /usr/local/src/garfield/Include/AvalancheMicroscopic.hh:7:
In file included from /Applications/root_v6.14.00/include/TH1.h:24:
In file included from /Applications/root_v6.14.00/include/TAxis.h:24:
In file included from /Applications/root_v6.14.00/include/TNamed.h:26:
/Applications/root_v6.14.00/include/TString.h:653:60: warning: declaration shadows a variable in namespace 'CLHEP' [-Wshadow]
inline TString &TString::Insert(Ssiz_t pos, const TString &s, Ssiz_t n)
                                                           ^
/usr/local/geant4.10.4/include/Geant4/CLHEP/Units/SystemOfUnits.h:149:28: note: previous declaration is here
  static constexpr double  s = second;
                           ^
In file included from /Users/lennertdekeukeleere/Documents/Work/Code/Geant4GarfieldDegradInterface/src/DegradModel.cc:14:
In file included from /Users/lennertdekeukeleere/Documents/Work/Code/Geant4GarfieldDegradInterface/include/DetectorConstruction.hh:5:
In file included from /Users/lennertdekeukeleere/Documents/Work/Code/Geant4GarfieldDegradInterface/include/HeedInterfaceModel.hh:11:
In file included from /Users/lennertdekeukeleere/Documents/Work/Code/Geant4GarfieldDegradInterface/include/HeedModel.hh:15:
In file included from /usr/local/src/garfield/Include/AvalancheMicroscopic.hh:7:
In file included from /Applications/root_v6.14.00/include/TH1.h:24:
In file included from /Applications/root_v6.14.00/include/TAxis.h:24:
In file included from /Applications/root_v6.14.00/include/TNamed.h:26:
/Applications/root_v6.14.00/include/TString.h:662:49: warning: declaration shadows a variable in namespace 'CLHEP' [-Wshadow]
inline TString &TString::Prepend(const TString &s)
                                                ^
/usr/local/geant4.10.4/include/Geant4/CLHEP/Units/SystemOfUnits.h:149:28: note: previous declaration is here
  static constexpr double  s = second;
                           ^
In file included from /Users/lennertdekeukeleere/Documents/Work/Code/Geant4GarfieldDegradInterface/src/DegradModel.cc:14:
In file included from /Users/lennertdekeukeleere/Documents/Work/Code/Geant4GarfieldDegradInterface/include/DetectorConstruction.hh:5:
In file included from /Users/lennertdekeukeleere/Documents/Work/Code/Geant4GarfieldDegradInterface/include/HeedInterfaceModel.hh:11:
In file included from /Users/lennertdekeukeleere/Documents/Work/Code/Geant4GarfieldDegradInterface/include/HeedModel.hh:15:
In file included from /usr/local/src/garfield/Include/AvalancheMicroscopic.hh:7:
In file included from /Applications/root_v6.14.00/include/TH1.h:24:
In file included from /Applications/root_v6.14.00/include/TAxis.h:24:
In file included from /Applications/root_v6.14.00/include/TNamed.h:26:
/Applications/root_v6.14.00/include/TString.h:665:49: warning: declaration shadows a variable in namespace 'CLHEP' [-Wshadow]
inline TString &TString::Prepend(const TString &s, Ssiz_t n)
                                                ^
/usr/local/geant4.10.4/include/Geant4/CLHEP/Units/SystemOfUnits.h:149:28: note: previous declaration is here
  static constexpr double  s = second;
                           ^
In file included from /Users/lennertdekeukeleere/Documents/Work/Code/Geant4GarfieldDegradInterface/src/DegradModel.cc:14:
In file included from /Users/lennertdekeukeleere/Documents/Work/Code/Geant4GarfieldDegradInterface/include/DetectorConstruction.hh:5:
In file included from /Users/lennertdekeukeleere/Documents/Work/Code/Geant4GarfieldDegradInterface/include/HeedInterfaceModel.hh:11:
In file included from /Users/lennertdekeukeleere/Documents/Work/Code/Geant4GarfieldDegradInterface/include/HeedModel.hh:15:
In file included from /usr/local/src/garfield/Include/AvalancheMicroscopic.hh:7:
In file included from /Applications/root_v6.14.00/include/TH1.h:24:
In file included from /Applications/root_v6.14.00/include/TAxis.h:24:
In file included from /Applications/root_v6.14.00/include/TNamed.h:26:
/Applications/root_v6.14.00/include/TString.h:680:71: warning: declaration shadows a variable in namespace 'CLHEP' [-Wshadow]
inline TString &TString::Replace(Ssiz_t pos, Ssiz_t n, const TString& s)
                                                                      ^
/usr/local/geant4.10.4/include/Geant4/CLHEP/Units/SystemOfUnits.h:149:28: note: previous declaration is here
  static constexpr double  s = second;
                           ^
In file included from /Users/lennertdekeukeleere/Documents/Work/Code/Geant4GarfieldDegradInterface/src/DegradModel.cc:14:
In file included from /Users/lennertdekeukeleere/Documents/Work/Code/Geant4GarfieldDegradInterface/include/DetectorConstruction.hh:5:
In file included from /Users/lennertdekeukeleere/Documents/Work/Code/Geant4GarfieldDegradInterface/include/HeedInterfaceModel.hh:11:
In file included from /Users/lennertdekeukeleere/Documents/Work/Code/Geant4GarfieldDegradInterface/include/HeedModel.hh:15:
In file included from /usr/local/src/garfield/Include/AvalancheMicroscopic.hh:7:
In file included from /Applications/root_v6.14.00/include/TH1.h:24:
In file included from /Applications/root_v6.14.00/include/TAxis.h:24:
In file included from /Applications/root_v6.14.00/include/TNamed.h:26:
/Applications/root_v6.14.00/include/TString.h:683:72: warning: declaration shadows a variable in namespace 'CLHEP' [-Wshadow]
inline TString &TString::Replace(Ssiz_t pos, Ssiz_t n1, const TString &s,
                                                                       ^
/usr/local/geant4.10.4/include/Geant4/CLHEP/Units/SystemOfUnits.h:149:28: note: previous declaration is here
  static constexpr double  s = second;
                           ^
In file included from /Users/lennertdekeukeleere/Documents/Work/Code/Geant4GarfieldDegradInterface/src/DegradModel.cc:14:
In file included from /Users/lennertdekeukeleere/Documents/Work/Code/Geant4GarfieldDegradInterface/include/DetectorConstruction.hh:5:
In file included from /Users/lennertdekeukeleere/Documents/Work/Code/Geant4GarfieldDegradInterface/include/HeedInterfaceModel.hh:11:
In file included from /Users/lennertdekeukeleere/Documents/Work/Code/Geant4GarfieldDegradInterface/include/HeedModel.hh:15:
In file included from /usr/local/src/garfield/Include/AvalancheMicroscopic.hh:7:
In file included from /Applications/root_v6.14.00/include/TH1.h:24:
In file included from /Applications/root_v6.14.00/include/TAxis.h:24:
In file included from /Applications/root_v6.14.00/include/TNamed.h:26:
/Applications/root_v6.14.00/include/TString.h:747:60: warning: declaration shadows a variable in namespace 'CLHEP' [-Wshadow]
inline TSubString &TSubString::operator=(const TSubString &s)
                                                           ^
/usr/local/geant4.10.4/include/Geant4/CLHEP/Units/SystemOfUnits.h:149:28: note: previous declaration is here
  static constexpr double  s = second;
                           ^
In file included from /Users/lennertdekeukeleere/Documents/Work/Code/Geant4GarfieldDegradInterface/src/DetectorMessenger.cc:3:
In file included from /Users/lennertdekeukeleere/Documents/Work/Code/Geant4GarfieldDegradInterface/include/DetectorConstruction.hh:5:
In file included from /Users/lennertdekeukeleere/Documents/Work/Code/Geant4GarfieldDegradInterface/include/HeedInterfaceModel.hh:11:
In file included from /Users/lennertdekeukeleere/Documents/Work/Code/Geant4GarfieldDegradInterface/include/HeedModel.hh:22:
In file included from /usr/local/src/garfield/Include/ViewField.hh:5:
In file included from /Applications/root_v6.14.00/include/TF2.h:26:
In file included from /Applications/root_v6.14.00/include/TF1.h:31:
In file included from /Applications/root_v6.14.00/include/TROOT.h:28:
In file included from /Applications/root_v6.14.00/include/TDirectory.h:24:
/Applications/root_v6.14.00/include/TBuffer.h:287:51: warning: declaration shadows a variable in namespace 'CLHEP' [-Wshadow]
   virtual inline void ReadStdString(std::string &s) { ReadStdString(&s); }
                                                  ^
/usr/local/geant4.10.4/include/Geant4/CLHEP/Units/SystemOfUnits.h:149:28: note: previous declaration is here
  static constexpr double  s = second;
                           ^
In file included from /Users/lennertdekeukeleere/Documents/Work/Code/Geant4GarfieldDegradInterface/src/DetectorMessenger.cc:3:
In file included from /Users/lennertdekeukeleere/Documents/Work/Code/Geant4GarfieldDegradInterface/include/DetectorConstruction.hh:5:
In file included from /Users/lennertdekeukeleere/Documents/Work/Code/Geant4GarfieldDegradInterface/include/HeedInterfaceModel.hh:11:
In file included from /Users/lennertdekeukeleere/Documents/Work/Code/Geant4GarfieldDegradInterface/include/HeedModel.hh:22:
In file included from /usr/local/src/garfield/Include/ViewField.hh:5:
In file included from /Applications/root_v6.14.00/include/TF2.h:26:
In file included from /Applications/root_v6.14.00/include/TF1.h:31:
In file included from /Applications/root_v6.14.00/include/TROOT.h:28:
In file included from /Applications/root_v6.14.00/include/TDirectory.h:24:
/Applications/root_v6.14.00/include/TBuffer.h:307:52: warning: declaration shadows a variable in namespace 'CLHEP' [-Wshadow]
   virtual inline void WriteStdString(std::string &s) { WriteStdString(&s); }
                                                   ^
/usr/local/geant4.10.4/include/Geant4/CLHEP/Units/SystemOfUnits.h:149:28: note: previous declaration is here
  static constexpr double  s = second;
                           ^
In file included from /Users/lennertdekeukeleere/Documents/Work/Code/Geant4GarfieldDegradInterface/src/DetectorMessenger.cc:3:
In file included from /Users/lennertdekeukeleere/Documents/Work/Code/Geant4GarfieldDegradInterface/include/DetectorConstruction.hh:5:
In file included from /Users/lennertdekeukeleere/Documents/Work/Code/Geant4GarfieldDegradInterface/include/HeedInterfaceModel.hh:11:
In file included from /Users/lennertdekeukeleere/Documents/Work/Code/Geant4GarfieldDegradInterface/include/HeedModel.hh:22:
In file included from /usr/local/src/garfield/Include/ViewField.hh:5:
In file included from /Applications/root_v6.14.00/include/TF2.h:26:
In file included from /Applications/root_v6.14.00/include/TF1.h:31:
In file included from /Applications/root_v6.14.00/include/TROOT.h:28:
In file included from /Applications/root_v6.14.00/include/TDirectory.h:24:
/Applications/root_v6.14.00/include/TBuffer.h:343:51: warning: declaration shadows a variable in namespace 'CLHEP' [-Wshadow]
inline TBuffer &operator>>(TBuffer &buf, Short_t &s)  { buf.ReadShort(s);  return buf; }
                                                  ^
/usr/local/geant4.10.4/include/Geant4/CLHEP/Units/SystemOfUnits.h:149:28: note: previous declaration is here
  static constexpr double  s = second;
                           ^
In file included from /Users/lennertdekeukeleere/Documents/Work/Code/Geant4GarfieldDegradInterface/src/DetectorMessenger.cc:3:
In file included from /Users/lennertdekeukeleere/Documents/Work/Code/Geant4GarfieldDegradInterface/include/DetectorConstruction.hh:5:
In file included from /Users/lennertdekeukeleere/Documents/Work/Code/Geant4GarfieldDegradInterface/include/HeedInterfaceModel.hh:11:
In file included from /Users/lennertdekeukeleere/Documents/Work/Code/Geant4GarfieldDegradInterface/include/HeedModel.hh:22:
In file included from /usr/local/src/garfield/Include/ViewField.hh:5:
In file included from /Applications/root_v6.14.00/include/TF2.h:26:
In file included from /Applications/root_v6.14.00/include/TF1.h:31:
In file included from /Applications/root_v6.14.00/include/TROOT.h:28:
In file included from /Applications/root_v6.14.00/include/TDirectory.h:24:
/Applications/root_v6.14.00/include/TBuffer.h:344:52: warning: declaration shadows a variable in namespace 'CLHEP' [-Wshadow]
inline TBuffer &operator>>(TBuffer &buf, UShort_t &s) { buf.ReadUShort(s); return buf; }
                                                   ^
/usr/local/geant4.10.4/include/Geant4/CLHEP/Units/SystemOfUnits.h:149:28: note: previous declaration is here
  static constexpr double  s = second;
                           ^
In file included from /Users/lennertdekeukeleere/Documents/Work/Code/Geant4GarfieldDegradInterface/src/DetectorMessenger.cc:3:
In file included from /Users/lennertdekeukeleere/Documents/Work/Code/Geant4GarfieldDegradInterface/include/DetectorConstruction.hh:5:
In file included from /Users/lennertdekeukeleere/Documents/Work/Code/Geant4GarfieldDegradInterface/include/HeedInterfaceModel.hh:11:
In file included from /Users/lennertdekeukeleere/Documents/Work/Code/Geant4GarfieldDegradInterface/include/HeedModel.hh:22:
In file included from /usr/local/src/garfield/Include/ViewField.hh:5:
In file included from /Applications/root_v6.14.00/include/TF2.h:26:
In file included from /Applications/root_v6.14.00/include/TF1.h:31:
In file included from /Applications/root_v6.14.00/include/TROOT.h:28:
In file included from /Applications/root_v6.14.00/include/TDirectory.h:24:
/Applications/root_v6.14.00/include/TBuffer.h:354:51: warning: declaration shadows a variable in namespace 'CLHEP' [-Wshadow]
inline TBuffer &operator>>(TBuffer &buf, TString &s)  { buf.ReadTString(s);return buf; }
                                                  ^
/usr/local/geant4.10.4/include/Geant4/CLHEP/Units/SystemOfUnits.h:149:28: note: previous declaration is here
  static constexpr double  s = second;
                           ^
In file included from /Users/lennertdekeukeleere/Documents/Work/Code/Geant4GarfieldDegradInterface/src/DetectorMessenger.cc:3:
In file included from /Users/lennertdekeukeleere/Documents/Work/Code/Geant4GarfieldDegradInterface/include/DetectorConstruction.hh:5:
In file included from /Users/lennertdekeukeleere/Documents/Work/Code/Geant4GarfieldDegradInterface/include/HeedInterfaceModel.hh:11:
In file included from /Users/lennertdekeukeleere/Documents/Work/Code/Geant4GarfieldDegradInterface/include/HeedModel.hh:22:
In file included from /usr/local/src/garfield/Include/ViewField.hh:5:
In file included from /Applications/root_v6.14.00/include/TF2.h:26:
In file included from /Applications/root_v6.14.00/include/TF1.h:31:
In file included from /Applications/root_v6.14.00/include/TROOT.h:28:
In file included from /Applications/root_v6.14.00/include/TDirectory.h:24:
/Applications/root_v6.14.00/include/TBuffer.h:359:50: warning: declaration shadows a variable in namespace 'CLHEP' [-Wshadow]
inline TBuffer &operator<<(TBuffer &buf, Short_t s)  { buf.WriteShort(s);  return buf; }
                                                 ^
/usr/local/geant4.10.4/include/Geant4/CLHEP/Units/SystemOfUnits.h:149:28: note: previous declaration is here
  static constexpr double  s = second;
                           ^
In file included from /Users/lennertdekeukeleere/Documents/Work/Code/Geant4GarfieldDegradInterface/src/DetectorMessenger.cc:3:
In file included from /Users/lennertdekeukeleere/Documents/Work/Code/Geant4GarfieldDegradInterface/include/DetectorConstruction.hh:5:
In file included from /Users/lennertdekeukeleere/Documents/Work/Code/Geant4GarfieldDegradInterface/include/HeedInterfaceModel.hh:11:
In file included from /Users/lennertdekeukeleere/Documents/Work/Code/Geant4GarfieldDegradInterface/include/HeedModel.hh:22:
In file included from /usr/local/src/garfield/Include/ViewField.hh:5:
In file included from /Applications/root_v6.14.00/include/TF2.h:26:
In file included from /Applications/root_v6.14.00/include/TF1.h:31:
In file included from /Applications/root_v6.14.00/include/TROOT.h:28:
In file included from /Applications/root_v6.14.00/include/TDirectory.h:24:
/Applications/root_v6.14.00/include/TBuffer.h:360:51: warning: declaration shadows a variable in namespace 'CLHEP' [-Wshadow]
inline TBuffer &operator<<(TBuffer &buf, UShort_t s) { buf.WriteUShort(s); return buf; }
                                                  ^
/usr/local/geant4.10.4/include/Geant4/CLHEP/Units/SystemOfUnits.h:149:28: note: previous declaration is here
  static constexpr double  s = second;
                           ^
In file included from /Users/lennertdekeukeleere/Documents/Work/Code/Geant4GarfieldDegradInterface/src/DetectorMessenger.cc:3:
In file included from /Users/lennertdekeukeleere/Documents/Work/Code/Geant4GarfieldDegradInterface/include/DetectorConstruction.hh:5:
In file included from /Users/lennertdekeukeleere/Documents/Work/Code/Geant4GarfieldDegradInterface/include/HeedInterfaceModel.hh:11:
In file included from /Users/lennertdekeukeleere/Documents/Work/Code/Geant4GarfieldDegradInterface/include/HeedModel.hh:22:
In file included from /usr/local/src/garfield/Include/ViewField.hh:5:
In file included from /Applications/root_v6.14.00/include/TF2.h:26:
In file included from /Applications/root_v6.14.00/include/TF1.h:31:
In file included from /Applications/root_v6.14.00/include/TROOT.h:28:
In file included from /Applications/root_v6.14.00/include/TDirectory.h:24:
/Applications/root_v6.14.00/include/TBuffer.h:370:57: warning: declaration shadows a variable in namespace 'CLHEP' [-Wshadow]
inline TBuffer &operator<<(TBuffer &buf, const TString &s) { buf.WriteTString(s);return buf; }
                                                        ^
/usr/local/geant4.10.4/include/Geant4/CLHEP/Units/SystemOfUnits.h:149:28: note: previous declaration is here
  static constexpr double  s = second;
                           ^
In file included from /Users/lennertdekeukeleere/Documents/Work/Code/Geant4GarfieldDegradInterface/src/DegradModel.cc:14:
In file included from /Users/lennertdekeukeleere/Documents/Work/Code/Geant4GarfieldDegradInterface/include/DetectorConstruction.hh:5:
In file included from /Users/lennertdekeukeleere/Documents/Work/Code/Geant4GarfieldDegradInterface/include/HeedInterfaceModel.hh:11:
In file included from /Users/lennertdekeukeleere/Documents/Work/Code/Geant4GarfieldDegradInterface/include/HeedModel.hh:22:
In file included from /usr/local/src/garfield/Include/ViewField.hh:5:
In file included from /Applications/root_v6.14.00/include/TF2.h:26:
In file included from /Applications/root_v6.14.00/include/TF1.h:31:
In file included from /Applications/root_v6.14.00/include/TROOT.h:28:
In file included from /Applications/root_v6.14.00/include/TDirectory.h:24:
/Applications/root_v6.14.00/include/TBuffer.h:287:51: warning: declaration shadows a variable in namespace 'CLHEP' [-Wshadow]
   virtual inline void ReadStdString(std::string &s) { ReadStdString(&s); }
                                                  ^
/usr/local/geant4.10.4/include/Geant4/CLHEP/Units/SystemOfUnits.h:149:28: note: previous declaration is here
  static constexpr double  s = second;
                           ^
In file included from /Users/lennertdekeukeleere/Documents/Work/Code/Geant4GarfieldDegradInterface/src/DegradModel.cc:14:
In file included from /Users/lennertdekeukeleere/Documents/Work/Code/Geant4GarfieldDegradInterface/include/DetectorConstruction.hh:5:
In file included from /Users/lennertdekeukeleere/Documents/Work/Code/Geant4GarfieldDegradInterface/include/HeedInterfaceModel.hh:11:
In file included from /Users/lennertdekeukeleere/Documents/Work/Code/Geant4GarfieldDegradInterface/include/HeedModel.hh:22:
In file included from /usr/local/src/garfield/Include/ViewField.hh:5:
In file included from /Applications/root_v6.14.00/include/TF2.h:26:
In file included from /Applications/root_v6.14.00/include/TF1.h:31:
In file included from /Applications/root_v6.14.00/include/TROOT.h:28:
In file included from /Applications/root_v6.14.00/include/TDirectory.h:24:
/Applications/root_v6.14.00/include/TBuffer.h:307:52: warning: declaration shadows a variable in namespace 'CLHEP' [-Wshadow]
   virtual inline void WriteStdString(std::string &s) { WriteStdString(&s); }
                                                   ^
/usr/local/geant4.10.4/include/Geant4/CLHEP/Units/SystemOfUnits.h:149:28: note: previous declaration is here
  static constexpr double  s = second;
                           ^
In file included from /Users/lennertdekeukeleere/Documents/Work/Code/Geant4GarfieldDegradInterface/src/DegradModel.cc:14:
In file included from /Users/lennertdekeukeleere/Documents/Work/Code/Geant4GarfieldDegradInterface/include/DetectorConstruction.hh:5:
In file included from /Users/lennertdekeukeleere/Documents/Work/Code/Geant4GarfieldDegradInterface/include/HeedInterfaceModel.hh:11:
In file included from /Users/lennertdekeukeleere/Documents/Work/Code/Geant4GarfieldDegradInterface/include/HeedModel.hh:22:
In file included from /usr/local/src/garfield/Include/ViewField.hh:5:
In file included from /Applications/root_v6.14.00/include/TF2.h:26:
In file included from /Applications/root_v6.14.00/include/TF1.h:31:
In file included from /Applications/root_v6.14.00/include/TROOT.h:28:
In file included from /Applications/root_v6.14.00/include/TDirectory.h:24:
/Applications/root_v6.14.00/include/TBuffer.h:343:51: warning: declaration shadows a variable in namespace 'CLHEP' [-Wshadow]
inline TBuffer &operator>>(TBuffer &buf, Short_t &s)  { buf.ReadShort(s);  return buf; }
                                                  ^
/usr/local/geant4.10.4/include/Geant4/CLHEP/Units/SystemOfUnits.h:149:28: note: previous declaration is here
  static constexpr double  s = second;
                           ^
In file included from /Users/lennertdekeukeleere/Documents/Work/Code/Geant4GarfieldDegradInterface/src/DegradModel.cc:14:
In file included from /Users/lennertdekeukeleere/Documents/Work/Code/Geant4GarfieldDegradInterface/include/DetectorConstruction.hh:5:
In file included from /Users/lennertdekeukeleere/Documents/Work/Code/Geant4GarfieldDegradInterface/include/HeedInterfaceModel.hh:11:
In file included from /Users/lennertdekeukeleere/Documents/Work/Code/Geant4GarfieldDegradInterface/include/HeedModel.hh:22:
In file included from /usr/local/src/garfield/Include/ViewField.hh:5:
In file included from /Applications/root_v6.14.00/include/TF2.h:26:
In file included from /Applications/root_v6.14.00/include/TF1.h:31:
In file included from /Applications/root_v6.14.00/include/TROOT.h:28:
In file included from /Applications/root_v6.14.00/include/TDirectory.h:24:
/Applications/root_v6.14.00/include/TBuffer.h:344:52: warning: declaration shadows a variable in namespace 'CLHEP' [-Wshadow]
inline TBuffer &operator>>(TBuffer &buf, UShort_t &s) { buf.ReadUShort(s); return buf; }
                                                   ^
/usr/local/geant4.10.4/include/Geant4/CLHEP/Units/SystemOfUnits.h:149:28: note: previous declaration is here
  static constexpr double  s = second;
                           ^
In file included from /Users/lennertdekeukeleere/Documents/Work/Code/Geant4GarfieldDegradInterface/src/DegradModel.cc:14:
In file included from /Users/lennertdekeukeleere/Documents/Work/Code/Geant4GarfieldDegradInterface/include/DetectorConstruction.hh:5:
In file included from /Users/lennertdekeukeleere/Documents/Work/Code/Geant4GarfieldDegradInterface/include/HeedInterfaceModel.hh:11:
In file included from /Users/lennertdekeukeleere/Documents/Work/Code/Geant4GarfieldDegradInterface/include/HeedModel.hh:22:
In file included from /usr/local/src/garfield/Include/ViewField.hh:5:
In file included from /Applications/root_v6.14.00/include/TF2.h:26:
In file included from /Applications/root_v6.14.00/include/TF1.h:31:
In file included from /Applications/root_v6.14.00/include/TROOT.h:28:
In file included from /Applications/root_v6.14.00/include/TDirectory.h:24:
/Applications/root_v6.14.00/include/TBuffer.h:354:51: warning: declaration shadows a variable in namespace 'CLHEP' [-Wshadow]
inline TBuffer &operator>>(TBuffer &buf, TString &s)  { buf.ReadTString(s);return buf; }
                                                  ^
/usr/local/geant4.10.4/include/Geant4/CLHEP/Units/SystemOfUnits.h:149:28: note: previous declaration is here
  static constexpr double  s = second;
                           ^
In file included from /Users/lennertdekeukeleere/Documents/Work/Code/Geant4GarfieldDegradInterface/src/DegradModel.cc:14:
In file included from /Users/lennertdekeukeleere/Documents/Work/Code/Geant4GarfieldDegradInterface/include/DetectorConstruction.hh:5:
In file included from /Users/lennertdekeukeleere/Documents/Work/Code/Geant4GarfieldDegradInterface/include/HeedInterfaceModel.hh:11:
In file included from /Users/lennertdekeukeleere/Documents/Work/Code/Geant4GarfieldDegradInterface/include/HeedModel.hh:22:
In file included from /usr/local/src/garfield/Include/ViewField.hh:5:
In file included from /Applications/root_v6.14.00/include/TF2.h:26:
In file included from /Applications/root_v6.14.00/include/TF1.h:31:
In file included from /Applications/root_v6.14.00/include/TROOT.h:28:
In file included from /Applications/root_v6.14.00/include/TDirectory.h:24:
/Applications/root_v6.14.00/include/TBuffer.h:359:50: warning: declaration shadows a variable in namespace 'CLHEP' [-Wshadow]
inline TBuffer &operator<<(TBuffer &buf, Short_t s)  { buf.WriteShort(s);  return buf; }
                                                 ^
/usr/local/geant4.10.4/include/Geant4/CLHEP/Units/SystemOfUnits.h:149:28: note: previous declaration is here
  static constexpr double  s = second;
                           ^
In file included from /Users/lennertdekeukeleere/Documents/Work/Code/Geant4GarfieldDegradInterface/src/DegradModel.cc:14:
In file included from /Users/lennertdekeukeleere/Documents/Work/Code/Geant4GarfieldDegradInterface/include/DetectorConstruction.hh:5:
In file included from /Users/lennertdekeukeleere/Documents/Work/Code/Geant4GarfieldDegradInterface/include/HeedInterfaceModel.hh:11:
In file included from /Users/lennertdekeukeleere/Documents/Work/Code/Geant4GarfieldDegradInterface/include/HeedModel.hh:22:
In file included from /usr/local/src/garfield/Include/ViewField.hh:5:
In file included from /Applications/root_v6.14.00/include/TF2.h:26:
In file included from /Applications/root_v6.14.00/include/TF1.h:31:
In file included from /Applications/root_v6.14.00/include/TROOT.h:28:
In file included from /Applications/root_v6.14.00/include/TDirectory.h:24:
/Applications/root_v6.14.00/include/TBuffer.h:360:51: warning: declaration shadows a variable in namespace 'CLHEP' [-Wshadow]
inline TBuffer &operator<<(TBuffer &buf, UShort_t s) { buf.WriteUShort(s); return buf; }
                                                  ^
/usr/local/geant4.10.4/include/Geant4/CLHEP/Units/SystemOfUnits.h:149:28: note: previous declaration is here
  static constexpr double  s = second;
                           ^
In file included from /Users/lennertdekeukeleere/Documents/Work/Code/Geant4GarfieldDegradInterface/src/DegradModel.cc:14:
In file included from /Users/lennertdekeukeleere/Documents/Work/Code/Geant4GarfieldDegradInterface/include/DetectorConstruction.hh:5:
In file included from /Users/lennertdekeukeleere/Documents/Work/Code/Geant4GarfieldDegradInterface/include/HeedInterfaceModel.hh:11:
In file included from /Users/lennertdekeukeleere/Documents/Work/Code/Geant4GarfieldDegradInterface/include/HeedModel.hh:22:
In file included from /usr/local/src/garfield/Include/ViewField.hh:5:
In file included from /Applications/root_v6.14.00/include/TF2.h:26:
In file included from /Applications/root_v6.14.00/include/TF1.h:31:
In file included from /Applications/root_v6.14.00/include/TROOT.h:28:
In file included from /Applications/root_v6.14.00/include/TDirectory.h:24:
/Applications/root_v6.14.00/include/TBuffer.h:370:57: warning: declaration shadows a variable in namespace 'CLHEP' [-Wshadow]
inline TBuffer &operator<<(TBuffer &buf, const TString &s) { buf.WriteTString(s);return buf; }
                                                        ^
/usr/local/geant4.10.4/include/Geant4/CLHEP/Units/SystemOfUnits.h:149:28: note: previous declaration is here
  static constexpr double  s = second;
                           ^
In file included from /Users/lennertdekeukeleere/Documents/Work/Code/Geant4GarfieldDegradInterface/src/DetectorMessenger.cc:3:
In file included from /Users/lennertdekeukeleere/Documents/Work/Code/Geant4GarfieldDegradInterface/include/DetectorConstruction.hh:5:
In file included from /Users/lennertdekeukeleere/Documents/Work/Code/Geant4GarfieldDegradInterface/include/HeedInterfaceModel.hh:11:
In file included from /Users/lennertdekeukeleere/Documents/Work/Code/Geant4GarfieldDegradInterface/include/HeedModel.hh:27:
/Users/lennertdekeukeleere/Documents/Work/Code/Geant4GarfieldDegradInterface/include/GasModelParameters.hh:31:37: warning: declaration shadows a variable in namespace 'CLHEP' [-Wshadow]
    inline void SetGasFile(G4String s) { gasFile = s;};
                                    ^
/usr/local/geant4.10.4/include/Geant4/CLHEP/Units/SystemOfUnits.h:149:28: note: previous declaration is here
  static constexpr double  s = second;
                           ^
In file included from /Users/lennertdekeukeleere/Documents/Work/Code/Geant4GarfieldDegradInterface/src/DetectorMessenger.cc:3:
In file included from /Users/lennertdekeukeleere/Documents/Work/Code/Geant4GarfieldDegradInterface/include/DetectorConstruction.hh:5:
In file included from /Users/lennertdekeukeleere/Documents/Work/Code/Geant4GarfieldDegradInterface/include/HeedInterfaceModel.hh:11:
In file included from /Users/lennertdekeukeleere/Documents/Work/Code/Geant4GarfieldDegradInterface/include/HeedModel.hh:27:
/Users/lennertdekeukeleere/Documents/Work/Code/Geant4GarfieldDegradInterface/include/GasModelParameters.hh:33:45: warning: declaration shadows a variable in namespace 'CLHEP' [-Wshadow]
    inline void SetIonMobilityFile(G4String s) { ionMobFile = s; };
                                            ^
/usr/local/geant4.10.4/include/Geant4/CLHEP/Units/SystemOfUnits.h:149:28: note: previous declaration is here
In file included from /Users/lennertdekeukeleere/Documents/Work/Code/Geant4GarfieldDegradInterface/src/DetectorConstruction.cc:1:
In file included from /Users/lennertdekeukeleere/Documents/Work/Code/Geant4GarfieldDegradInterface/include/DetectorConstruction.hh:5:
In file included from /Users/lennertdekeukeleere/Documents/Work/Code/Geant4GarfieldDegradInterface/include/HeedInterfaceModel.hh:11:
In file included from /Users/lennertdekeukeleere/Documents/Work/Code/Geant4GarfieldDegradInterface/include/HeedModel.hh:27:
/Users/lennertdekeukeleere/Documents/Work/Code/Geant4GarfieldDegradInterface/include/GasModelParameters.hh:31:37: warning: declaration shadows a variable in namespace 'CLHEP' [-Wshadow]
  static constexpr double  s = second;    inline void SetGasFile(G4String s) { gasFile = s;};
                                    ^

                           ^
/usr/local/geant4.10.4/include/Geant4/CLHEP/Units/SystemOfUnits.h:149:28: note: previous declaration is here
  static constexpr double  s = second;
                           ^
In file included from /Users/lennertdekeukeleere/Documents/Work/Code/Geant4GarfieldDegradInterface/src/DetectorConstruction.cc:1:
In file included from /Users/lennertdekeukeleere/Documents/Work/Code/Geant4GarfieldDegradInterface/include/DetectorConstruction.hh:5:
In file included from /Users/lennertdekeukeleere/Documents/Work/Code/Geant4GarfieldDegradInterface/include/HeedInterfaceModel.hh:11:
In file included from /Users/lennertdekeukeleere/Documents/Work/Code/Geant4GarfieldDegradInterface/include/HeedModel.hh:27:
/Users/lennertdekeukeleere/Documents/Work/Code/Geant4GarfieldDegradInterface/include/GasModelParameters.hh:33:45: warning: declaration shadows a variable in namespace 'CLHEP' [-Wshadow]
    inline void SetIonMobilityFile(G4String s) { ionMobFile = s; };
                                            ^
/usr/local/geant4.10.4/include/Geant4/CLHEP/Units/SystemOfUnits.h:149:28: note: previous declaration is here
  static constexpr double  s = second;
                           ^
In file included from /Users/lennertdekeukeleere/Documents/Work/Code/Geant4GarfieldDegradInterface/src/DegradModel.cc:14:
/Users/lennertdekeukeleere/Documents/Work/Code/Geant4GarfieldDegradInterface/include/DetectorConstruction.hh:62:35: warning: declaration shadows a variable in namespace 'CLHEP' [-Wshadow]
  inline void SetGasName(G4String s){gasName=s;};
                                  ^
/usr/local/geant4.10.4/include/Geant4/CLHEP/Units/SystemOfUnits.h:149:28: note: previous declaration is here
  static constexpr double  s = second;
                           ^
/Users/lennertdekeukeleere/Documents/Work/Code/Geant4GarfieldDegradInterface/src/DegradModel.cc:16:46: warning: unused parameter 'gmp' [-Wunused-parameter]
DegradModel::DegradModel(GasModelParameters* gmp, G4String modelName, G4Region* envelope,DetectorConstruction* dc)
                                             ^
In file included from /Users/lennertdekeukeleere/Documents/Work/Code/Geant4GarfieldDegradInterface/src/DetectorMessenger.cc:3:
/Users/lennertdekeukeleere/Documents/Work/Code/Geant4GarfieldDegradInterface/include/DetectorConstruction.hh:62:35: warning: declaration shadows a variable in namespace 'CLHEP' [-Wshadow]
  inline void SetGasName(G4String s){gasName=s;};
                                  ^
/usr/local/geant4.10.4/include/Geant4/CLHEP/Units/SystemOfUnits.h:149:28: note: previous declaration is here
  static constexpr double  s = second;
                           ^
In file included from /Users/lennertdekeukeleere/Documents/Work/Code/Geant4GarfieldDegradInterface/src/DetectorConstruction.cc:1:
/Users/lennertdekeukeleere/Documents/Work/Code/Geant4GarfieldDegradInterface/include/DetectorConstruction.hh:62:35: warning: declaration shadows a variable in namespace 'CLHEP' [-Wshadow]
  inline void SetGasName(G4String s){gasName=s;};
                                  ^
/usr/local/geant4.10.4/include/Geant4/CLHEP/Units/SystemOfUnits.h:149:28: note: previous declaration is here
  static constexpr double  s = second;
                           ^
In file included from /Users/lennertdekeukeleere/Documents/Work/Code/Geant4GarfieldDegradInterface/src/DetectorConstruction.cc:13:
In file included from /usr/local/include/CADMesh.hh:16:
/usr/local/include/tetgen.h:956:33: warning: declaration shadows a variable in namespace 'CLHEP' [-Wshadow]
    face& operator=(const face& s) {
                                ^
/usr/local/geant4.10.4/include/Geant4/CLHEP/Units/SystemOfUnits.h:149:28: note: previous declaration is here
  static constexpr double  s = second;
                           ^
In file included from /Users/lennertdekeukeleere/Documents/Work/Code/Geant4GarfieldDegradInterface/src/DetectorConstruction.cc:13:
In file included from /usr/local/include/CADMesh.hh:16:
/usr/local/include/tetgen.h:2247:41: warning: declaration shadows a variable in namespace 'CLHEP' [-Wshadow]
inline void terminatetetgen(tetgenmesh *m, int x)
                                        ^
/usr/local/geant4.10.4/include/Geant4/CLHEP/Units/SystemOfUnits.h:109:27: note: previous declaration is here
  static constexpr double m  = meter;                  
                          ^
In file included from /Users/lennertdekeukeleere/Documents/Work/Code/Geant4GarfieldDegradInterface/src/DetectorConstruction.cc:13:
In file included from /usr/local/include/CADMesh.hh:16:
/usr/local/include/tetgen.h:2654:55: warning: declaration shadows a variable in namespace 'CLHEP' [-Wshadow]
inline void tetgenmesh::sdecode(shellface sptr, face& s) {
                                                      ^
/usr/local/geant4.10.4/include/Geant4/CLHEP/Units/SystemOfUnits.h:149:28: note: previous declaration is here
  static constexpr double  s = second;
                           ^
In file included from /Users/lennertdekeukeleere/Documents/Work/Code/Geant4GarfieldDegradInterface/src/DetectorConstruction.cc:13:
In file included from /usr/local/include/CADMesh.hh:16:
/usr/local/include/tetgen.h:2659:56: warning: declaration shadows a variable in namespace 'CLHEP' [-Wshadow]
inline tetgenmesh::shellface tetgenmesh::sencode(face& s) {
                                                       ^
/usr/local/geant4.10.4/include/Geant4/CLHEP/Units/SystemOfUnits.h:149:28: note: previous declaration is here
  static constexpr double  s = second;
                           ^
In file included from /Users/lennertdekeukeleere/Documents/Work/Code/Geant4GarfieldDegradInterface/src/DetectorConstruction.cc:13:
In file included from /usr/local/include/CADMesh.hh:16:
/usr/local/include/tetgen.h:2688:41: warning: declaration shadows a variable in namespace 'CLHEP' [-Wshadow]
inline void tetgenmesh::sdissolve(face& s)
                                        ^
/usr/local/geant4.10.4/include/Geant4/CLHEP/Units/SystemOfUnits.h:149:28: note: previous declaration is here
  static constexpr double  s = second;
                           ^
In file included from /Users/lennertdekeukeleere/Documents/Work/Code/Geant4GarfieldDegradInterface/src/DetectorConstruction.cc:13:
In file included from /usr/local/include/CADMesh.hh:16:
/usr/local/include/tetgen.h:2702:42: warning: declaration shadows a variable in namespace 'CLHEP' [-Wshadow]
inline void tetgenmesh::spivotself(face& s) 
                                         ^
/usr/local/geant4.10.4/include/Geant4/CLHEP/Units/SystemOfUnits.h:149:28: note: previous declaration is here
  static constexpr double  s = second;
                           ^
In file included from /Users/lennertdekeukeleere/Documents/Work/Code/Geant4GarfieldDegradInterface/src/DetectorConstruction.cc:13:
In file included from /usr/local/include/CADMesh.hh:16:
/usr/local/include/tetgen.h:2711:49: warning: declaration shadows a variable in namespace 'CLHEP' [-Wshadow]
inline tetgenmesh::point tetgenmesh::sorg(face& s) 
                                                ^
/usr/local/geant4.10.4/include/Geant4/CLHEP/Units/SystemOfUnits.h:149:28: note: previous declaration is here
  static constexpr double  s = second;
                           ^
In file included from /Users/lennertdekeukeleere/Documents/Work/Code/Geant4GarfieldDegradInterface/src/DetectorConstruction.cc:13:
In file included from /usr/local/include/CADMesh.hh:16:
/usr/local/include/tetgen.h:2716:50: warning: declaration shadows a variable in namespace 'CLHEP' [-Wshadow]
inline tetgenmesh::point tetgenmesh::sdest(face& s) 
                                                 ^
/usr/local/geant4.10.4/include/Geant4/CLHEP/Units/SystemOfUnits.h:149:28: note: previous declaration is here
  static constexpr double  s = second;
                           ^
In file included from /Users/lennertdekeukeleere/Documents/Work/Code/Geant4GarfieldDegradInterface/src/DetectorConstruction.cc:13:
In file included from /usr/local/include/CADMesh.hh:16:
/usr/local/include/tetgen.h:2721:50: warning: declaration shadows a variable in namespace 'CLHEP' [-Wshadow]
inline tetgenmesh::point tetgenmesh::sapex(face& s) 
                                                 ^
/usr/local/geant4.10.4/include/Geant4/CLHEP/Units/SystemOfUnits.h:149:28: note: previous declaration is here
  static constexpr double  s = second;
                           ^
In file included from /Users/lennertdekeukeleere/Documents/Work/Code/Geant4GarfieldDegradInterface/src/DetectorConstruction.cc:13:
In file included from /usr/local/include/CADMesh.hh:16:
/usr/local/include/tetgen.h:2726:39: warning: declaration shadows a variable in namespace 'CLHEP' [-Wshadow]
inline void tetgenmesh::setsorg(face& s, point pointptr) 
                                      ^
/usr/local/geant4.10.4/include/Geant4/CLHEP/Units/SystemOfUnits.h:149:28: note: previous declaration is here
  static constexpr double  s = second;
                           ^
In file included from /Users/lennertdekeukeleere/Documents/Work/Code/Geant4GarfieldDegradInterface/src/DetectorConstruction.cc:13:
In file included from /usr/local/include/CADMesh.hh:16:
/usr/local/include/tetgen.h:2731:40: warning: declaration shadows a variable in namespace 'CLHEP' [-Wshadow]
inline void tetgenmesh::setsdest(face& s, point pointptr) 
                                       ^
/usr/local/geant4.10.4/include/Geant4/CLHEP/Units/SystemOfUnits.h:149:28: note: previous declaration is here
  static constexpr double  s = second;
                           ^
In file included from /Users/lennertdekeukeleere/Documents/Work/Code/Geant4GarfieldDegradInterface/src/DetectorConstruction.cc:13:
In file included from /usr/local/include/CADMesh.hh:16:
/usr/local/include/tetgen.h:2736:40: warning: declaration shadows a variable in namespace 'CLHEP' [-Wshadow]
inline void tetgenmesh::setsapex(face& s, point pointptr) 
                                       ^
/usr/local/geant4.10.4/include/Geant4/CLHEP/Units/SystemOfUnits.h:149:28: note: previous declaration is here
  static constexpr double  s = second;
                           ^
In file included from /Users/lennertdekeukeleere/Documents/Work/Code/Geant4GarfieldDegradInterface/src/DetectorConstruction.cc:13:
In file included from /usr/local/include/CADMesh.hh:16:
/usr/local/include/tetgen.h:2754:41: warning: declaration shadows a variable in namespace 'CLHEP' [-Wshadow]
inline void tetgenmesh::sesymself(face& s) 
                                        ^
/usr/local/geant4.10.4/include/Geant4/CLHEP/Units/SystemOfUnits.h:149:28: note: previous declaration is here
  static constexpr double  s = second;
                           ^
In file included from /Users/lennertdekeukeleere/Documents/Work/Code/Geant4GarfieldDegradInterface/src/DetectorConstruction.cc:13:
In file included from /usr/local/include/CADMesh.hh:16:
/usr/local/include/tetgen.h:2768:42: warning: declaration shadows a variable in namespace 'CLHEP' [-Wshadow]
inline void tetgenmesh::senextself(face& s) 
                                         ^
/usr/local/geant4.10.4/include/Geant4/CLHEP/Units/SystemOfUnits.h:149:28: note: previous declaration is here
  static constexpr double  s = second;
                           ^
In file included from /Users/lennertdekeukeleere/Documents/Work/Code/Geant4GarfieldDegradInterface/src/DetectorConstruction.cc:13:
In file included from /usr/local/include/CADMesh.hh:16:
/usr/local/include/tetgen.h:2779:43: warning: declaration shadows a variable in namespace 'CLHEP' [-Wshadow]
inline void tetgenmesh::senext2self(face& s) 
                                          ^
/usr/local/geant4.10.4/include/Geant4/CLHEP/Units/SystemOfUnits.h:149:28: note: previous declaration is here
  static constexpr double  s = second;
                           ^
In file included from /Users/lennertdekeukeleere/Documents/Work/Code/Geant4GarfieldDegradInterface/src/DetectorConstruction.cc:13:
In file included from /usr/local/include/CADMesh.hh:16:
/usr/local/include/tetgen.h:2787:41: warning: declaration shadows a variable in namespace 'CLHEP' [-Wshadow]
inline REAL tetgenmesh::areabound(face& s) 
                                        ^
/usr/local/geant4.10.4/include/Geant4/CLHEP/Units/SystemOfUnits.h:149:28: note: previous declaration is here
  static constexpr double  s = second;
                           ^
In file included from /Users/lennertdekeukeleere/Documents/Work/Code/Geant4GarfieldDegradInterface/src/DetectorConstruction.cc:13:
In file included from /usr/local/include/CADMesh.hh:16:
/usr/local/include/tetgen.h:2792:44: warning: declaration shadows a variable in namespace 'CLHEP' [-Wshadow]
inline void tetgenmesh::setareabound(face& s, REAL value) 
                                           ^
/usr/local/geant4.10.4/include/Geant4/CLHEP/Units/SystemOfUnits.h:149:28: note: previous declaration is here
  static constexpr double  s = second;
                           ^
In file included from /Users/lennertdekeukeleere/Documents/Work/Code/Geant4GarfieldDegradInterface/src/DetectorConstruction.cc:13:
In file included from /usr/local/include/CADMesh.hh:16:
/usr/local/include/tetgen.h:2800:40: warning: declaration shadows a variable in namespace 'CLHEP' [-Wshadow]
inline int tetgenmesh::shellmark(face& s) 
                                       ^
/usr/local/geant4.10.4/include/Geant4/CLHEP/Units/SystemOfUnits.h:149:28: note: previous declaration is here
  static constexpr double  s = second;
                           ^
In file included from /Users/lennertdekeukeleere/Documents/Work/Code/Geant4GarfieldDegradInterface/src/DetectorConstruction.cc:13:
In file included from /usr/local/include/CADMesh.hh:16:
/usr/local/include/tetgen.h:2805:44: warning: declaration shadows a variable in namespace 'CLHEP' [-Wshadow]
inline void tetgenmesh::setshellmark(face& s, int value) 
                                           ^
/usr/local/geant4.10.4/include/Geant4/CLHEP/Units/SystemOfUnits.h:149:28: note: previous declaration is here
  static constexpr double  s = second;
                           ^
In file included from /Users/lennertdekeukeleere/Documents/Work/Code/Geant4GarfieldDegradInterface/src/DetectorConstruction.cc:13:
In file included from /usr/local/include/CADMesh.hh:16:
/usr/local/include/tetgen.h:2815:39: warning: declaration shadows a variable in namespace 'CLHEP' [-Wshadow]
inline void tetgenmesh::sinfect(face& s) 
                                      ^
/usr/local/geant4.10.4/include/Geant4/CLHEP/Units/SystemOfUnits.h:149:28: note: previous declaration is here
  static constexpr double  s = second;
                           ^
In file included from /Users/lennertdekeukeleere/Documents/Work/Code/Geant4GarfieldDegradInterface/src/DetectorConstruction.cc:13:
In file included from /usr/local/include/CADMesh.hh:16:
/usr/local/include/tetgen.h:2821:41: warning: declaration shadows a variable in namespace 'CLHEP' [-Wshadow]
inline void tetgenmesh::suninfect(face& s) 
                                        ^
/usr/local/geant4.10.4/include/Geant4/CLHEP/Units/SystemOfUnits.h:149:28: note: previous declaration is here
  static constexpr double  s = second;
                           ^
In file included from /Users/lennertdekeukeleere/Documents/Work/Code/Geant4GarfieldDegradInterface/src/DetectorConstruction.cc:13:
In file included from /usr/local/include/CADMesh.hh:16:
/usr/local/include/tetgen.h:2829:41: warning: declaration shadows a variable in namespace 'CLHEP' [-Wshadow]
inline bool tetgenmesh::sinfected(face& s) 
                                        ^
/usr/local/geant4.10.4/include/Geant4/CLHEP/Units/SystemOfUnits.h:149:28: note: previous declaration is here
  static constexpr double  s = second;
                           ^
In file included from /Users/lennertdekeukeleere/Documents/Work/Code/Geant4GarfieldDegradInterface/src/DetectorConstruction.cc:13:
In file included from /usr/local/include/CADMesh.hh:16:
/usr/local/include/tetgen.h:2837:41: warning: declaration shadows a variable in namespace 'CLHEP' [-Wshadow]
inline void tetgenmesh::smarktest(face& s) 
                                        ^
/usr/local/geant4.10.4/include/Geant4/CLHEP/Units/SystemOfUnits.h:149:28: note: previous declaration is here
  static constexpr double  s = second;
                           ^
In file included from /Users/lennertdekeukeleere/Documents/Work/Code/Geant4GarfieldDegradInterface/src/DetectorConstruction.cc:13:
In file included from /usr/local/include/CADMesh.hh:16:
/usr/local/include/tetgen.h:2843:43: warning: declaration shadows a variable in namespace 'CLHEP' [-Wshadow]
inline void tetgenmesh::sunmarktest(face& s) 
                                          ^
/usr/local/geant4.10.4/include/Geant4/CLHEP/Units/SystemOfUnits.h:149:28: note: previous declaration is here
  static constexpr double  s = second;
                           ^
In file included from /Users/lennertdekeukeleere/Documents/Work/Code/Geant4GarfieldDegradInterface/src/DetectorConstruction.cc:13:
In file included from /usr/local/include/CADMesh.hh:16:
/usr/local/include/tetgen.h:2849:43: warning: declaration shadows a variable in namespace 'CLHEP' [-Wshadow]
inline bool tetgenmesh::smarktested(face& s) 
                                          ^
/usr/local/geant4.10.4/include/Geant4/CLHEP/Units/SystemOfUnits.h:149:28: note: previous declaration is here
  static constexpr double  s = second;
                           ^
In file included from /Users/lennertdekeukeleere/Documents/Work/Code/Geant4GarfieldDegradInterface/src/DetectorConstruction.cc:13:
In file included from /usr/local/include/CADMesh.hh:16:
/usr/local/include/tetgen.h:2857:42: warning: declaration shadows a variable in namespace 'CLHEP' [-Wshadow]
inline void tetgenmesh::smarktest2(face& s) 
                                         ^
/usr/local/geant4.10.4/include/Geant4/CLHEP/Units/SystemOfUnits.h:149:28: note: previous declaration is here
  static constexpr double  s = second;
                           ^
In file included from /Users/lennertdekeukeleere/Documents/Work/Code/Geant4GarfieldDegradInterface/src/DetectorConstruction.cc:13:
In file included from /usr/local/include/CADMesh.hh:16:
/usr/local/include/tetgen.h:2863:44: warning: declaration shadows a variable in namespace 'CLHEP' [-Wshadow]
inline void tetgenmesh::sunmarktest2(face& s) 
                                           ^
/usr/local/geant4.10.4/include/Geant4/CLHEP/Units/SystemOfUnits.h:149:28: note: previous declaration is here
  static constexpr double  s = second;
                           ^
In file included from /Users/lennertdekeukeleere/Documents/Work/Code/Geant4GarfieldDegradInterface/src/DetectorConstruction.cc:13:
In file included from /usr/local/include/CADMesh.hh:16:
/usr/local/include/tetgen.h:2869:44: warning: declaration shadows a variable in namespace 'CLHEP' [-Wshadow]
inline bool tetgenmesh::smarktest2ed(face& s) 
                                           ^
/usr/local/geant4.10.4/include/Geant4/CLHEP/Units/SystemOfUnits.h:149:28: note: previous declaration is here
  static constexpr double  s = second;
                           ^
In file included from /Users/lennertdekeukeleere/Documents/Work/Code/Geant4GarfieldDegradInterface/src/DetectorConstruction.cc:13:
In file included from /usr/local/include/CADMesh.hh:16:
/usr/local/include/tetgen.h:2876:42: warning: declaration shadows a variable in namespace 'CLHEP' [-Wshadow]
inline void tetgenmesh::smarktest3(face& s) 
                                         ^
/usr/local/geant4.10.4/include/Geant4/CLHEP/Units/SystemOfUnits.h:149:28: note: previous declaration is here
  static constexpr double  s = second;
                           ^
In file included from /Users/lennertdekeukeleere/Documents/Work/Code/Geant4GarfieldDegradInterface/src/DetectorConstruction.cc:13:
In file included from /usr/local/include/CADMesh.hh:16:
/usr/local/include/tetgen.h:2882:44: warning: declaration shadows a variable in namespace 'CLHEP' [-Wshadow]
inline void tetgenmesh::sunmarktest3(face& s) 
                                           ^
/usr/local/geant4.10.4/include/Geant4/CLHEP/Units/SystemOfUnits.h:149:28: note: previous declaration is here
  static constexpr double  s = second;
                           ^
In file included from /Users/lennertdekeukeleere/Documents/Work/Code/Geant4GarfieldDegradInterface/src/DetectorConstruction.cc:13:
In file included from /usr/local/include/CADMesh.hh:16:
/usr/local/include/tetgen.h:2888:44: warning: declaration shadows a variable in namespace 'CLHEP' [-Wshadow]
inline bool tetgenmesh::smarktest3ed(face& s) 
                                           ^
/usr/local/geant4.10.4/include/Geant4/CLHEP/Units/SystemOfUnits.h:149:28: note: previous declaration is here
  static constexpr double  s = second;
                           ^
In file included from /Users/lennertdekeukeleere/Documents/Work/Code/Geant4GarfieldDegradInterface/src/DetectorConstruction.cc:13:
In file included from /usr/local/include/CADMesh.hh:16:
/usr/local/include/tetgen.h:2897:45: warning: declaration shadows a variable in namespace 'CLHEP' [-Wshadow]
inline void tetgenmesh::setfacetindex(face& s, int value)
                                            ^
/usr/local/geant4.10.4/include/Geant4/CLHEP/Units/SystemOfUnits.h:149:28: note: previous declaration is here
  static constexpr double  s = second;
                           ^
In file included from /Users/lennertdekeukeleere/Documents/Work/Code/Geant4GarfieldDegradInterface/src/DetectorConstruction.cc:13:
In file included from /usr/local/include/CADMesh.hh:16:
/usr/local/include/tetgen.h:2902:44: warning: declaration shadows a variable in namespace 'CLHEP' [-Wshadow]
inline int tetgenmesh::getfacetindex(face& s)
                                           ^
/usr/local/geant4.10.4/include/Geant4/CLHEP/Units/SystemOfUnits.h:149:28: note: previous declaration is here
  static constexpr double  s = second;
                           ^
In file included from /Users/lennertdekeukeleere/Documents/Work/Code/Geant4GarfieldDegradInterface/src/DetectorConstruction.cc:13:
In file included from /usr/local/include/CADMesh.hh:16:
/usr/local/include/tetgen.h:2919:50: warning: declaration shadows a variable in namespace 'CLHEP' [-Wshadow]
inline void tetgenmesh::tsbond(triface& t, face& s)
                                                 ^
/usr/local/geant4.10.4/include/Geant4/CLHEP/Units/SystemOfUnits.h:149:28: note: previous declaration is here
  static constexpr double  s = second;
                           ^
In file included from /Users/lennertdekeukeleere/Documents/Work/Code/Geant4GarfieldDegradInterface/src/DetectorConstruction.cc:13:
In file included from /usr/local/include/CADMesh.hh:16:
/usr/local/include/tetgen.h:2942:51: warning: declaration shadows a variable in namespace 'CLHEP' [-Wshadow]
inline void tetgenmesh::tspivot(triface& t, face& s) 
                                                  ^
/usr/local/geant4.10.4/include/Geant4/CLHEP/Units/SystemOfUnits.h:149:28: note: previous declaration is here
  static constexpr double  s = second;
                           ^
In file included from /Users/lennertdekeukeleere/Documents/Work/Code/Geant4GarfieldDegradInterface/src/DetectorConstruction.cc:13:
In file included from /usr/local/include/CADMesh.hh:16:
/usr/local/include/tetgen.h:2961:39: warning: declaration shadows a variable in namespace 'CLHEP' [-Wshadow]
inline void tetgenmesh::stpivot(face& s, triface& t) 
                                      ^
/usr/local/geant4.10.4/include/Geant4/CLHEP/Units/SystemOfUnits.h:149:28: note: previous declaration is here
  static constexpr double  s = second;
                           ^
In file included from /Users/lennertdekeukeleere/Documents/Work/Code/Geant4GarfieldDegradInterface/src/DetectorConstruction.cc:13:
In file included from /usr/local/include/CADMesh.hh:16:
/usr/local/include/tetgen.h:2986:42: warning: declaration shadows a variable in namespace 'CLHEP' [-Wshadow]
inline void tetgenmesh::stdissolve(face& s) 
                                         ^
/usr/local/geant4.10.4/include/Geant4/CLHEP/Units/SystemOfUnits.h:149:28: note: previous declaration is here
  static constexpr double  s = second;
                           ^
In file included from /Users/lennertdekeukeleere/Documents/Work/Code/Geant4GarfieldDegradInterface/src/DetectorConstruction.cc:13:
In file included from /usr/local/include/CADMesh.hh:16:
/usr/local/include/tetgen.h:3000:38: warning: declaration shadows a variable in namespace 'CLHEP' [-Wshadow]
inline void tetgenmesh::ssbond(face& s, face& edge) 
                                     ^
/usr/local/geant4.10.4/include/Geant4/CLHEP/Units/SystemOfUnits.h:149:28: note: previous declaration is here
  static constexpr double  s = second;
                           ^
In file included from /Users/lennertdekeukeleere/Documents/Work/Code/Geant4GarfieldDegradInterface/src/DetectorConstruction.cc:13:
In file included from /usr/local/include/CADMesh.hh:16:
/usr/local/include/tetgen.h:3006:39: warning: declaration shadows a variable in namespace 'CLHEP' [-Wshadow]
inline void tetgenmesh::ssbond1(face& s, face& edge) 
                                      ^
/usr/local/geant4.10.4/include/Geant4/CLHEP/Units/SystemOfUnits.h:149:28: note: previous declaration is here
  static constexpr double  s = second;
                           ^
In file included from /Users/lennertdekeukeleere/Documents/Work/Code/Geant4GarfieldDegradInterface/src/DetectorConstruction.cc:13:
In file included from /usr/local/include/CADMesh.hh:16:
/usr/local/include/tetgen.h:3014:42: warning: declaration shadows a variable in namespace 'CLHEP' [-Wshadow]
inline void tetgenmesh::ssdissolve(face& s) 
                                         ^
/usr/local/geant4.10.4/include/Geant4/CLHEP/Units/SystemOfUnits.h:149:28: note: previous declaration is here
  static constexpr double  s = second;
                           ^
In file included from /Users/lennertdekeukeleere/Documents/Work/Code/Geant4GarfieldDegradInterface/src/DetectorConstruction.cc:13:
In file included from /usr/local/include/CADMesh.hh:16:
/usr/local/include/tetgen.h:3021:39: warning: declaration shadows a variable in namespace 'CLHEP' [-Wshadow]
inline void tetgenmesh::sspivot(face& s, face& edge) 
                                      ^
/usr/local/geant4.10.4/include/Geant4/CLHEP/Units/SystemOfUnits.h:149:28: note: previous declaration is here
  static constexpr double  s = second;
                           ^
In file included from /Users/lennertdekeukeleere/Documents/Work/Code/Geant4GarfieldDegradInterface/src/DetectorConstruction.cc:13:
In file included from /usr/local/include/CADMesh.hh:16:
/usr/local/include/tetgen.h:3037:52: warning: declaration shadows a variable in namespace 'CLHEP' [-Wshadow]
inline void tetgenmesh::tssbond1(triface& t, face& s)
                                                   ^
/usr/local/geant4.10.4/include/Geant4/CLHEP/Units/SystemOfUnits.h:149:28: note: previous declaration is here
  static constexpr double  s = second;
                           ^
In file included from /Users/lennertdekeukeleere/Documents/Work/Code/Geant4GarfieldDegradInterface/src/DetectorConstruction.cc:13:
In file included from /usr/local/include/CADMesh.hh:16:
/usr/local/include/tetgen.h:3050:40: warning: declaration shadows a variable in namespace 'CLHEP' [-Wshadow]
inline void tetgenmesh::sstbond1(face& s, triface& t) 
                                       ^
/usr/local/geant4.10.4/include/Geant4/CLHEP/Units/SystemOfUnits.h:149:28: note: previous declaration is here
  static constexpr double  s = second;
                           ^
In file included from /Users/lennertdekeukeleere/Documents/Work/Code/Geant4GarfieldDegradInterface/src/DetectorConstruction.cc:13:
In file included from /usr/local/include/CADMesh.hh:16:
/usr/local/include/tetgen.h:3062:44: warning: declaration shadows a variable in namespace 'CLHEP' [-Wshadow]
inline void tetgenmesh::sstdissolve1(face& s) 
                                           ^
/usr/local/geant4.10.4/include/Geant4/CLHEP/Units/SystemOfUnits.h:149:28: note: previous declaration is here
  static constexpr double  s = second;
                           ^
In file included from /Users/lennertdekeukeleere/Documents/Work/Code/Geant4GarfieldDegradInterface/src/DetectorConstruction.cc:13:
In file included from /usr/local/include/CADMesh.hh:16:
/usr/local/include/tetgen.h:3067:53: warning: declaration shadows a variable in namespace 'CLHEP' [-Wshadow]
inline void tetgenmesh::tsspivot1(triface& t, face& s)
                                                    ^
/usr/local/geant4.10.4/include/Geant4/CLHEP/Units/SystemOfUnits.h:149:28: note: previous declaration is here
  static constexpr double  s = second;
                           ^
In file included from /Users/lennertdekeukeleere/Documents/Work/Code/Geant4GarfieldDegradInterface/src/DetectorConstruction.cc:13:
In file included from /usr/local/include/CADMesh.hh:16:
/usr/local/include/tetgen.h:3081:41: warning: declaration shadows a variable in namespace 'CLHEP' [-Wshadow]
inline void tetgenmesh::sstpivot1(face& s, triface& t) 
                                        ^
/usr/local/geant4.10.4/include/Geant4/CLHEP/Units/SystemOfUnits.h:149:28: note: previous declaration is here
  static constexpr double  s = second;
                           ^
In file included from /Users/lennertdekeukeleere/Documents/Work/Code/Geant4GarfieldDegradInterface/src/DetectorConstruction.cc:13:
In file included from /usr/local/include/CADMesh.hh:16:
/usr/local/include/tetgen.h:3269:52: warning: declaration shadows a variable in namespace 'CLHEP' [-Wshadow]
inline tetgenmesh::point tetgenmesh::farsorg(face& s)
                                                   ^
/usr/local/geant4.10.4/include/Geant4/CLHEP/Units/SystemOfUnits.h:149:28: note: previous declaration is here
  static constexpr double  s = second;
                           ^
In file included from /Users/lennertdekeukeleere/Documents/Work/Code/Geant4GarfieldDegradInterface/src/DetectorConstruction.cc:13:
In file included from /usr/local/include/CADMesh.hh:16:
/usr/local/include/tetgen.h:3284:53: warning: declaration shadows a variable in namespace 'CLHEP' [-Wshadow]
inline tetgenmesh::point tetgenmesh::farsdest(face& s) 
                                                    ^
/usr/local/geant4.10.4/include/Geant4/CLHEP/Units/SystemOfUnits.h:149:28: note: previous declaration is here
  static constexpr double  s = second;
                           ^
In file included from /Users/lennertdekeukeleere/Documents/Work/Code/Geant4GarfieldDegradInterface/src/DetectorConstruction.cc:13:
In file included from /usr/local/include/CADMesh.hh:19:
In file included from /usr/local/include/assimp/Importer.hpp:53:
/usr/local/include/assimp/types.h:209:13: warning: taking address of packed member 'r' of class or structure 'aiColor3D' may result in an unaligned pointer value [-Waddress-of-packed-member]
                return *(&r + i);
                          ^
/usr/local/include/assimp/types.h:214:13: warning: taking address of packed member 'r' of class or structure 'aiColor3D' may result in an unaligned pointer value [-Waddress-of-packed-member]
                return *(&r + i);
                          ^
In file included from /Users/lennertdekeukeleere/Documents/Work/Code/Geant4GarfieldDegradInterface/src/DetectorConstruction.cc:13:
In file included from /usr/local/include/CADMesh.hh:19:
In file included from /usr/local/include/assimp/Importer.hpp:53:
In file included from /usr/local/include/assimp/types.h:509:
/usr/local/include/assimp/quaternion.inl:87:9: warning: declaration shadows a variable in namespace 'CLHEP' [-Wshadow]
                TReal s = sqrt(1 + t) * static_cast<TReal>(2.0);
                      ^
/usr/local/geant4.10.4/include/Geant4/CLHEP/Units/SystemOfUnits.h:149:28: note: previous declaration is here
  static constexpr double  s = second;
                           ^
In file included from /Users/lennertdekeukeleere/Documents/Work/Code/Geant4GarfieldDegradInterface/src/DetectorConstruction.cc:13:
In file included from /usr/local/include/CADMesh.hh:19:
In file included from /usr/local/include/assimp/Importer.hpp:53:
In file included from /usr/local/include/assimp/types.h:509:
/usr/local/include/assimp/quaternion.inl:96:9: warning: declaration shadows a variable in namespace 'CLHEP' [-Wshadow]
                TReal s = sqrt( static_cast<TReal>(1.0) + pRotMatrix.a1 - pRotMatrix.b2 - pRotMatrix.c3) * static_cast<TReal>(2.0);
                      ^
/usr/local/geant4.10.4/include/Geant4/CLHEP/Units/SystemOfUnits.h:149:28: note: previous declaration is here
  static constexpr double  s = second;
                           ^
In file included from /Users/lennertdekeukeleere/Documents/Work/Code/Geant4GarfieldDegradInterface/src/DetectorConstruction.cc:13:
In file included from /usr/local/include/CADMesh.hh:19:
In file included from /usr/local/include/assimp/Importer.hpp:53:
In file included from /usr/local/include/assimp/types.h:509:
/usr/local/include/assimp/quaternion.inl:105:9: warning: declaration shadows a variable in namespace 'CLHEP' [-Wshadow]
                TReal s = sqrt( static_cast<TReal>(1.0) + pRotMatrix.b2 - pRotMatrix.a1 - pRotMatrix.c3) * static_cast<TReal>(2.0);
                      ^
/usr/local/geant4.10.4/include/Geant4/CLHEP/Units/SystemOfUnits.h:149:28: note: previous declaration is here
  static constexpr double  s = second;
                           ^
In file included from /Users/lennertdekeukeleere/Documents/Work/Code/Geant4GarfieldDegradInterface/src/DetectorConstruction.cc:13:
In file included from /usr/local/include/CADMesh.hh:19:
In file included from /usr/local/include/assimp/Importer.hpp:53:
In file included from /usr/local/include/assimp/types.h:509:
/usr/local/include/assimp/quaternion.inl:113:9: warning: declaration shadows a variable in namespace 'CLHEP' [-Wshadow]
                TReal s = sqrt( static_cast<TReal>(1.0) + pRotMatrix.c3 - pRotMatrix.a1 - pRotMatrix.b2) * static_cast<TReal>(2.0);
                      ^
/usr/local/geant4.10.4/include/Geant4/CLHEP/Units/SystemOfUnits.h:149:28: note: previous declaration is here
  static constexpr double  s = second;
                           ^
In file included from /Users/lennertdekeukeleere/Documents/Work/Code/Geant4GarfieldDegradInterface/src/DetectorConstruction.cc:13:
In file included from /usr/local/include/CADMesh.hh:19:
In file included from /usr/local/include/assimp/Importer.hpp:53:
In file included from /usr/local/include/assimp/types.h:510:
/usr/local/include/assimp/matrix3x3.inl:68:90: warning: declaration shadows a variable in namespace 'CLHEP' [-Wshadow]
inline aiMatrix3x3t<TReal>& aiMatrix3x3t<TReal>::operator *= (const aiMatrix3x3t<TReal>& m)
                                                                                         ^
/usr/local/geant4.10.4/include/Geant4/CLHEP/Units/SystemOfUnits.h:109:27: note: previous declaration is here
  static constexpr double m  = meter;                  
                          ^
In file included from /Users/lennertdekeukeleere/Documents/Work/Code/Geant4GarfieldDegradInterface/src/DetectorConstruction.cc:13:
In file included from /usr/local/include/CADMesh.hh:19:
In file included from /usr/local/include/assimp/Importer.hpp:53:
In file included from /usr/local/include/assimp/types.h:510:
/usr/local/include/assimp/matrix3x3.inl:94:87: warning: declaration shadows a variable in namespace 'CLHEP' [-Wshadow]
inline aiMatrix3x3t<TReal> aiMatrix3x3t<TReal>::operator* (const aiMatrix3x3t<TReal>& m) const
                                                                                      ^
/usr/local/geant4.10.4/include/Geant4/CLHEP/Units/SystemOfUnits.h:109:27: note: previous declaration is here
  static constexpr double m  = meter;                  
                          ^
In file included from /Users/lennertdekeukeleere/Documents/Work/Code/Geant4GarfieldDegradInterface/src/DetectorConstruction.cc:13:
In file included from /usr/local/include/CADMesh.hh:19:
In file included from /usr/local/include/assimp/Importer.hpp:53:
In file included from /usr/local/include/assimp/types.h:510:
/usr/local/include/assimp/matrix3x3.inl:117:73: warning: declaration shadows a variable in namespace 'CLHEP' [-Wshadow]
inline bool aiMatrix3x3t<TReal>::operator== (const aiMatrix4x4t<TReal>& m) const
                                                                        ^
/usr/local/geant4.10.4/include/Geant4/CLHEP/Units/SystemOfUnits.h:109:27: note: previous declaration is here
  static constexpr double m  = meter;                  
                          ^
In file included from /Users/lennertdekeukeleere/Documents/Work/Code/Geant4GarfieldDegradInterface/src/DetectorConstruction.cc:13:
In file included from /usr/local/include/CADMesh.hh:19:
In file included from /usr/local/include/assimp/Importer.hpp:53:
In file included from /usr/local/include/assimp/types.h:510:
/usr/local/include/assimp/matrix3x3.inl:126:73: warning: declaration shadows a variable in namespace 'CLHEP' [-Wshadow]
inline bool aiMatrix3x3t<TReal>::operator!= (const aiMatrix4x4t<TReal>& m) const
                                                                        ^
/usr/local/geant4.10.4/include/Geant4/CLHEP/Units/SystemOfUnits.h:109:27: note: previous declaration is here
  static constexpr double m  = meter;                  
                          ^
In file included from /Users/lennertdekeukeleere/Documents/Work/Code/Geant4GarfieldDegradInterface/src/DetectorConstruction.cc:13:
In file included from /usr/local/include/CADMesh.hh:19:
In file included from /usr/local/include/assimp/Importer.hpp:53:
In file included from /usr/local/include/assimp/types.h:510:
/usr/local/include/assimp/matrix3x3.inl:133:67: warning: declaration shadows a variable in namespace 'CLHEP' [-Wshadow]
inline bool aiMatrix3x3t<TReal>::Equal(const aiMatrix4x4t<TReal>& m, TReal epsilon) const {
                                                                  ^
/usr/local/geant4.10.4/include/Geant4/CLHEP/Units/SystemOfUnits.h:109:27: note: previous declaration is here
  static constexpr double m  = meter;                  
                          ^
In file included from /Users/lennertdekeukeleere/Documents/Work/Code/Geant4GarfieldDegradInterface/src/DetectorConstruction.cc:13:
In file included from /usr/local/include/CADMesh.hh:19:
In file included from /usr/local/include/assimp/Importer.hpp:53:
In file included from /usr/local/include/assimp/types.h:510:
/usr/local/include/assimp/matrix3x3.inl:218:22: warning: declaration shadows a variable in namespace 'CLHEP' [-Wshadow]
  TReal c = cos( a), s = sin( a), t = 1 - c;
                     ^
/usr/local/geant4.10.4/include/Geant4/CLHEP/Units/SystemOfUnits.h:149:28: note: previous declaration is here
  static constexpr double  s = second;
                           ^
In file included from /Users/lennertdekeukeleere/Documents/Work/Code/Geant4GarfieldDegradInterface/src/DetectorConstruction.cc:13:
In file included from /usr/local/include/CADMesh.hh:19:
In file included from /usr/local/include/assimp/Importer.hpp:53:
In file included from /usr/local/include/assimp/types.h:511:
/usr/local/include/assimp/matrix4x4.inl:102:70: warning: declaration shadows a variable in namespace 'CLHEP' [-Wshadow]
inline aiMatrix4x4t<TReal>::aiMatrix4x4t (const aiMatrix3x3t<TReal>& m)
                                                                     ^
/usr/local/geant4.10.4/include/Geant4/CLHEP/Units/SystemOfUnits.h:109:27: note: previous declaration is here
  static constexpr double m  = meter;                  
                          ^
In file included from /Users/lennertdekeukeleere/Documents/Work/Code/Geant4GarfieldDegradInterface/src/DetectorConstruction.cc:13:
In file included from /usr/local/include/CADMesh.hh:19:
In file included from /usr/local/include/assimp/Importer.hpp:53:
In file included from /usr/local/include/assimp/types.h:511:
/usr/local/include/assimp/matrix4x4.inl:115:22: warning: declaration shadows a variable in namespace 'CLHEP' [-Wshadow]
        aiMatrix3x3t<TReal> m = rotation.GetMatrix();
                            ^
/usr/local/geant4.10.4/include/Geant4/CLHEP/Units/SystemOfUnits.h:109:27: note: previous declaration is here
  static constexpr double m  = meter;                  
                          ^
In file included from /Users/lennertdekeukeleere/Documents/Work/Code/Geant4GarfieldDegradInterface/src/DetectorConstruction.cc:13:
In file included from /usr/local/include/CADMesh.hh:19:
In file included from /usr/local/include/assimp/Importer.hpp:53:
In file included from /usr/local/include/assimp/types.h:511:
/usr/local/include/assimp/matrix4x4.inl:140:90: warning: declaration shadows a variable in namespace 'CLHEP' [-Wshadow]
inline aiMatrix4x4t<TReal>& aiMatrix4x4t<TReal>::operator *= (const aiMatrix4x4t<TReal>& m)
                                                                                         ^
/usr/local/geant4.10.4/include/Geant4/CLHEP/Units/SystemOfUnits.h:109:27: note: previous declaration is here
  static constexpr double m  = meter;                  
                          ^
In file included from /Users/lennertdekeukeleere/Documents/Work/Code/Geant4GarfieldDegradInterface/src/DetectorConstruction.cc:13:
In file included from /usr/local/include/CADMesh.hh:19:
In file included from /usr/local/include/assimp/Importer.hpp:53:
In file included from /usr/local/include/assimp/types.h:511:
/usr/local/include/assimp/matrix4x4.inl:164:87: warning: declaration shadows a variable in namespace 'CLHEP' [-Wshadow]
inline aiMatrix4x4t<TReal> aiMatrix4x4t<TReal>::operator* (const aiMatrix4x4t<TReal>& m) const
                                                                                      ^
/usr/local/geant4.10.4/include/Geant4/CLHEP/Units/SystemOfUnits.h:109:27: note: previous declaration is here
  static constexpr double m  = meter;                  
                          ^
In file included from /Users/lennertdekeukeleere/Documents/Work/Code/Geant4GarfieldDegradInterface/src/DetectorConstruction.cc:13:
In file included from /usr/local/include/CADMesh.hh:19:
In file included from /usr/local/include/assimp/Importer.hpp:53:
In file included from /usr/local/include/assimp/types.h:511:
/usr/local/include/assimp/matrix4x4.inl:262:73: warning: declaration shadows a variable in namespace 'CLHEP' [-Wshadow]
inline bool aiMatrix4x4t<TReal>::operator== (const aiMatrix4x4t<TReal>& m) const
                                                                        ^
/usr/local/geant4.10.4/include/Geant4/CLHEP/Units/SystemOfUnits.h:109:27: note: previous declaration is here
  static constexpr double m  = meter;                  
                          ^
In file included from /Users/lennertdekeukeleere/Documents/Work/Code/Geant4GarfieldDegradInterface/src/DetectorConstruction.cc:13:
In file included from /usr/local/include/CADMesh.hh:19:
In file included from /usr/local/include/assimp/Importer.hpp:53:
In file included from /usr/local/include/assimp/types.h:511:
/usr/local/include/assimp/matrix4x4.inl:272:73: warning: declaration shadows a variable in namespace 'CLHEP' [-Wshadow]
inline bool aiMatrix4x4t<TReal>::operator!= (const aiMatrix4x4t<TReal>& m) const
                                                                        ^
/usr/local/geant4.10.4/include/Geant4/CLHEP/Units/SystemOfUnits.h:109:27: note: previous declaration is here
  static constexpr double m  = meter;                  
                          ^
In file included from /Users/lennertdekeukeleere/Documents/Work/Code/Geant4GarfieldDegradInterface/src/DetectorConstruction.cc:13:
In file included from /usr/local/include/CADMesh.hh:19:
In file included from /usr/local/include/assimp/Importer.hpp:53:
In file included from /usr/local/include/assimp/types.h:511:
/usr/local/include/assimp/matrix4x4.inl:279:67: warning: declaration shadows a variable in namespace 'CLHEP' [-Wshadow]
inline bool aiMatrix4x4t<TReal>::Equal(const aiMatrix4x4t<TReal>& m, TReal epsilon) const {
                                                                  ^
/usr/local/geant4.10.4/include/Geant4/CLHEP/Units/SystemOfUnits.h:109:27: note: previous declaration is here
  static constexpr double m  = meter;                  
                          ^
In file included from /Users/lennertdekeukeleere/Documents/Work/Code/Geant4GarfieldDegradInterface/src/DetectorConstruction.cc:13:
In file included from /usr/local/include/CADMesh.hh:19:
In file included from /usr/local/include/assimp/Importer.hpp:53:
In file included from /usr/local/include/assimp/types.h:511:
/usr/local/include/assimp/matrix4x4.inl:345:22: warning: declaration shadows a variable in namespace 'CLHEP' [-Wshadow]
        aiMatrix3x3t<TReal> m(vRows[0].x,vRows[1].x,vRows[2].x,
                            ^
/usr/local/geant4.10.4/include/Geant4/CLHEP/Units/SystemOfUnits.h:109:27: note: previous declaration is here
  static constexpr double m  = meter;                  
                          ^
In file included from /Users/lennertdekeukeleere/Documents/Work/Code/Geant4GarfieldDegradInterface/src/DetectorConstruction.cc:13:
In file included from /usr/local/include/CADMesh.hh:19:
In file included from /usr/local/include/assimp/Importer.hpp:53:
In file included from /usr/local/include/assimp/types.h:511:
/usr/local/include/assimp/matrix4x4.inl:383:8: warning: declaration shadows a variable in namespace 'CLHEP' [-Wshadow]
        TReal sr = sin( x );
              ^
/usr/local/geant4.10.4/include/Geant4/CLHEP/Units/SystemOfUnits.h:131:27: note: previous declaration is here
  static constexpr double sr   = steradian;
                          ^
In file included from /Users/lennertdekeukeleere/Documents/Work/Code/Geant4GarfieldDegradInterface/src/DetectorConstruction.cc:13:
In file included from /usr/local/include/CADMesh.hh:19:
In file included from /usr/local/include/assimp/Importer.hpp:53:
In file included from /usr/local/include/assimp/types.h:511:
/usr/local/include/assimp/matrix4x4.inl:483:22: warning: declaration shadows a variable in namespace 'CLHEP' [-Wshadow]
  TReal c = cos( a), s = sin( a), t = 1 - c;
                     ^
/usr/local/geant4.10.4/include/Geant4/CLHEP/Units/SystemOfUnits.h:149:28: note: previous declaration is here
  static constexpr double  s = second;
                           ^
In file included from /Users/lennertdekeukeleere/Documents/Work/Code/Geant4GarfieldDegradInterface/src/DetectorConstruction.cc:13:
In file included from /usr/local/include/CADMesh.hh:19:
In file included from /usr/local/include/assimp/Importer.hpp:53:
In file included from /usr/local/include/assimp/types.h:511:
/usr/local/include/assimp/matrix4x4.inl:533:22: warning: declaration shadows a variable in namespace 'CLHEP' [-Wshadow]
        aiMatrix3x3t<TReal> m3;
                            ^
/usr/local/geant4.10.4/include/Geant4/CLHEP/Units/SystemOfUnits.h:111:27: note: previous declaration is here
  static constexpr double m3 = meter3;
                          ^
In file included from /Users/lennertdekeukeleere/Documents/Work/Code/Geant4GarfieldDegradInterface/src/DetectorConstruction.cc:13:
In file included from /usr/local/include/CADMesh.hh:20:
In file included from /usr/local/include/assimp/scene.h:49:
/usr/local/include/assimp/texture.h:169:31: warning: declaration shadows a variable in namespace 'CLHEP' [-Wshadow]
        bool CheckFormat(const char* s) const
                                     ^
/usr/local/geant4.10.4/include/Geant4/CLHEP/Units/SystemOfUnits.h:149:28: note: previous declaration is here
  static constexpr double  s = second;
                           ^
In file included from /Users/lennertdekeukeleere/Documents/Work/Code/Geant4GarfieldDegradInterface/InterfaceExample.cc:25:
In file included from /Users/lennertdekeukeleere/Documents/Work/Code/Geant4GarfieldDegradInterface/include/DetectorConstruction.hh:5:
In file included from /Users/lennertdekeukeleere/Documents/Work/Code/Geant4GarfieldDegradInterface/include/HeedInterfaceModel.hh:11:
In file included from /Users/lennertdekeukeleere/Documents/Work/Code/Geant4GarfieldDegradInterface/include/HeedModel.hh:27:
/Users/lennertdekeukeleere/Documents/Work/Code/Geant4GarfieldDegradInterface/include/GasModelParameters.hh:31:37: warning: declaration shadows a variable in namespace 'CLHEP' [-Wshadow]
    inline void SetGasFile(G4String s) { gasFile = s;};
                                    ^
/usr/local/geant4.10.4/include/Geant4/CLHEP/Units/SystemOfUnits.h:149:28: note: previous declaration is here
  static constexpr double  s = second;
                           ^
In file included from /Users/lennertdekeukeleere/Documents/Work/Code/Geant4GarfieldDegradInterface/InterfaceExample.cc:25:
In file included from /Users/lennertdekeukeleere/Documents/Work/Code/Geant4GarfieldDegradInterface/include/DetectorConstruction.hh:5:
In file included from /Users/lennertdekeukeleere/Documents/Work/Code/Geant4GarfieldDegradInterface/include/HeedInterfaceModel.hh:11:
In file included from /Users/lennertdekeukeleere/Documents/Work/Code/Geant4GarfieldDegradInterface/include/HeedModel.hh:27:
/Users/lennertdekeukeleere/Documents/Work/Code/Geant4GarfieldDegradInterface/include/GasModelParameters.hh:33:45: warning: declaration shadows a variable in namespace 'CLHEP' [-Wshadow]
    inline void SetIonMobilityFile(G4String s) { ionMobFile = s; };
                                            ^
/usr/local/geant4.10.4/include/Geant4/CLHEP/Units/SystemOfUnits.h:149:28: note: previous declaration is here
  static constexpr double  s = second;
                           ^
In file included from /Users/lennertdekeukeleere/Documents/Work/Code/Geant4GarfieldDegradInterface/src/DetectorConstruction.cc:18:
In file included from /Users/lennertdekeukeleere/Documents/Work/Code/Geant4GarfieldDegradInterface/include/GasBoxSD.hh:7:
/Users/lennertdekeukeleere/Documents/Work/Code/Geant4GarfieldDegradInterface/include/GasBoxHit.hh:23:7: warning: 'GasBoxHit::Draw' hides overloaded virtual function [-Woverloaded-virtual]
        void Draw() const{};
             ^
/usr/local/geant4.10.4/include/Geant4/G4VHit.hh:57:20: note: hidden overloaded virtual function 'G4VHit::Draw' declared here: different qualifiers (none vs const)
      virtual void Draw();
                   ^
In file included from /Users/lennertdekeukeleere/Documents/Work/Code/Geant4GarfieldDegradInterface/src/DetectorConstruction.cc:18:
In file included from /Users/lennertdekeukeleere/Documents/Work/Code/Geant4GarfieldDegradInterface/include/GasBoxSD.hh:7:
/Users/lennertdekeukeleere/Documents/Work/Code/Geant4GarfieldDegradInterface/include/GasBoxHit.hh:24:10: warning: 'GasBoxHit::Print' hides overloaded virtual function [-Woverloaded-virtual]
    void Print() const{};
         ^
/usr/local/geant4.10.4/include/Geant4/G4VHit.hh:58:20: note: hidden overloaded virtual function 'G4VHit::Print' declared here: different qualifiers (none vs const)
      virtual void Print();
                   ^
In file included from /Users/lennertdekeukeleere/Documents/Work/Code/Geant4GarfieldDegradInterface/src/DetectorConstruction.cc:21:
/Users/lennertdekeukeleere/Documents/Work/Code/Geant4GarfieldDegradInterface/include/DegradModel.hh:46:21: warning: unused parameter 'particleName' [-Wunused-parameter]
  void Run(G4String particleName, double ekin_keV, double t, double x_cm,
                    ^
/Users/lennertdekeukeleere/Documents/Work/Code/Geant4GarfieldDegradInterface/include/DegradModel.hh:46:42: warning: unused parameter 'ekin_keV' [-Wunused-parameter]
  void Run(G4String particleName, double ekin_keV, double t, double x_cm,
                                         ^
/Users/lennertdekeukeleere/Documents/Work/Code/Geant4GarfieldDegradInterface/include/DegradModel.hh:46:59: warning: unused parameter 't' [-Wunused-parameter]
  void Run(G4String particleName, double ekin_keV, double t, double x_cm,
                                                          ^
/Users/lennertdekeukeleere/Documents/Work/Code/Geant4GarfieldDegradInterface/include/DegradModel.hh:46:69: warning: unused parameter 'x_cm' [-Wunused-parameter]
  void Run(G4String particleName, double ekin_keV, double t, double x_cm,
                                                                    ^
/Users/lennertdekeukeleere/Documents/Work/Code/Geant4GarfieldDegradInterface/include/DegradModel.hh:47:19: warning: unused parameter 'y_cm' [-Wunused-parameter]
           double y_cm, double z_cm, double dx, double dy, double dz){};
                  ^
/Users/lennertdekeukeleere/Documents/Work/Code/Geant4GarfieldDegradInterface/include/DegradModel.hh:47:32: warning: unused parameter 'z_cm' [-Wunused-parameter]
           double y_cm, double z_cm, double dx, double dy, double dz){};
                               ^
/Users/lennertdekeukeleere/Documents/Work/Code/Geant4GarfieldDegradInterface/include/DegradModel.hh:47:45: warning: unused parameter 'dx' [-Wunused-parameter]
           double y_cm, double z_cm, double dx, double dy, double dz){};
                                            ^
/Users/lennertdekeukeleere/Documents/Work/Code/Geant4GarfieldDegradInterface/include/DegradModel.hh:47:56: warning: unused parameter 'dy' [-Wunused-parameter]
           double y_cm, double z_cm, double dx, double dy, double dz){};
                                                       ^
/Users/lennertdekeukeleere/Documents/Work/Code/Geant4GarfieldDegradInterface/include/DegradModel.hh:47:67: warning: unused parameter 'dz' [-Wunused-parameter]
           double y_cm, double z_cm, double dx, double dy, double dz){};
                                                                  ^
/Users/lennertdekeukeleere/Documents/Work/Code/Geant4GarfieldDegradInterface/src/DetectorConstruction.cc:217:23: warning: unused variable 'HIM' [-Wunused-variable]
  HeedInterfaceModel* HIM = new HeedInterfaceModel(fGasModelParameters,"HeedInterfaceModel",region,this);
                      ^
/Users/lennertdekeukeleere/Documents/Work/Code/Geant4GarfieldDegradInterface/src/DetectorConstruction.cc:216:18: warning: unused variable 'HOM' [-Wunused-variable]
  HeedOnlyModel* HOM = new HeedOnlyModel(fGasModelParameters,"HeedOnlyModel",region,this);
                 ^
/Users/lennertdekeukeleere/Documents/Work/Code/Geant4GarfieldDegradInterface/src/DetectorConstruction.cc:218:16: warning: unused variable 'DM' [-Wunused-variable]
  DegradModel* DM = new DegradModel(fGasModelParameters,"DegradModel",region,this);
               ^
In file included from /Users/lennertdekeukeleere/Documents/Work/Code/Geant4GarfieldDegradInterface/InterfaceExample.cc:25:
/Users/lennertdekeukeleere/Documents/Work/Code/Geant4GarfieldDegradInterface/include/DetectorConstruction.hh:62:35: warning: declaration shadows a variable in namespace 'CLHEP' [-Wshadow]
  inline void SetGasName(G4String s){gasName=s;};
                                  ^
/usr/local/geant4.10.4/include/Geant4/CLHEP/Units/SystemOfUnits.h:149:28: note: previous declaration is here
  static constexpr double  s = second;
                           ^
40 warnings generated.
50 warnings generated.
89 warnings generated.
3 warnings generated.
In file included from /Users/lennertdekeukeleere/Documents/Work/Code/Geant4GarfieldDegradInterface/src/GasBoxHit.cc:1:
/Users/lennertdekeukeleere/Documents/Work/Code/Geant4GarfieldDegradInterface/include/GasBoxHit.hh:23:7: warning: 'GasBoxHit::Draw' hides overloaded virtual function [-Woverloaded-virtual]
        void Draw() const{};
             ^
/usr/local/geant4.10.4/include/Geant4/G4VHit.hh:57:20: note: hidden overloaded virtual function 'G4VHit::Draw' declared here: different qualifiers (none vs const)
      virtual void Draw();
                   ^
In file included from /Users/lennertdekeukeleere/Documents/Work/Code/Geant4GarfieldDegradInterface/src/GasBoxHit.cc:1:
/Users/lennertdekeukeleere/Documents/Work/Code/Geant4GarfieldDegradInterface/include/GasBoxHit.hh:24:10: warning: 'GasBoxHit::Print' hides overloaded virtual function [-Woverloaded-virtual]
    void Print() const{};
         ^
/usr/local/geant4.10.4/include/Geant4/G4VHit.hh:58:20: note: hidden overloaded virtual function 'G4VHit::Print' declared here: different qualifiers (none vs const)
      virtual void Print();
                   ^
/Users/lennertdekeukeleere/Documents/Work/Code/Geant4GarfieldDegradInterface/src/GasBoxHit.cc:5:70: warning: field 'fz_mm' will be initialized after field 'fTime' [-Wreorder]
GasBoxHit::GasBoxHit() : G4VHit(), fEkin_MeV(0), fx_mm(0), fy_mm(0), fz_mm(0), fTime(0), id(0), parent_id(0){}
                                                                     ^
3 warnings generated.
In file included from /Users/lennertdekeukeleere/Documents/Work/Code/Geant4GarfieldDegradInterface/src/GasModelParameters.cc:1:
/Users/lennertdekeukeleere/Documents/Work/Code/Geant4GarfieldDegradInterface/include/GasModelParameters.hh:31:37: warning: declaration shadows a variable in namespace 'CLHEP' [-Wshadow]
    inline void SetGasFile(G4String s) { gasFile = s;};
                                    ^
/usr/local/geant4.10.4/include/Geant4/CLHEP/Units/SystemOfUnits.h:149:28: note: previous declaration is here
  static constexpr double  s = second;
                           ^
In file included from /Users/lennertdekeukeleere/Documents/Work/Code/Geant4GarfieldDegradInterface/src/GasModelParameters.cc:1:
/Users/lennertdekeukeleere/Documents/Work/Code/Geant4GarfieldDegradInterface/include/GasModelParameters.hh:33:45: warning: declaration shadows a variable in namespace 'CLHEP' [-Wshadow]
    inline void SetIonMobilityFile(G4String s) { ionMobFile = s; };
                                            ^
/usr/local/geant4.10.4/include/Geant4/CLHEP/Units/SystemOfUnits.h:149:28: note: previous declaration is here
  static constexpr double  s = second;
                           ^
In file included from /Users/lennertdekeukeleere/Documents/Work/Code/Geant4GarfieldDegradInterface/src/GasBoxSD.cc:1:
In file included from /Users/lennertdekeukeleere/Documents/Work/Code/Geant4GarfieldDegradInterface/include/GasBoxSD.hh:7:
/Users/lennertdekeukeleere/Documents/Work/Code/Geant4GarfieldDegradInterface/include/GasBoxHit.hh:23:7: warning: 'GasBoxHit::Draw' hides overloaded virtual function [-Woverloaded-virtual]
        void Draw() const{};
             ^
/usr/local/geant4.10.4/include/Geant4/G4VHit.hh:57:20: note: hidden overloaded virtual function 'G4VHit::Draw' declared here: different qualifiers (none vs const)
      virtual void Draw();
                   ^
In file included from /Users/lennertdekeukeleere/Documents/Work/Code/Geant4GarfieldDegradInterface/src/GasBoxSD.cc:1:
In file included from /Users/lennertdekeukeleere/Documents/Work/Code/Geant4GarfieldDegradInterface/include/GasBoxSD.hh:7:
/Users/lennertdekeukeleere/Documents/Work/Code/Geant4GarfieldDegradInterface/include/GasBoxHit.hh:24:10: warning: 'GasBoxHit::Print' hides overloaded virtual function [-Woverloaded-virtual]
    void Print() const{};
         ^
/usr/local/geant4.10.4/include/Geant4/G4VHit.hh:58:20: note: hidden overloaded virtual function 'G4VHit::Print' declared here: different qualifiers (none vs const)
      virtual void Print();
                   ^
In file included from /Users/lennertdekeukeleere/Documents/Work/Code/Geant4GarfieldDegradInterface/src/GasModelParameters.cc:2:
/Users/lennertdekeukeleere/Documents/Work/Code/Geant4GarfieldDegradInterface/include/DegradModel.hh:46:21: warning: unused parameter 'particleName' [-Wunused-parameter]
  void Run(G4String particleName, double ekin_keV, double t, double x_cm,
                    ^
/Users/lennertdekeukeleere/Documents/Work/Code/Geant4GarfieldDegradInterface/include/DegradModel.hh:46:42: warning: unused parameter 'ekin_keV' [-Wunused-parameter]
  void Run(G4String particleName, double ekin_keV, double t, double x_cm,
                                         ^
/Users/lennertdekeukeleere/Documents/Work/Code/Geant4GarfieldDegradInterface/include/DegradModel.hh:46:59: warning: unused parameter 't' [-Wunused-parameter]
  void Run(G4String particleName, double ekin_keV, double t, double x_cm,
                                                          ^
/Users/lennertdekeukeleere/Documents/Work/Code/Geant4GarfieldDegradInterface/include/DegradModel.hh:46:69: warning: unused parameter 'x_cm' [-Wunused-parameter]
  void Run(G4String particleName, double ekin_keV, double t, double x_cm,
                                                                    ^
/Users/lennertdekeukeleere/Documents/Work/Code/Geant4GarfieldDegradInterface/include/DegradModel.hh:47:19: warning: unused parameter 'y_cm' [-Wunused-parameter]
           double y_cm, double z_cm, double dx, double dy, double dz){};
                  ^
/Users/lennertdekeukeleere/Documents/Work/Code/Geant4GarfieldDegradInterface/include/DegradModel.hh:47:32: warning: unused parameter 'z_cm' [-Wunused-parameter]
           double y_cm, double z_cm, double dx, double dy, double dz){};
                               ^
/Users/lennertdekeukeleere/Documents/Work/Code/Geant4GarfieldDegradInterface/include/DegradModel.hh:47:45: warning: unused parameter 'dx' [-Wunused-parameter]
           double y_cm, double z_cm, double dx, double dy, double dz){};
                                            ^
/Users/lennertdekeukeleere/Documents/Work/Code/Geant4GarfieldDegradInterface/include/DegradModel.hh:47:56: warning: unused parameter 'dy' [-Wunused-parameter]
           double y_cm, double z_cm, double dx, double dy, double dz){};
                                                       ^
/Users/lennertdekeukeleere/Documents/Work/Code/Geant4GarfieldDegradInterface/include/DegradModel.hh:47:67: warning: unused parameter 'dz' [-Wunused-parameter]
           double y_cm, double z_cm, double dx, double dy, double dz){};
                                                                  ^
In file included from /Users/lennertdekeukeleere/Documents/Work/Code/Geant4GarfieldDegradInterface/src/GasModelParameters.cc:3:
In file included from /Users/lennertdekeukeleere/Documents/Work/Code/Geant4GarfieldDegradInterface/include/HeedInterfaceModel.hh:11:
In file included from /Users/lennertdekeukeleere/Documents/Work/Code/Geant4GarfieldDegradInterface/include/HeedModel.hh:15:
In file included from /usr/local/src/garfield/Include/AvalancheMicroscopic.hh:7:
In file included from /Applications/root_v6.14.00/include/TH1.h:24:
In file included from /Applications/root_v6.14.00/include/TAxis.h:24:
In file included from /Applications/root_v6.14.00/include/TNamed.h:26:
/Applications/root_v6.14.00/include/TString.h:99:33: warning: declaration shadows a variable in namespace 'CLHEP' [-Wshadow]
   TSubString(const TSubString &s)
                                ^
/usr/local/geant4.10.4/include/Geant4/CLHEP/Units/SystemOfUnits.h:149:28: note: previous declaration is here
  static constexpr double  s = second;
                           ^
In file included from /Users/lennertdekeukeleere/Documents/Work/Code/Geant4GarfieldDegradInterface/src/GasModelParameters.cc:3:
In file included from /Users/lennertdekeukeleere/Documents/Work/Code/Geant4GarfieldDegradInterface/include/HeedInterfaceModel.hh:11:
In file included from /Users/lennertdekeukeleere/Documents/Work/Code/Geant4GarfieldDegradInterface/include/HeedModel.hh:15:
In file included from /usr/local/src/garfield/Include/AvalancheMicroscopic.hh:7:
In file included from /Applications/root_v6.14.00/include/TH1.h:24:
In file included from /Applications/root_v6.14.00/include/TAxis.h:24:
In file included from /Applications/root_v6.14.00/include/TNamed.h:26:
/Applications/root_v6.14.00/include/TString.h:219:32: warning: declaration shadows a variable in namespace 'CLHEP' [-Wshadow]
   static Ssiz_t  Align(Ssiz_t s) { return (s + (kAlignment-1)) & ~(kAlignment-1); }
                               ^
/usr/local/geant4.10.4/include/Geant4/CLHEP/Units/SystemOfUnits.h:149:28: note: previous declaration is here
  static constexpr double  s = second;
                           ^
In file included from /Users/lennertdekeukeleere/Documents/Work/Code/Geant4GarfieldDegradInterface/src/GasModelParameters.cc:3:
In file included from /Users/lennertdekeukeleere/Documents/Work/Code/Geant4GarfieldDegradInterface/include/HeedInterfaceModel.hh:11:
In file included from /Users/lennertdekeukeleere/Documents/Work/Code/Geant4GarfieldDegradInterface/include/HeedModel.hh:15:
In file included from /usr/local/src/garfield/Include/AvalancheMicroscopic.hh:7:
In file included from /Applications/root_v6.14.00/include/TH1.h:24:
In file included from /Applications/root_v6.14.00/include/TAxis.h:24:
In file included from /Applications/root_v6.14.00/include/TNamed.h:26:
/Applications/root_v6.14.00/include/TString.h:220:36: warning: declaration shadows a variable in namespace 'CLHEP' [-Wshadow]
   static Ssiz_t  Recommend(Ssiz_t s) { return (s < kMinCap ? kMinCap : Align(s+1)) - 1; }
                                   ^
/usr/local/geant4.10.4/include/Geant4/CLHEP/Units/SystemOfUnits.h:149:28: note: previous declaration is here
  static constexpr double  s = second;
                           ^
In file included from /Users/lennertdekeukeleere/Documents/Work/Code/Geant4GarfieldDegradInterface/src/GasModelParameters.cc:3:
In file included from /Users/lennertdekeukeleere/Documents/Work/Code/Geant4GarfieldDegradInterface/include/HeedInterfaceModel.hh:11:
In file included from /Users/lennertdekeukeleere/Documents/Work/Code/Geant4GarfieldDegradInterface/include/HeedModel.hh:15:
In file included from /usr/local/src/garfield/Include/AvalancheMicroscopic.hh:7:
In file included from /Applications/root_v6.14.00/include/TH1.h:24:
In file included from /Applications/root_v6.14.00/include/TAxis.h:24:
In file included from /Applications/root_v6.14.00/include/TNamed.h:26:
/Applications/root_v6.14.00/include/TString.h:226:39: warning: declaration shadows a variable in namespace 'CLHEP' [-Wshadow]
   void           SetShortSize(Ssiz_t s) { fRep.fShort.fSize = (unsigned char)(s << 1); }
                                      ^
/usr/local/geant4.10.4/include/Geant4/CLHEP/Units/SystemOfUnits.h:149:28: note: previous declaration is here
  static constexpr double  s = second;
                           ^
In file included from /Users/lennertdekeukeleere/Documents/Work/Code/Geant4GarfieldDegradInterface/src/GasModelParameters.cc:3:
In file included from /Users/lennertdekeukeleere/Documents/Work/Code/Geant4GarfieldDegradInterface/include/HeedInterfaceModel.hh:11:
In file included from /Users/lennertdekeukeleere/Documents/Work/Code/Geant4GarfieldDegradInterface/include/HeedModel.hh:15:
In file included from /usr/local/src/garfield/Include/AvalancheMicroscopic.hh:7:
In file included from /Applications/root_v6.14.00/include/TH1.h:24:
In file included from /Applications/root_v6.14.00/include/TAxis.h:24:
In file included from /Applications/root_v6.14.00/include/TNamed.h:26:
/Applications/root_v6.14.00/include/TString.h:232:38: warning: declaration shadows a variable in namespace 'CLHEP' [-Wshadow]
   void           SetLongSize(Ssiz_t s) { fRep.fLong.fSize = s; }
                                     ^
/usr/local/geant4.10.4/include/Geant4/CLHEP/Units/SystemOfUnits.h:149:28: note: previous declaration is here
  static constexpr double  s = second;
                           ^
In file included from /Users/lennertdekeukeleere/Documents/Work/Code/Geant4GarfieldDegradInterface/src/GasModelParameters.cc:3:
In file included from /Users/lennertdekeukeleere/Documents/Work/Code/Geant4GarfieldDegradInterface/include/HeedInterfaceModel.hh:11:
In file included from /Users/lennertdekeukeleere/Documents/Work/Code/Geant4GarfieldDegradInterface/include/HeedModel.hh:15:
In file included from /usr/local/src/garfield/Include/AvalancheMicroscopic.hh:7:
In file included from /Applications/root_v6.14.00/include/TH1.h:24:
In file included from /Applications/root_v6.14.00/include/TAxis.h:24:
In file included from /Applications/root_v6.14.00/include/TNamed.h:26:
/Applications/root_v6.14.00/include/TString.h:234:34: warning: declaration shadows a variable in namespace 'CLHEP' [-Wshadow]
   void           SetSize(Ssiz_t s) { IsLong() ? SetLongSize(s) : SetShortSize(s); }
                                 ^
/usr/local/geant4.10.4/include/Geant4/CLHEP/Units/SystemOfUnits.h:149:28: note: previous declaration is here
  static constexpr double  s = second;
                           ^
In file included from /Users/lennertdekeukeleere/Documents/Work/Code/Geant4GarfieldDegradInterface/src/GasModelParameters.cc:3:
In file included from /Users/lennertdekeukeleere/Documents/Work/Code/Geant4GarfieldDegradInterface/include/HeedInterfaceModel.hh:11:
In file included from /Users/lennertdekeukeleere/Documents/Work/Code/Geant4GarfieldDegradInterface/include/HeedModel.hh:15:
In file included from /usr/local/src/garfield/Include/AvalancheMicroscopic.hh:7:
In file included from /Applications/root_v6.14.00/include/TH1.h:24:
In file included from /Applications/root_v6.14.00/include/TAxis.h:24:
In file included from /Applications/root_v6.14.00/include/TNamed.h:26:
/Applications/root_v6.14.00/include/TString.h:235:37: warning: declaration shadows a variable in namespace 'CLHEP' [-Wshadow]
   void           SetLongCap(Ssiz_t s) { fRep.fLong.fCap = kLongMask | s; }
                                    ^
/usr/local/geant4.10.4/include/Geant4/CLHEP/Units/SystemOfUnits.h:149:28: note: previous declaration is here
  static constexpr double  s = second;
                           ^
In file included from /Users/lennertdekeukeleere/Documents/Work/Code/Geant4GarfieldDegradInterface/src/GasModelParameters.cc:3:
In file included from /Users/lennertdekeukeleere/Documents/Work/Code/Geant4GarfieldDegradInterface/include/HeedInterfaceModel.hh:11:
In file included from /Users/lennertdekeukeleere/Documents/Work/Code/Geant4GarfieldDegradInterface/include/HeedModel.hh:15:
In file included from /usr/local/src/garfield/Include/AvalancheMicroscopic.hh:7:
In file included from /Applications/root_v6.14.00/include/TH1.h:24:
In file included from /Applications/root_v6.14.00/include/TAxis.h:24:
In file included from /Applications/root_v6.14.00/include/TNamed.h:26:
/Applications/root_v6.14.00/include/TString.h:481:35: warning: declaration shadows a variable in namespace 'CLHEP' [-Wshadow]
inline UInt_t Hash(const TString &s) { return s.Hash(); }
                                  ^
/usr/local/geant4.10.4/include/Geant4/CLHEP/Units/SystemOfUnits.h:149:28: note: previous declaration is here
  static constexpr double  s = second;
                           ^
In file included from /Users/lennertdekeukeleere/Documents/Work/Code/Geant4GarfieldDegradInterface/src/GasModelParameters.cc:3:
In file included from /Users/lennertdekeukeleere/Documents/Work/Code/Geant4GarfieldDegradInterface/include/HeedInterfaceModel.hh:11:
In file included from /Users/lennertdekeukeleere/Documents/Work/Code/Geant4GarfieldDegradInterface/include/HeedModel.hh:15:
In file included from /usr/local/src/garfield/Include/AvalancheMicroscopic.hh:7:
In file included from /Applications/root_v6.14.00/include/TH1.h:24:
In file included from /Applications/root_v6.14.00/include/TAxis.h:24:
In file included from /Applications/root_v6.14.00/include/TNamed.h:26:
/Applications/root_v6.14.00/include/TString.h:482:35: warning: declaration shadows a variable in namespace 'CLHEP' [-Wshadow]
inline UInt_t Hash(const TString *s) { return s->Hash(); }
                                  ^
/usr/local/geant4.10.4/include/Geant4/CLHEP/Units/SystemOfUnits.h:149:28: note: previous declaration is here
  static constexpr double  s = second;
                           ^
In file included from /Users/lennertdekeukeleere/Documents/Work/Code/Geant4GarfieldDegradInterface/src/GasModelParameters.cc:3:
In file included from /Users/lennertdekeukeleere/Documents/Work/Code/Geant4GarfieldDegradInterface/include/HeedInterfaceModel.hh:11:
In file included from /Users/lennertdekeukeleere/Documents/Work/Code/Geant4GarfieldDegradInterface/include/HeedModel.hh:15:
In file included from /usr/local/src/garfield/Include/AvalancheMicroscopic.hh:7:
In file included from /Applications/root_v6.14.00/include/TH1.h:24:
In file included from /Applications/root_v6.14.00/include/TAxis.h:24:
In file included from /Applications/root_v6.14.00/include/TNamed.h:26:
/Applications/root_v6.14.00/include/TString.h:516:19: warning: declaration shadows a variable in namespace 'CLHEP' [-Wshadow]
operator+(TString s, T i)
                  ^
/usr/local/geant4.10.4/include/Geant4/CLHEP/Units/SystemOfUnits.h:149:28: note: previous declaration is here
  static constexpr double  s = second;
                           ^
In file included from /Users/lennertdekeukeleere/Documents/Work/Code/Geant4GarfieldDegradInterface/src/GasModelParameters.cc:3:
In file included from /Users/lennertdekeukeleere/Documents/Work/Code/Geant4GarfieldDegradInterface/include/HeedInterfaceModel.hh:11:
In file included from /Users/lennertdekeukeleere/Documents/Work/Code/Geant4GarfieldDegradInterface/include/HeedModel.hh:15:
In file included from /usr/local/src/garfield/Include/AvalancheMicroscopic.hh:7:
In file included from /Applications/root_v6.14.00/include/TH1.h:24:
In file included from /Applications/root_v6.14.00/include/TAxis.h:24:
In file included from /Applications/root_v6.14.00/include/TNamed.h:26:
/Applications/root_v6.14.00/include/TString.h:521:19: warning: declaration shadows a variable in namespace 'CLHEP' [-Wshadow]
operator+(TString s, T u)
                  ^
/usr/local/geant4.10.4/include/Geant4/CLHEP/Units/SystemOfUnits.h:149:28: note: previous declaration is here
  static constexpr double  s = second;
                           ^
In file included from /Users/lennertdekeukeleere/Documents/Work/Code/Geant4GarfieldDegradInterface/src/GasModelParameters.cc:3:
In file included from /Users/lennertdekeukeleere/Documents/Work/Code/Geant4GarfieldDegradInterface/include/HeedInterfaceModel.hh:11:
In file included from /Users/lennertdekeukeleere/Documents/Work/Code/Geant4GarfieldDegradInterface/include/HeedModel.hh:15:
In file included from /usr/local/src/garfield/Include/AvalancheMicroscopic.hh:7:
In file included from /Applications/root_v6.14.00/include/TH1.h:24:
In file included from /Applications/root_v6.14.00/include/TAxis.h:24:
In file included from /Applications/root_v6.14.00/include/TNamed.h:26:
/Applications/root_v6.14.00/include/TString.h:526:19: warning: declaration shadows a variable in namespace 'CLHEP' [-Wshadow]
operator+(TString s, T f)
                  ^
/usr/local/geant4.10.4/include/Geant4/CLHEP/Units/SystemOfUnits.h:149:28: note: previous declaration is here
  static constexpr double  s = second;
                           ^
In file included from /Users/lennertdekeukeleere/Documents/Work/Code/Geant4GarfieldDegradInterface/src/GasModelParameters.cc:3:
In file included from /Users/lennertdekeukeleere/Documents/Work/Code/Geant4GarfieldDegradInterface/include/HeedInterfaceModel.hh:11:
In file included from /Users/lennertdekeukeleere/Documents/Work/Code/Geant4GarfieldDegradInterface/include/HeedModel.hh:15:
In file included from /usr/local/src/garfield/Include/AvalancheMicroscopic.hh:7:
In file included from /Applications/root_v6.14.00/include/TH1.h:24:
In file included from /Applications/root_v6.14.00/include/TAxis.h:24:
In file included from /Applications/root_v6.14.00/include/TNamed.h:26:
/Applications/root_v6.14.00/include/TString.h:531:31: warning: declaration shadows a variable in namespace 'CLHEP' [-Wshadow]
operator+(T i, const TString &s)
                              ^
/usr/local/geant4.10.4/include/Geant4/CLHEP/Units/SystemOfUnits.h:149:28: note: previous declaration is here
  static constexpr double  s = second;
                           ^
In file included from /Users/lennertdekeukeleere/Documents/Work/Code/Geant4GarfieldDegradInterface/src/GasModelParameters.cc:3:
In file included from /Users/lennertdekeukeleere/Documents/Work/Code/Geant4GarfieldDegradInterface/include/HeedInterfaceModel.hh:11:
In file included from /Users/lennertdekeukeleere/Documents/Work/Code/Geant4GarfieldDegradInterface/include/HeedModel.hh:15:
In file included from /usr/local/src/garfield/Include/AvalancheMicroscopic.hh:7:
In file included from /Applications/root_v6.14.00/include/TH1.h:24:
In file included from /Applications/root_v6.14.00/include/TAxis.h:24:
In file included from /Applications/root_v6.14.00/include/TNamed.h:26:
/Applications/root_v6.14.00/include/TString.h:541:31: warning: declaration shadows a variable in namespace 'CLHEP' [-Wshadow]
operator+(T u, const TString &s)
                              ^
/usr/local/geant4.10.4/include/Geant4/CLHEP/Units/SystemOfUnits.h:149:28: note: previous declaration is here
  static constexpr double  s = second;
                           ^
In file included from /Users/lennertdekeukeleere/Documents/Work/Code/Geant4GarfieldDegradInterface/src/GasModelParameters.cc:3:
In file included from /Users/lennertdekeukeleere/Documents/Work/Code/Geant4GarfieldDegradInterface/include/HeedInterfaceModel.hh:11:
In file included from /Users/lennertdekeukeleere/Documents/Work/Code/Geant4GarfieldDegradInterface/include/HeedModel.hh:15:
In file included from /usr/local/src/garfield/Include/AvalancheMicroscopic.hh:7:
In file included from /Applications/root_v6.14.00/include/TH1.h:24:
In file included from /Applications/root_v6.14.00/include/TAxis.h:24:
In file included from /Applications/root_v6.14.00/include/TNamed.h:26:
/Applications/root_v6.14.00/include/TString.h:551:31: warning: declaration shadows a variable in namespace 'CLHEP' [-Wshadow]
operator+(T f, const TString &s)
                              ^
/usr/local/geant4.10.4/include/Geant4/CLHEP/Units/SystemOfUnits.h:149:28: note: previous declaration is here
  static constexpr double  s = second;
                           ^
In file included from /Users/lennertdekeukeleere/Documents/Work/Code/Geant4GarfieldDegradInterface/src/GasModelParameters.cc:3:
In file included from /Users/lennertdekeukeleere/Documents/Work/Code/Geant4GarfieldDegradInterface/include/HeedInterfaceModel.hh:11:
In file included from /Users/lennertdekeukeleere/Documents/Work/Code/Geant4GarfieldDegradInterface/include/HeedModel.hh:15:
In file included from /usr/local/src/garfield/Include/AvalancheMicroscopic.hh:7:
In file included from /Applications/root_v6.14.00/include/TH1.h:24:
In file included from /Applications/root_v6.14.00/include/TAxis.h:24:
In file included from /Applications/root_v6.14.00/include/TNamed.h:26:
/Applications/root_v6.14.00/include/TString.h:565:48: warning: declaration shadows a variable in namespace 'CLHEP' [-Wshadow]
inline TString &TString::Append(const TString &s)
                                               ^
/usr/local/geant4.10.4/include/Geant4/CLHEP/Units/SystemOfUnits.h:149:28: note: previous declaration is here
  static constexpr double  s = second;
                           ^
In file included from /Users/lennertdekeukeleere/Documents/Work/Code/Geant4GarfieldDegradInterface/src/GasModelParameters.cc:3:
In file included from /Users/lennertdekeukeleere/Documents/Work/Code/Geant4GarfieldDegradInterface/include/HeedInterfaceModel.hh:11:
In file included from /Users/lennertdekeukeleere/Documents/Work/Code/Geant4GarfieldDegradInterface/include/HeedModel.hh:15:
In file included from /usr/local/src/garfield/Include/AvalancheMicroscopic.hh:7:
In file included from /Applications/root_v6.14.00/include/TH1.h:24:
In file included from /Applications/root_v6.14.00/include/TAxis.h:24:
In file included from /Applications/root_v6.14.00/include/TNamed.h:26:
/Applications/root_v6.14.00/include/TString.h:568:48: warning: declaration shadows a variable in namespace 'CLHEP' [-Wshadow]
inline TString &TString::Append(const TString &s, Ssiz_t n)
                                               ^
/usr/local/geant4.10.4/include/Geant4/CLHEP/Units/SystemOfUnits.h:149:28: note: previous declaration is here
  static constexpr double  s = second;
                           ^
In file included from /Users/lennertdekeukeleere/Documents/Work/Code/Geant4GarfieldDegradInterface/src/GasModelParameters.cc:3:
In file included from /Users/lennertdekeukeleere/Documents/Work/Code/Geant4GarfieldDegradInterface/include/HeedInterfaceModel.hh:11:
In file included from /Users/lennertdekeukeleere/Documents/Work/Code/Geant4GarfieldDegradInterface/include/HeedModel.hh:15:
In file included from /usr/local/src/garfield/Include/AvalancheMicroscopic.hh:7:
In file included from /Applications/root_v6.14.00/include/TH1.h:24:
In file included from /Applications/root_v6.14.00/include/TAxis.h:24:
In file included from /Applications/root_v6.14.00/include/TNamed.h:26:
/Applications/root_v6.14.00/include/TString.h:574:52: warning: declaration shadows a variable in namespace 'CLHEP' [-Wshadow]
inline TString &TString::operator+=(const TString &s)
                                                   ^
/usr/local/geant4.10.4/include/Geant4/CLHEP/Units/SystemOfUnits.h:149:28: note: previous declaration is here
  static constexpr double  s = second;
                           ^
In file included from /Users/lennertdekeukeleere/Documents/Work/Code/Geant4GarfieldDegradInterface/src/GasModelParameters.cc:3:
In file included from /Users/lennertdekeukeleere/Documents/Work/Code/Geant4GarfieldDegradInterface/include/HeedInterfaceModel.hh:11:
In file included from /Users/lennertdekeukeleere/Documents/Work/Code/Geant4GarfieldDegradInterface/include/HeedModel.hh:15:
In file included from /usr/local/src/garfield/Include/AvalancheMicroscopic.hh:7:
In file included from /Applications/root_v6.14.00/include/TH1.h:24:
In file included from /Applications/root_v6.14.00/include/TAxis.h:24:
In file included from /Applications/root_v6.14.00/include/TNamed.h:26:
/Applications/root_v6.14.00/include/TString.h:610:47: warning: declaration shadows a variable in namespace 'CLHEP' [-Wshadow]
inline Bool_t TString::BeginsWith(const char *s, ECaseCompare cmp) const
                                              ^
/usr/local/geant4.10.4/include/Geant4/CLHEP/Units/SystemOfUnits.h:149:28: note: previous declaration is here
  static constexpr double  s = second;
                           ^
In file included from /Users/lennertdekeukeleere/Documents/Work/Code/Geant4GarfieldDegradInterface/src/GasModelParameters.cc:3:
In file included from /Users/lennertdekeukeleere/Documents/Work/Code/Geant4GarfieldDegradInterface/include/HeedInterfaceModel.hh:11:
In file included from /Users/lennertdekeukeleere/Documents/Work/Code/Geant4GarfieldDegradInterface/include/HeedModel.hh:15:
In file included from /usr/local/src/garfield/Include/AvalancheMicroscopic.hh:7:
In file included from /Applications/root_v6.14.00/include/TH1.h:24:
In file included from /Applications/root_v6.14.00/include/TAxis.h:24:
In file included from /Applications/root_v6.14.00/include/TNamed.h:26:
/Applications/root_v6.14.00/include/TString.h:619:45: warning: declaration shadows a variable in namespace 'CLHEP' [-Wshadow]
inline Bool_t TString::Contains(const char *s, ECaseCompare cmp) const
                                            ^
/usr/local/geant4.10.4/include/Geant4/CLHEP/Units/SystemOfUnits.h:149:28: note: previous declaration is here
  static constexpr double  s = second;
                           ^
In file included from /Users/lennertdekeukeleere/Documents/Work/Code/Geant4GarfieldDegradInterface/src/GasModelParameters.cc:3:
In file included from /Users/lennertdekeukeleere/Documents/Work/Code/Geant4GarfieldDegradInterface/include/HeedInterfaceModel.hh:11:
In file included from /Users/lennertdekeukeleere/Documents/Work/Code/Geant4GarfieldDegradInterface/include/HeedModel.hh:15:
In file included from /usr/local/src/garfield/Include/AvalancheMicroscopic.hh:7:
In file included from /Applications/root_v6.14.00/include/TH1.h:24:
In file included from /Applications/root_v6.14.00/include/TAxis.h:24:
In file included from /Applications/root_v6.14.00/include/TNamed.h:26:
/Applications/root_v6.14.00/include/TString.h:634:42: warning: declaration shadows a variable in namespace 'CLHEP' [-Wshadow]
inline Ssiz_t TString::Index(const char *s, Ssiz_t i, ECaseCompare cmp) const
                                         ^
/usr/local/geant4.10.4/include/Geant4/CLHEP/Units/SystemOfUnits.h:149:28: note: previous declaration is here
  static constexpr double  s = second;
                           ^
In file included from /Users/lennertdekeukeleere/Documents/Work/Code/Geant4GarfieldDegradInterface/src/GasModelParameters.cc:3:
In file included from /Users/lennertdekeukeleere/Documents/Work/Code/Geant4GarfieldDegradInterface/include/HeedInterfaceModel.hh:11:
In file included from /Users/lennertdekeukeleere/Documents/Work/Code/Geant4GarfieldDegradInterface/include/HeedModel.hh:15:
In file included from /usr/local/src/garfield/Include/AvalancheMicroscopic.hh:7:
In file included from /Applications/root_v6.14.00/include/TH1.h:24:
In file included from /Applications/root_v6.14.00/include/TAxis.h:24:
In file included from /Applications/root_v6.14.00/include/TNamed.h:26:
/Applications/root_v6.14.00/include/TString.h:637:45: warning: declaration shadows a variable in namespace 'CLHEP' [-Wshadow]
inline Ssiz_t TString::Index(const TString &s, Ssiz_t i, ECaseCompare cmp) const
                                            ^
/usr/local/geant4.10.4/include/Geant4/CLHEP/Units/SystemOfUnits.h:149:28: note: previous declaration is here
  static constexpr double  s = second;
                           ^
In file included from /Users/lennertdekeukeleere/Documents/Work/Code/Geant4GarfieldDegradInterface/src/GasModelParameters.cc:3:
In file included from /Users/lennertdekeukeleere/Documents/Work/Code/Geant4GarfieldDegradInterface/include/HeedInterfaceModel.hh:11:
In file included from /Users/lennertdekeukeleere/Documents/Work/Code/Geant4GarfieldDegradInterface/include/HeedModel.hh:15:
In file included from /usr/local/src/garfield/Include/AvalancheMicroscopic.hh:7:
In file included from /Applications/root_v6.14.00/include/TH1.h:24:
In file included from /Applications/root_v6.14.00/include/TAxis.h:24:
In file included from /Applications/root_v6.14.00/include/TNamed.h:26:
/Applications/root_v6.14.00/include/TString.h:650:60: warning: declaration shadows a variable in namespace 'CLHEP' [-Wshadow]
inline TString &TString::Insert(Ssiz_t pos, const TString &s)
                                                           ^
/usr/local/geant4.10.4/include/Geant4/CLHEP/Units/SystemOfUnits.h:149:28: note: previous declaration is here
  static constexpr double  s = second;
                           ^
In file included from /Users/lennertdekeukeleere/Documents/Work/Code/Geant4GarfieldDegradInterface/src/GasModelParameters.cc:3:
In file included from /Users/lennertdekeukeleere/Documents/Work/Code/Geant4GarfieldDegradInterface/include/HeedInterfaceModel.hh:11:
In file included from /Users/lennertdekeukeleere/Documents/Work/Code/Geant4GarfieldDegradInterface/include/HeedModel.hh:15:
In file included from /usr/local/src/garfield/Include/AvalancheMicroscopic.hh:7:
In file included from /Applications/root_v6.14.00/include/TH1.h:24:
In file included from /Applications/root_v6.14.00/include/TAxis.h:24:
In file included from /Applications/root_v6.14.00/include/TNamed.h:26:
/Applications/root_v6.14.00/include/TString.h:653:60: warning: declaration shadows a variable in namespace 'CLHEP' [-Wshadow]
inline TString &TString::Insert(Ssiz_t pos, const TString &s, Ssiz_t n)
                                                           ^
/usr/local/geant4.10.4/include/Geant4/CLHEP/Units/SystemOfUnits.h:149:28: note: previous declaration is here
  static constexpr double  s = second;
                           ^
In file included from /Users/lennertdekeukeleere/Documents/Work/Code/Geant4GarfieldDegradInterface/src/GasModelParameters.cc:3:
In file included from /Users/lennertdekeukeleere/Documents/Work/Code/Geant4GarfieldDegradInterface/include/HeedInterfaceModel.hh:11:
In file included from /Users/lennertdekeukeleere/Documents/Work/Code/Geant4GarfieldDegradInterface/include/HeedModel.hh:15:
In file included from /usr/local/src/garfield/Include/AvalancheMicroscopic.hh:7:
In file included from /Applications/root_v6.14.00/include/TH1.h:24:
In file included from /Applications/root_v6.14.00/include/TAxis.h:24:
In file included from /Applications/root_v6.14.00/include/TNamed.h:26:
/Applications/root_v6.14.00/include/TString.h:662:49: warning: declaration shadows a variable in namespace 'CLHEP' [-Wshadow]
inline TString &TString::Prepend(const TString &s)
                                                ^
/usr/local/geant4.10.4/include/Geant4/CLHEP/Units/SystemOfUnits.h:149:28: note: previous declaration is here
  static constexpr double  s = second;
                           ^
In file included from /Users/lennertdekeukeleere/Documents/Work/Code/Geant4GarfieldDegradInterface/src/GasModelParameters.cc:3:
In file included from /Users/lennertdekeukeleere/Documents/Work/Code/Geant4GarfieldDegradInterface/include/HeedInterfaceModel.hh:11:
In file included from /Users/lennertdekeukeleere/Documents/Work/Code/Geant4GarfieldDegradInterface/include/HeedModel.hh:15:
In file included from /usr/local/src/garfield/Include/AvalancheMicroscopic.hh:7:
In file included from /Applications/root_v6.14.00/include/TH1.h:24:
In file included from /Applications/root_v6.14.00/include/TAxis.h:24:
In file included from /Applications/root_v6.14.00/include/TNamed.h:26:
/Applications/root_v6.14.00/include/TString.h:665:49: warning: declaration shadows a variable in namespace 'CLHEP' [-Wshadow]
inline TString &TString::Prepend(const TString &s, Ssiz_t n)
                                                ^
/usr/local/geant4.10.4/include/Geant4/CLHEP/Units/SystemOfUnits.h:149:28: note: previous declaration is here
  static constexpr double  s = second;
                           ^
In file included from /Users/lennertdekeukeleere/Documents/Work/Code/Geant4GarfieldDegradInterface/src/GasModelParameters.cc:3:
In file included from /Users/lennertdekeukeleere/Documents/Work/Code/Geant4GarfieldDegradInterface/include/HeedInterfaceModel.hh:11:
In file included from /Users/lennertdekeukeleere/Documents/Work/Code/Geant4GarfieldDegradInterface/include/HeedModel.hh:15:
In file included from /usr/local/src/garfield/Include/AvalancheMicroscopic.hh:7:
In file included from /Applications/root_v6.14.00/include/TH1.h:24:
In file included from /Applications/root_v6.14.00/include/TAxis.h:24:
In file included from /Applications/root_v6.14.00/include/TNamed.h:26:
/Applications/root_v6.14.00/include/TString.h:680:71: warning: declaration shadows a variable in namespace 'CLHEP' [-Wshadow]
inline TString &TString::Replace(Ssiz_t pos, Ssiz_t n, const TString& s)
                                                                      ^
/usr/local/geant4.10.4/include/Geant4/CLHEP/Units/SystemOfUnits.h:149:28: note: previous declaration is here
  static constexpr double  s = second;
                           ^
In file included from /Users/lennertdekeukeleere/Documents/Work/Code/Geant4GarfieldDegradInterface/src/GasModelParameters.cc:3:
In file included from /Users/lennertdekeukeleere/Documents/Work/Code/Geant4GarfieldDegradInterface/include/HeedInterfaceModel.hh:11:
In file included from /Users/lennertdekeukeleere/Documents/Work/Code/Geant4GarfieldDegradInterface/include/HeedModel.hh:15:
In file included from /usr/local/src/garfield/Include/AvalancheMicroscopic.hh:7:
In file included from /Applications/root_v6.14.00/include/TH1.h:24:
In file included from /Applications/root_v6.14.00/include/TAxis.h:24:
In file included from /Applications/root_v6.14.00/include/TNamed.h:26:
/Applications/root_v6.14.00/include/TString.h:683:72: warning: declaration shadows a variable in namespace 'CLHEP' [-Wshadow]
inline TString &TString::Replace(Ssiz_t pos, Ssiz_t n1, const TString &s,
                                                                       ^
/usr/local/geant4.10.4/include/Geant4/CLHEP/Units/SystemOfUnits.h:149:28: note: previous declaration is here
  static constexpr double  s = second;
                           ^
In file included from /Users/lennertdekeukeleere/Documents/Work/Code/Geant4GarfieldDegradInterface/src/GasModelParameters.cc:3:
In file included from /Users/lennertdekeukeleere/Documents/Work/Code/Geant4GarfieldDegradInterface/include/HeedInterfaceModel.hh:11:
In file included from /Users/lennertdekeukeleere/Documents/Work/Code/Geant4GarfieldDegradInterface/include/HeedModel.hh:15:
In file included from /usr/local/src/garfield/Include/AvalancheMicroscopic.hh:7:
In file included from /Applications/root_v6.14.00/include/TH1.h:24:
In file included from /Applications/root_v6.14.00/include/TAxis.h:24:
In file included from /Applications/root_v6.14.00/include/TNamed.h:26:
/Applications/root_v6.14.00/include/TString.h:747:60: warning: declaration shadows a variable in namespace 'CLHEP' [-Wshadow]
inline TSubString &TSubString::operator=(const TSubString &s)
                                                           ^
/usr/local/geant4.10.4/include/Geant4/CLHEP/Units/SystemOfUnits.h:149:28: note: previous declaration is here
  static constexpr double  s = second;
                           ^
In file included from /Users/lennertdekeukeleere/Documents/Work/Code/Geant4GarfieldDegradInterface/src/GasModelParametersMessenger.cc:13:
/Users/lennertdekeukeleere/Documents/Work/Code/Geant4GarfieldDegradInterface/include/GasModelParameters.hh:31:37: warning: declaration shadows a variable in namespace 'CLHEP' [-Wshadow]
    inline void SetGasFile(G4String s) { gasFile = s;};
                                    ^
/usr/local/geant4.10.4/include/Geant4/CLHEP/Units/SystemOfUnits.h:149:28: note: previous declaration is here
  static constexpr double  s = second;
                           ^
In file included from /Users/lennertdekeukeleere/Documents/Work/Code/Geant4GarfieldDegradInterface/src/GasModelParametersMessenger.cc:13:
/Users/lennertdekeukeleere/Documents/Work/Code/Geant4GarfieldDegradInterface/include/GasModelParameters.hh:33:45: warning: declaration shadows a variable in namespace 'CLHEP' [-Wshadow]
    inline void SetIonMobilityFile(G4String s) { ionMobFile = s; };
                                            ^
/usr/local/geant4.10.4/include/Geant4/CLHEP/Units/SystemOfUnits.h:149:28: note: previous declaration is here
  static constexpr double  s = second;
                           ^
In file included from /Users/lennertdekeukeleere/Documents/Work/Code/Geant4GarfieldDegradInterface/src/GasModelParametersMessenger.cc:14:
In file included from /Users/lennertdekeukeleere/Documents/Work/Code/Geant4GarfieldDegradInterface/include/HeedInterfaceModel.hh:11:
In file included from /Users/lennertdekeukeleere/Documents/Work/Code/Geant4GarfieldDegradInterface/include/HeedModel.hh:15:
In file included from /usr/local/src/garfield/Include/AvalancheMicroscopic.hh:7:
In file included from /Applications/root_v6.14.00/include/TH1.h:24:
In file included from /Applications/root_v6.14.00/include/TAxis.h:24:
In file included from /Applications/root_v6.14.00/include/TNamed.h:26:
/Applications/root_v6.14.00/include/TString.h:99:33: warning: declaration shadows a variable in namespace 'CLHEP' [-Wshadow]
   TSubString(const TSubString &s)
                                ^
/usr/local/geant4.10.4/include/Geant4/CLHEP/Units/SystemOfUnits.h:149:28: note: previous declaration is here
  static constexpr double  s = second;
                           ^
In file included from /Users/lennertdekeukeleere/Documents/Work/Code/Geant4GarfieldDegradInterface/src/GasModelParametersMessenger.cc:14:
In file included from /Users/lennertdekeukeleere/Documents/Work/Code/Geant4GarfieldDegradInterface/include/HeedInterfaceModel.hh:11:
In file included from /Users/lennertdekeukeleere/Documents/Work/Code/Geant4GarfieldDegradInterface/include/HeedModel.hh:15:
In file included from /usr/local/src/garfield/Include/AvalancheMicroscopic.hh:7:
In file included from /Applications/root_v6.14.00/include/TH1.h:24:
In file included from /Applications/root_v6.14.00/include/TAxis.h:24:
In file included from /Applications/root_v6.14.00/include/TNamed.h:26:
/Applications/root_v6.14.00/include/TString.h:219:32: warning: declaration shadows a variable in namespace 'CLHEP' [-Wshadow]
   static Ssiz_t  Align(Ssiz_t s) { return (s + (kAlignment-1)) & ~(kAlignment-1); }
                               ^
/usr/local/geant4.10.4/include/Geant4/CLHEP/Units/SystemOfUnits.h:149:28: note: previous declaration is here
  static constexpr double  s = second;
                           ^
In file included from /Users/lennertdekeukeleere/Documents/Work/Code/Geant4GarfieldDegradInterface/src/GasModelParametersMessenger.cc:14:
In file included from /Users/lennertdekeukeleere/Documents/Work/Code/Geant4GarfieldDegradInterface/include/HeedInterfaceModel.hh:11:
In file included from /Users/lennertdekeukeleere/Documents/Work/Code/Geant4GarfieldDegradInterface/include/HeedModel.hh:15:
In file included from /usr/local/src/garfield/Include/AvalancheMicroscopic.hh:7:
In file included from /Applications/root_v6.14.00/include/TH1.h:24:
In file included from /Applications/root_v6.14.00/include/TAxis.h:24:
In file included from /Applications/root_v6.14.00/include/TNamed.h:26:
/Applications/root_v6.14.00/include/TString.h:220:36: warning: declaration shadows a variable in namespace 'CLHEP' [-Wshadow]
   static Ssiz_t  Recommend(Ssiz_t s) { return (s < kMinCap ? kMinCap : Align(s+1)) - 1; }
                                   ^
/usr/local/geant4.10.4/include/Geant4/CLHEP/Units/SystemOfUnits.h:149:28: note: previous declaration is here
  static constexpr double  s = second;
                           ^
In file included from /Users/lennertdekeukeleere/Documents/Work/Code/Geant4GarfieldDegradInterface/src/GasModelParametersMessenger.cc:14:
In file included from /Users/lennertdekeukeleere/Documents/Work/Code/Geant4GarfieldDegradInterface/include/HeedInterfaceModel.hh:11:
In file included from /Users/lennertdekeukeleere/Documents/Work/Code/Geant4GarfieldDegradInterface/include/HeedModel.hh:15:
In file included from /usr/local/src/garfield/Include/AvalancheMicroscopic.hh:7:
In file included from /Applications/root_v6.14.00/include/TH1.h:24:
In file included from /Applications/root_v6.14.00/include/TAxis.h:24:
In file included from /Applications/root_v6.14.00/include/TNamed.h:26:
/Applications/root_v6.14.00/include/TString.h:226:39: warning: declaration shadows a variable in namespace 'CLHEP' [-Wshadow]
   void           SetShortSize(Ssiz_t s) { fRep.fShort.fSize = (unsigned char)(s << 1); }
                                      ^
/usr/local/geant4.10.4/include/Geant4/CLHEP/Units/SystemOfUnits.h:149:28: note: previous declaration is here
  static constexpr double  s = second;
                           ^
In file included from /Users/lennertdekeukeleere/Documents/Work/Code/Geant4GarfieldDegradInterface/src/GasModelParametersMessenger.cc:14:
In file included from /Users/lennertdekeukeleere/Documents/Work/Code/Geant4GarfieldDegradInterface/include/HeedInterfaceModel.hh:11:
In file included from /Users/lennertdekeukeleere/Documents/Work/Code/Geant4GarfieldDegradInterface/include/HeedModel.hh:15:
In file included from /usr/local/src/garfield/Include/AvalancheMicroscopic.hh:7:
In file included from /Applications/root_v6.14.00/include/TH1.h:24:
In file included from /Applications/root_v6.14.00/include/TAxis.h:24:
In file included from /Applications/root_v6.14.00/include/TNamed.h:26:
/Applications/root_v6.14.00/include/TString.h:232:38: warning: declaration shadows a variable in namespace 'CLHEP' [-Wshadow]
   void           SetLongSize(Ssiz_t s) { fRep.fLong.fSize = s; }
                                     ^
/usr/local/geant4.10.4/include/Geant4/CLHEP/Units/SystemOfUnits.h:149:28: note: previous declaration is here
  static constexpr double  s = second;
                           ^
In file included from /Users/lennertdekeukeleere/Documents/Work/Code/Geant4GarfieldDegradInterface/src/GasModelParametersMessenger.cc:14:
In file included from /Users/lennertdekeukeleere/Documents/Work/Code/Geant4GarfieldDegradInterface/include/HeedInterfaceModel.hh:11:
In file included from /Users/lennertdekeukeleere/Documents/Work/Code/Geant4GarfieldDegradInterface/include/HeedModel.hh:15:
In file included from /usr/local/src/garfield/Include/AvalancheMicroscopic.hh:7:
In file included from /Applications/root_v6.14.00/include/TH1.h:24:
In file included from /Applications/root_v6.14.00/include/TAxis.h:24:
In file included from /Applications/root_v6.14.00/include/TNamed.h:26:
/Applications/root_v6.14.00/include/TString.h:234:34: warning: declaration shadows a variable in namespace 'CLHEP' [-Wshadow]
   void           SetSize(Ssiz_t s) { IsLong() ? SetLongSize(s) : SetShortSize(s); }
                                 ^
/usr/local/geant4.10.4/include/Geant4/CLHEP/Units/SystemOfUnits.h:149:28: note: previous declaration is here
  static constexpr double  s = second;
                           ^
In file included from /Users/lennertdekeukeleere/Documents/Work/Code/Geant4GarfieldDegradInterface/src/GasModelParametersMessenger.cc:14:
In file included from /Users/lennertdekeukeleere/Documents/Work/Code/Geant4GarfieldDegradInterface/include/HeedInterfaceModel.hh:11:
In file included from /Users/lennertdekeukeleere/Documents/Work/Code/Geant4GarfieldDegradInterface/include/HeedModel.hh:15:
In file included from /usr/local/src/garfield/Include/AvalancheMicroscopic.hh:7:
In file included from /Applications/root_v6.14.00/include/TH1.h:24:
In file included from /Applications/root_v6.14.00/include/TAxis.h:24:
In file included from /Applications/root_v6.14.00/include/TNamed.h:26:
/Applications/root_v6.14.00/include/TString.h:235:37: warning: declaration shadows a variable in namespace 'CLHEP' [-Wshadow]
   void           SetLongCap(Ssiz_t s) { fRep.fLong.fCap = kLongMask | s; }
                                    ^
/usr/local/geant4.10.4/include/Geant4/CLHEP/Units/SystemOfUnits.h:149:28: note: previous declaration is here
  static constexpr double  s = second;
                           ^
In file included from /Users/lennertdekeukeleere/Documents/Work/Code/Geant4GarfieldDegradInterface/src/GasModelParametersMessenger.cc:14:
In file included from /Users/lennertdekeukeleere/Documents/Work/Code/Geant4GarfieldDegradInterface/include/HeedInterfaceModel.hh:11:
In file included from /Users/lennertdekeukeleere/Documents/Work/Code/Geant4GarfieldDegradInterface/include/HeedModel.hh:15:
In file included from /usr/local/src/garfield/Include/AvalancheMicroscopic.hh:7:
In file included from /Applications/root_v6.14.00/include/TH1.h:24:
In file included from /Applications/root_v6.14.00/include/TAxis.h:24:
In file included from /Applications/root_v6.14.00/include/TNamed.h:26:
/Applications/root_v6.14.00/include/TString.h:481:35: warning: declaration shadows a variable in namespace 'CLHEP' [-Wshadow]
inline UInt_t Hash(const TString &s) { return s.Hash(); }
                                  ^
/usr/local/geant4.10.4/include/Geant4/CLHEP/Units/SystemOfUnits.h:149:28: note: previous declaration is here
  static constexpr double  s = second;
                           ^
In file included from /Users/lennertdekeukeleere/Documents/Work/Code/Geant4GarfieldDegradInterface/src/GasModelParametersMessenger.cc:14:
In file included from /Users/lennertdekeukeleere/Documents/Work/Code/Geant4GarfieldDegradInterface/include/HeedInterfaceModel.hh:11:
In file included from /Users/lennertdekeukeleere/Documents/Work/Code/Geant4GarfieldDegradInterface/include/HeedModel.hh:15:
In file included from /usr/local/src/garfield/Include/AvalancheMicroscopic.hh:7:
In file included from /Applications/root_v6.14.00/include/TH1.h:24:
In file included from /Applications/root_v6.14.00/include/TAxis.h:24:
In file included from /Applications/root_v6.14.00/include/TNamed.h:26:
/Applications/root_v6.14.00/include/TString.h:482:35: warning: declaration shadows a variable in namespace 'CLHEP' [-Wshadow]
inline UInt_t Hash(const TString *s) { return s->Hash(); }
                                  ^
/usr/local/geant4.10.4/include/Geant4/CLHEP/Units/SystemOfUnits.h:149:28: note: previous declaration is here
  static constexpr double  s = second;
                           ^
In file included from /Users/lennertdekeukeleere/Documents/Work/Code/Geant4GarfieldDegradInterface/src/GasModelParametersMessenger.cc:14:
In file included from /Users/lennertdekeukeleere/Documents/Work/Code/Geant4GarfieldDegradInterface/include/HeedInterfaceModel.hh:11:
In file included from /Users/lennertdekeukeleere/Documents/Work/Code/Geant4GarfieldDegradInterface/include/HeedModel.hh:15:
In file included from /usr/local/src/garfield/Include/AvalancheMicroscopic.hh:7:
In file included from /Applications/root_v6.14.00/include/TH1.h:24:
In file included from /Applications/root_v6.14.00/include/TAxis.h:24:
In file included from /Applications/root_v6.14.00/include/TNamed.h:26:
/Applications/root_v6.14.00/include/TString.h:516:19: warning: declaration shadows a variable in namespace 'CLHEP' [-Wshadow]
operator+(TString s, T i)
                  ^
/usr/local/geant4.10.4/include/Geant4/CLHEP/Units/SystemOfUnits.h:149:28: note: previous declaration is here
  static constexpr double  s = second;
                           ^
In file included from /Users/lennertdekeukeleere/Documents/Work/Code/Geant4GarfieldDegradInterface/src/GasModelParametersMessenger.cc:14:
In file included from /Users/lennertdekeukeleere/Documents/Work/Code/Geant4GarfieldDegradInterface/include/HeedInterfaceModel.hh:11:
In file included from /Users/lennertdekeukeleere/Documents/Work/Code/Geant4GarfieldDegradInterface/include/HeedModel.hh:15:
In file included from /usr/local/src/garfield/Include/AvalancheMicroscopic.hh:7:
In file included from /Applications/root_v6.14.00/include/TH1.h:24:
In file included from /Applications/root_v6.14.00/include/TAxis.h:24:
In file included from /Applications/root_v6.14.00/include/TNamed.h:26:
/Applications/root_v6.14.00/include/TString.h:521:19: warning: declaration shadows a variable in namespace 'CLHEP' [-Wshadow]
operator+(TString s, T u)
                  ^
/usr/local/geant4.10.4/include/Geant4/CLHEP/Units/SystemOfUnits.h:149:28: note: previous declaration is here
  static constexpr double  s = second;
                           ^
In file included from /Users/lennertdekeukeleere/Documents/Work/Code/Geant4GarfieldDegradInterface/src/GasModelParametersMessenger.cc:14:
In file included from /Users/lennertdekeukeleere/Documents/Work/Code/Geant4GarfieldDegradInterface/include/HeedInterfaceModel.hh:11:
In file included from /Users/lennertdekeukeleere/Documents/Work/Code/Geant4GarfieldDegradInterface/include/HeedModel.hh:15:
In file included from /usr/local/src/garfield/Include/AvalancheMicroscopic.hh:7:
In file included from /Applications/root_v6.14.00/include/TH1.h:24:
In file included from /Applications/root_v6.14.00/include/TAxis.h:24:
In file included from /Applications/root_v6.14.00/include/TNamed.h:26:
/Applications/root_v6.14.00/include/TString.h:526:19: warning: declaration shadows a variable in namespace 'CLHEP' [-Wshadow]
operator+(TString s, T f)
                  ^
/usr/local/geant4.10.4/include/Geant4/CLHEP/Units/SystemOfUnits.h:149:28: note: previous declaration is here
  static constexpr double  s = second;
                           ^
In file included from /Users/lennertdekeukeleere/Documents/Work/Code/Geant4GarfieldDegradInterface/src/GasModelParametersMessenger.cc:14:
In file included from /Users/lennertdekeukeleere/Documents/Work/Code/Geant4GarfieldDegradInterface/include/HeedInterfaceModel.hh:11:
In file included from /Users/lennertdekeukeleere/Documents/Work/Code/Geant4GarfieldDegradInterface/include/HeedModel.hh:15:
In file included from /usr/local/src/garfield/Include/AvalancheMicroscopic.hh:7:
In file included from /Applications/root_v6.14.00/include/TH1.h:24:
In file included from /Applications/root_v6.14.00/include/TAxis.h:24:
In file included from /Applications/root_v6.14.00/include/TNamed.h:26:
/Applications/root_v6.14.00/include/TString.h:531:31: warning: declaration shadows a variable in namespace 'CLHEP' [-Wshadow]
operator+(T i, const TString &s)
                              ^
/usr/local/geant4.10.4/include/Geant4/CLHEP/Units/SystemOfUnits.h:149:28: note: previous declaration is here
  static constexpr double  s = second;
                           ^
In file included from /Users/lennertdekeukeleere/Documents/Work/Code/Geant4GarfieldDegradInterface/src/GasModelParametersMessenger.cc:14:
In file included from /Users/lennertdekeukeleere/Documents/Work/Code/Geant4GarfieldDegradInterface/include/HeedInterfaceModel.hh:11:
In file included from /Users/lennertdekeukeleere/Documents/Work/Code/Geant4GarfieldDegradInterface/include/HeedModel.hh:15:
In file included from /usr/local/src/garfield/Include/AvalancheMicroscopic.hh:7:
In file included from /Applications/root_v6.14.00/include/TH1.h:24:
In file included from /Applications/root_v6.14.00/include/TAxis.h:24:
In file included from /Applications/root_v6.14.00/include/TNamed.h:26:
/Applications/root_v6.14.00/include/TString.h:541:31: warning: declaration shadows a variable in namespace 'CLHEP' [-Wshadow]
operator+(T u, const TString &s)
                              ^
/usr/local/geant4.10.4/include/Geant4/CLHEP/Units/SystemOfUnits.h:149:28: note: previous declaration is here
  static constexpr double  s = second;
                           ^
In file included from /Users/lennertdekeukeleere/Documents/Work/Code/Geant4GarfieldDegradInterface/src/GasModelParametersMessenger.cc:14:
In file included from /Users/lennertdekeukeleere/Documents/Work/Code/Geant4GarfieldDegradInterface/include/HeedInterfaceModel.hh:11:
In file included from /Users/lennertdekeukeleere/Documents/Work/Code/Geant4GarfieldDegradInterface/include/HeedModel.hh:15:
In file included from /usr/local/src/garfield/Include/AvalancheMicroscopic.hh:7:
In file included from /Applications/root_v6.14.00/include/TH1.h:24:
In file included from /Applications/root_v6.14.00/include/TAxis.h:24:
In file included from /Applications/root_v6.14.00/include/TNamed.h:26:
/Applications/root_v6.14.00/include/TString.h:551:31: warning: declaration shadows a variable in namespace 'CLHEP' [-Wshadow]
operator+(T f, const TString &s)
                              ^
/usr/local/geant4.10.4/include/Geant4/CLHEP/Units/SystemOfUnits.h:149:28: note: previous declaration is here
  static constexpr double  s = second;
                           ^
In file included from /Users/lennertdekeukeleere/Documents/Work/Code/Geant4GarfieldDegradInterface/src/GasModelParametersMessenger.cc:14:
In file included from /Users/lennertdekeukeleere/Documents/Work/Code/Geant4GarfieldDegradInterface/include/HeedInterfaceModel.hh:11:
In file included from /Users/lennertdekeukeleere/Documents/Work/Code/Geant4GarfieldDegradInterface/include/HeedModel.hh:15:
In file included from /usr/local/src/garfield/Include/AvalancheMicroscopic.hh:7:
In file included from /Applications/root_v6.14.00/include/TH1.h:24:
In file included from /Applications/root_v6.14.00/include/TAxis.h:24:
In file included from /Applications/root_v6.14.00/include/TNamed.h:26:
/Applications/root_v6.14.00/include/TString.h:565:48: warning: declaration shadows a variable in namespace 'CLHEP' [-Wshadow]
inline TString &TString::Append(const TString &s)
                                               ^
/usr/local/geant4.10.4/include/Geant4/CLHEP/Units/SystemOfUnits.h:149:28: note: previous declaration is here
  static constexpr double  s = second;
                           ^
In file included from /Users/lennertdekeukeleere/Documents/Work/Code/Geant4GarfieldDegradInterface/src/GasModelParametersMessenger.cc:14:
In file included from /Users/lennertdekeukeleere/Documents/Work/Code/Geant4GarfieldDegradInterface/include/HeedInterfaceModel.hh:11:
In file included from /Users/lennertdekeukeleere/Documents/Work/Code/Geant4GarfieldDegradInterface/include/HeedModel.hh:15:
In file included from /usr/local/src/garfield/Include/AvalancheMicroscopic.hh:7:
In file included from /Applications/root_v6.14.00/include/TH1.h:24:
In file included from /Applications/root_v6.14.00/include/TAxis.h:24:
In file included from /Applications/root_v6.14.00/include/TNamed.h:26:
/Applications/root_v6.14.00/include/TString.h:568:48: warning: declaration shadows a variable in namespace 'CLHEP' [-Wshadow]
inline TString &TString::Append(const TString &s, Ssiz_t n)
                                               ^
/usr/local/geant4.10.4/include/Geant4/CLHEP/Units/SystemOfUnits.h:149:28: note: previous declaration is here
  static constexpr double  s = second;
                           ^
In file included from /Users/lennertdekeukeleere/Documents/Work/Code/Geant4GarfieldDegradInterface/src/GasModelParametersMessenger.cc:14:
In file included from /Users/lennertdekeukeleere/Documents/Work/Code/Geant4GarfieldDegradInterface/include/HeedInterfaceModel.hh:11:
In file included from /Users/lennertdekeukeleere/Documents/Work/Code/Geant4GarfieldDegradInterface/include/HeedModel.hh:15:
In file included from /usr/local/src/garfield/Include/AvalancheMicroscopic.hh:7:
In file included from /Applications/root_v6.14.00/include/TH1.h:24:
In file included from /Applications/root_v6.14.00/include/TAxis.h:24:
In file included from /Applications/root_v6.14.00/include/TNamed.h:26:
/Applications/root_v6.14.00/include/TString.h:574:52: warning: declaration shadows a variable in namespace 'CLHEP' [-Wshadow]
inline TString &TString::operator+=(const TString &s)
                                                   ^
/usr/local/geant4.10.4/include/Geant4/CLHEP/Units/SystemOfUnits.h:149:28: note: previous declaration is here
  static constexpr double  s = second;
                           ^
In file included from /Users/lennertdekeukeleere/Documents/Work/Code/Geant4GarfieldDegradInterface/src/GasModelParametersMessenger.cc:14:
In file included from /Users/lennertdekeukeleere/Documents/Work/Code/Geant4GarfieldDegradInterface/include/HeedInterfaceModel.hh:11:
In file included from /Users/lennertdekeukeleere/Documents/Work/Code/Geant4GarfieldDegradInterface/include/HeedModel.hh:15:
In file included from /usr/local/src/garfield/Include/AvalancheMicroscopic.hh:7:
In file included from /Applications/root_v6.14.00/include/TH1.h:24:
In file included from /Applications/root_v6.14.00/include/TAxis.h:24:
In file included from /Applications/root_v6.14.00/include/TNamed.h:26:
/Applications/root_v6.14.00/include/TString.h:610:47: warning: declaration shadows a variable in namespace 'CLHEP' [-Wshadow]
inline Bool_t TString::BeginsWith(const char *s, ECaseCompare cmp) const
                                              ^
/usr/local/geant4.10.4/include/Geant4/CLHEP/Units/SystemOfUnits.h:149:28: note: previous declaration is here
  static constexpr double  s = second;
                           ^
In file included from /Users/lennertdekeukeleere/Documents/Work/Code/Geant4GarfieldDegradInterface/src/GasModelParametersMessenger.cc:14:
In file included from /Users/lennertdekeukeleere/Documents/Work/Code/Geant4GarfieldDegradInterface/include/HeedInterfaceModel.hh:11:
In file included from /Users/lennertdekeukeleere/Documents/Work/Code/Geant4GarfieldDegradInterface/include/HeedModel.hh:15:
In file included from /usr/local/src/garfield/Include/AvalancheMicroscopic.hh:7:
In file included from /Applications/root_v6.14.00/include/TH1.h:24:
In file included from /Applications/root_v6.14.00/include/TAxis.h:24:
In file included from /Applications/root_v6.14.00/include/TNamed.h:26:
/Applications/root_v6.14.00/include/TString.h:619:45: warning: declaration shadows a variable in namespace 'CLHEP' [-Wshadow]
inline Bool_t TString::Contains(const char *s, ECaseCompare cmp) const
                                            ^
/usr/local/geant4.10.4/include/Geant4/CLHEP/Units/SystemOfUnits.h:149:28: note: previous declaration is here
  static constexpr double  s = second;
                           ^
In file included from /Users/lennertdekeukeleere/Documents/Work/Code/Geant4GarfieldDegradInterface/src/GasModelParametersMessenger.cc:14:
In file included from /Users/lennertdekeukeleere/Documents/Work/Code/Geant4GarfieldDegradInterface/include/HeedInterfaceModel.hh:11:
In file included from /Users/lennertdekeukeleere/Documents/Work/Code/Geant4GarfieldDegradInterface/include/HeedModel.hh:15:
In file included from /usr/local/src/garfield/Include/AvalancheMicroscopic.hh:7:
In file included from /Applications/root_v6.14.00/include/TH1.h:24:
In file included from /Applications/root_v6.14.00/include/TAxis.h:24:
In file included from /Applications/root_v6.14.00/include/TNamed.h:26:
/Applications/root_v6.14.00/include/TString.h:634:42: warning: declaration shadows a variable in namespace 'CLHEP' [-Wshadow]
inline Ssiz_t TString::Index(const char *s, Ssiz_t i, ECaseCompare cmp) const
                                         ^
/usr/local/geant4.10.4/include/Geant4/CLHEP/Units/SystemOfUnits.h:149:28: note: previous declaration is here
  static constexpr double  s = second;
                           ^
In file included from /Users/lennertdekeukeleere/Documents/Work/Code/Geant4GarfieldDegradInterface/src/GasModelParametersMessenger.cc:14:
In file included from /Users/lennertdekeukeleere/Documents/Work/Code/Geant4GarfieldDegradInterface/include/HeedInterfaceModel.hh:11:
In file included from /Users/lennertdekeukeleere/Documents/Work/Code/Geant4GarfieldDegradInterface/include/HeedModel.hh:15:
In file included from /usr/local/src/garfield/Include/AvalancheMicroscopic.hh:7:
In file included from /Applications/root_v6.14.00/include/TH1.h:24:
In file included from /Applications/root_v6.14.00/include/TAxis.h:24:
In file included from /Applications/root_v6.14.00/include/TNamed.h:26:
/Applications/root_v6.14.00/include/TString.h:637:45: warning: declaration shadows a variable in namespace 'CLHEP' [-Wshadow]
inline Ssiz_t TString::Index(const TString &s, Ssiz_t i, ECaseCompare cmp) const
                                            ^
/usr/local/geant4.10.4/include/Geant4/CLHEP/Units/SystemOfUnits.h:149:28: note: previous declaration is here
  static constexpr double  s = second;
                           ^
In file included from /Users/lennertdekeukeleere/Documents/Work/Code/Geant4GarfieldDegradInterface/src/GasModelParametersMessenger.cc:14:
In file included from /Users/lennertdekeukeleere/Documents/Work/Code/Geant4GarfieldDegradInterface/include/HeedInterfaceModel.hh:11:
In file included from /Users/lennertdekeukeleere/Documents/Work/Code/Geant4GarfieldDegradInterface/include/HeedModel.hh:15:
In file included from /usr/local/src/garfield/Include/AvalancheMicroscopic.hh:7:
In file included from /Applications/root_v6.14.00/include/TH1.h:24:
In file included from /Applications/root_v6.14.00/include/TAxis.h:24:
In file included from /Applications/root_v6.14.00/include/TNamed.h:26:
/Applications/root_v6.14.00/include/TString.h:650:60: warning: declaration shadows a variable in namespace 'CLHEP' [-Wshadow]
inline TString &TString::Insert(Ssiz_t pos, const TString &s)
                                                           ^
/usr/local/geant4.10.4/include/Geant4/CLHEP/Units/SystemOfUnits.h:149:28: note: previous declaration is here
  static constexpr double  s = second;
                           ^
In file included from /Users/lennertdekeukeleere/Documents/Work/Code/Geant4GarfieldDegradInterface/src/GasModelParametersMessenger.cc:14:
In file included from /Users/lennertdekeukeleere/Documents/Work/Code/Geant4GarfieldDegradInterface/include/HeedInterfaceModel.hh:11:
In file included from /Users/lennertdekeukeleere/Documents/Work/Code/Geant4GarfieldDegradInterface/include/HeedModel.hh:15:
In file included from /usr/local/src/garfield/Include/AvalancheMicroscopic.hh:7:
In file included from /Applications/root_v6.14.00/include/TH1.h:24:
In file included from /Applications/root_v6.14.00/include/TAxis.h:24:
In file included from /Applications/root_v6.14.00/include/TNamed.h:26:
/Applications/root_v6.14.00/include/TString.h:653:60: warning: declaration shadows a variable in namespace 'CLHEP' [-Wshadow]
inline TString &TString::Insert(Ssiz_t pos, const TString &s, Ssiz_t n)
                                                           ^
/usr/local/geant4.10.4/include/Geant4/CLHEP/Units/SystemOfUnits.h:149:28: note: previous declaration is here
  static constexpr double  s = second;
                           ^
In file included from /Users/lennertdekeukeleere/Documents/Work/Code/Geant4GarfieldDegradInterface/src/GasModelParametersMessenger.cc:14:
In file included from /Users/lennertdekeukeleere/Documents/Work/Code/Geant4GarfieldDegradInterface/include/HeedInterfaceModel.hh:11:
In file included from /Users/lennertdekeukeleere/Documents/Work/Code/Geant4GarfieldDegradInterface/include/HeedModel.hh:15:
In file included from /usr/local/src/garfield/Include/AvalancheMicroscopic.hh:7:
In file included from /Applications/root_v6.14.00/include/TH1.h:24:
In file included from /Applications/root_v6.14.00/include/TAxis.h:24:
In file included from /Applications/root_v6.14.00/include/TNamed.h:26:
/Applications/root_v6.14.00/include/TString.h:662:49: warning: declaration shadows a variable in namespace 'CLHEP' [-Wshadow]
inline TString &TString::Prepend(const TString &s)
                                                ^
/usr/local/geant4.10.4/include/Geant4/CLHEP/Units/SystemOfUnits.h:149:28: note: previous declaration is here
  static constexpr double  s = second;
                           ^
In file included from /Users/lennertdekeukeleere/Documents/Work/Code/Geant4GarfieldDegradInterface/src/GasModelParametersMessenger.cc:14:
In file included from /Users/lennertdekeukeleere/Documents/Work/Code/Geant4GarfieldDegradInterface/include/HeedInterfaceModel.hh:11:
In file included from /Users/lennertdekeukeleere/Documents/Work/Code/Geant4GarfieldDegradInterface/include/HeedModel.hh:15:
In file included from /usr/local/src/garfield/Include/AvalancheMicroscopic.hh:7:
In file included from /Applications/root_v6.14.00/include/TH1.h:24:
In file included from /Applications/root_v6.14.00/include/TAxis.h:24:
In file included from /Applications/root_v6.14.00/include/TNamed.h:26:
/Applications/root_v6.14.00/include/TString.h:665:49: warning: declaration shadows a variable in namespace 'CLHEP' [-Wshadow]
inline TString &TString::Prepend(const TString &s, Ssiz_t n)
                                                ^
/usr/local/geant4.10.4/include/Geant4/CLHEP/Units/SystemOfUnits.h:149:28: note: previous declaration is here
  static constexpr double  s = second;
                           ^
In file included from /Users/lennertdekeukeleere/Documents/Work/Code/Geant4GarfieldDegradInterface/src/GasModelParametersMessenger.cc:14:
In file included from /Users/lennertdekeukeleere/Documents/Work/Code/Geant4GarfieldDegradInterface/include/HeedInterfaceModel.hh:11:
In file included from /Users/lennertdekeukeleere/Documents/Work/Code/Geant4GarfieldDegradInterface/include/HeedModel.hh:15:
In file included from /usr/local/src/garfield/Include/AvalancheMicroscopic.hh:7:
In file included from /Applications/root_v6.14.00/include/TH1.h:24:
In file included from /Applications/root_v6.14.00/include/TAxis.h:24:
In file included from /Applications/root_v6.14.00/include/TNamed.h:26:
/Applications/root_v6.14.00/include/TString.h:680:71: warning: declaration shadows a variable in namespace 'CLHEP' [-Wshadow]
inline TString &TString::Replace(Ssiz_t pos, Ssiz_t n, const TString& s)
                                                                      ^
/usr/local/geant4.10.4/include/Geant4/CLHEP/Units/SystemOfUnits.h:149:28: note: previous declaration is here
  static constexpr double  s = second;
                           ^
In file included from /Users/lennertdekeukeleere/Documents/Work/Code/Geant4GarfieldDegradInterface/src/GasModelParametersMessenger.cc:14:
In file included from /Users/lennertdekeukeleere/Documents/Work/Code/Geant4GarfieldDegradInterface/include/HeedInterfaceModel.hh:11:
In file included from /Users/lennertdekeukeleere/Documents/Work/Code/Geant4GarfieldDegradInterface/include/HeedModel.hh:15:
In file included from /usr/local/src/garfield/Include/AvalancheMicroscopic.hh:7:
In file included from /Applications/root_v6.14.00/include/TH1.h:24:
In file included from /Applications/root_v6.14.00/include/TAxis.h:24:
In file included from /Applications/root_v6.14.00/include/TNamed.h:26:
/Applications/root_v6.14.00/include/TString.h:683:72: warning: declaration shadows a variable in namespace 'CLHEP' [-Wshadow]
inline TString &TString::Replace(Ssiz_t pos, Ssiz_t n1, const TString &s,
                                                                       ^
/usr/local/geant4.10.4/include/Geant4/CLHEP/Units/SystemOfUnits.h:149:28: note: previous declaration is here
  static constexpr double  s = second;
                           ^
In file included from /Users/lennertdekeukeleere/Documents/Work/Code/Geant4GarfieldDegradInterface/src/GasModelParametersMessenger.cc:14:
In file included from /Users/lennertdekeukeleere/Documents/Work/Code/Geant4GarfieldDegradInterface/include/HeedInterfaceModel.hh:11:
In file included from /Users/lennertdekeukeleere/Documents/Work/Code/Geant4GarfieldDegradInterface/include/HeedModel.hh:15:
In file included from /usr/local/src/garfield/Include/AvalancheMicroscopic.hh:7:
In file included from /Applications/root_v6.14.00/include/TH1.h:24:
In file included from /Applications/root_v6.14.00/include/TAxis.h:24:
In file included from /Applications/root_v6.14.00/include/TNamed.h:26:
/Applications/root_v6.14.00/include/TString.h:747:60: warning: declaration shadows a variable in namespace 'CLHEP' [-Wshadow]
inline TSubString &TSubString::operator=(const TSubString &s)
                                                           ^
/usr/local/geant4.10.4/include/Geant4/CLHEP/Units/SystemOfUnits.h:149:28: note: previous declaration is here
  static constexpr double  s = second;
                           ^
In file included from /Users/lennertdekeukeleere/Documents/Work/Code/Geant4GarfieldDegradInterface/src/GasModelParameters.cc:3:
In file included from /Users/lennertdekeukeleere/Documents/Work/Code/Geant4GarfieldDegradInterface/include/HeedInterfaceModel.hh:11:
In file included from /Users/lennertdekeukeleere/Documents/Work/Code/Geant4GarfieldDegradInterface/include/HeedModel.hh:22:
In file included from /usr/local/src/garfield/Include/ViewField.hh:5:
In file included from /Applications/root_v6.14.00/include/TF2.h:26:
In file included from /Applications/root_v6.14.00/include/TF1.h:31:
In file included from /Applications/root_v6.14.00/include/TROOT.h:28:
In file included from /Applications/root_v6.14.00/include/TDirectory.h:24:
/Applications/root_v6.14.00/include/TBuffer.h:287:51: warning: declaration shadows a variable in namespace 'CLHEP' [-Wshadow]
   virtual inline void ReadStdString(std::string &s) { ReadStdString(&s); }
                                                  ^
/usr/local/geant4.10.4/include/Geant4/CLHEP/Units/SystemOfUnits.h:149:28: note: previous declaration is here
  static constexpr double  s = second;
                           ^
In file included from /Users/lennertdekeukeleere/Documents/Work/Code/Geant4GarfieldDegradInterface/src/GasModelParameters.cc:3:
In file included from /Users/lennertdekeukeleere/Documents/Work/Code/Geant4GarfieldDegradInterface/include/HeedInterfaceModel.hh:11:
In file included from /Users/lennertdekeukeleere/Documents/Work/Code/Geant4GarfieldDegradInterface/include/HeedModel.hh:22:
In file included from /usr/local/src/garfield/Include/ViewField.hh:5:
In file included from /Applications/root_v6.14.00/include/TF2.h:26:
In file included from /Applications/root_v6.14.00/include/TF1.h:31:
In file included from /Applications/root_v6.14.00/include/TROOT.h:28:
In file included from /Applications/root_v6.14.00/include/TDirectory.h:24:
/Applications/root_v6.14.00/include/TBuffer.h:307:52: warning: declaration shadows a variable in namespace 'CLHEP' [-Wshadow]
   virtual inline void WriteStdString(std::string &s) { WriteStdString(&s); }
                                                   ^
/usr/local/geant4.10.4/include/Geant4/CLHEP/Units/SystemOfUnits.h:149:28: note: previous declaration is here
  static constexpr double  s = second;
                           ^
In file included from /Users/lennertdekeukeleere/Documents/Work/Code/Geant4GarfieldDegradInterface/src/GasModelParameters.cc:3:
In file included from /Users/lennertdekeukeleere/Documents/Work/Code/Geant4GarfieldDegradInterface/include/HeedInterfaceModel.hh:11:
In file included from /Users/lennertdekeukeleere/Documents/Work/Code/Geant4GarfieldDegradInterface/include/HeedModel.hh:22:
In file included from /usr/local/src/garfield/Include/ViewField.hh:5:
In file included from /Applications/root_v6.14.00/include/TF2.h:26:
In file included from /Applications/root_v6.14.00/include/TF1.h:31:
In file included from /Applications/root_v6.14.00/include/TROOT.h:28:
In file included from /Applications/root_v6.14.00/include/TDirectory.h:24:
/Applications/root_v6.14.00/include/TBuffer.h:343:51: warning: declaration shadows a variable in namespace 'CLHEP' [-Wshadow]
inline TBuffer &operator>>(TBuffer &buf, Short_t &s)  { buf.ReadShort(s);  return buf; }
                                                  ^
/usr/local/geant4.10.4/include/Geant4/CLHEP/Units/SystemOfUnits.h:149:28: note: previous declaration is here
  static constexpr double  s = second;
                           ^
In file included from /Users/lennertdekeukeleere/Documents/Work/Code/Geant4GarfieldDegradInterface/src/GasModelParameters.cc:3:
In file included from /Users/lennertdekeukeleere/Documents/Work/Code/Geant4GarfieldDegradInterface/include/HeedInterfaceModel.hh:11:
In file included from /Users/lennertdekeukeleere/Documents/Work/Code/Geant4GarfieldDegradInterface/include/HeedModel.hh:22:
In file included from /usr/local/src/garfield/Include/ViewField.hh:5:
In file included from /Applications/root_v6.14.00/include/TF2.h:26:
In file included from /Applications/root_v6.14.00/include/TF1.h:31:
In file included from /Applications/root_v6.14.00/include/TROOT.h:28:
In file included from /Applications/root_v6.14.00/include/TDirectory.h:24:
/Applications/root_v6.14.00/include/TBuffer.h:344:52: warning: declaration shadows a variable in namespace 'CLHEP' [-Wshadow]
inline TBuffer &operator>>(TBuffer &buf, UShort_t &s) { buf.ReadUShort(s); return buf; }
                                                   ^
/usr/local/geant4.10.4/include/Geant4/CLHEP/Units/SystemOfUnits.h:149:28: note: previous declaration is here
  static constexpr double  s = second;
                           ^
In file included from /Users/lennertdekeukeleere/Documents/Work/Code/Geant4GarfieldDegradInterface/src/GasModelParameters.cc:3:
In file included from /Users/lennertdekeukeleere/Documents/Work/Code/Geant4GarfieldDegradInterface/include/HeedInterfaceModel.hh:11:
In file included from /Users/lennertdekeukeleere/Documents/Work/Code/Geant4GarfieldDegradInterface/include/HeedModel.hh:22:
In file included from /usr/local/src/garfield/Include/ViewField.hh:5:
In file included from /Applications/root_v6.14.00/include/TF2.h:26:
In file included from /Applications/root_v6.14.00/include/TF1.h:31:
In file included from /Applications/root_v6.14.00/include/TROOT.h:28:
In file included from /Applications/root_v6.14.00/include/TDirectory.h:24:
/Applications/root_v6.14.00/include/TBuffer.h:354:51: warning: declaration shadows a variable in namespace 'CLHEP' [-Wshadow]
inline TBuffer &operator>>(TBuffer &buf, TString &s)  { buf.ReadTString(s);return buf; }
                                                  ^
/usr/local/geant4.10.4/include/Geant4/CLHEP/Units/SystemOfUnits.h:149:28: note: previous declaration is here
  static constexpr double  s = second;
                           ^
In file included from /Users/lennertdekeukeleere/Documents/Work/Code/Geant4GarfieldDegradInterface/src/GasModelParameters.cc:3:
In file included from /Users/lennertdekeukeleere/Documents/Work/Code/Geant4GarfieldDegradInterface/include/HeedInterfaceModel.hh:11:
In file included from /Users/lennertdekeukeleere/Documents/Work/Code/Geant4GarfieldDegradInterface/include/HeedModel.hh:22:
In file included from /usr/local/src/garfield/Include/ViewField.hh:5:
In file included from /Applications/root_v6.14.00/include/TF2.h:26:
In file included from /Applications/root_v6.14.00/include/TF1.h:31:
In file included from /Applications/root_v6.14.00/include/TROOT.h:28:
In file included from /Applications/root_v6.14.00/include/TDirectory.h:24:
/Applications/root_v6.14.00/include/TBuffer.h:359:50: warning: declaration shadows a variable in namespace 'CLHEP' [-Wshadow]
inline TBuffer &operator<<(TBuffer &buf, Short_t s)  { buf.WriteShort(s);  return buf; }
                                                 ^
/usr/local/geant4.10.4/include/Geant4/CLHEP/Units/SystemOfUnits.h:149:28: note: previous declaration is here
  static constexpr double  s = second;
                           ^
In file included from /Users/lennertdekeukeleere/Documents/Work/Code/Geant4GarfieldDegradInterface/src/GasModelParameters.cc:3:
In file included from /Users/lennertdekeukeleere/Documents/Work/Code/Geant4GarfieldDegradInterface/include/HeedInterfaceModel.hh:11:
In file included from /Users/lennertdekeukeleere/Documents/Work/Code/Geant4GarfieldDegradInterface/include/HeedModel.hh:22:
In file included from /usr/local/src/garfield/Include/ViewField.hh:5:
In file included from /Applications/root_v6.14.00/include/TF2.h:26:
In file included from /Applications/root_v6.14.00/include/TF1.h:31:
In file included from /Applications/root_v6.14.00/include/TROOT.h:28:
In file included from /Applications/root_v6.14.00/include/TDirectory.h:24:
/Applications/root_v6.14.00/include/TBuffer.h:360:51: warning: declaration shadows a variable in namespace 'CLHEP' [-Wshadow]
inline TBuffer &operator<<(TBuffer &buf, UShort_t s) { buf.WriteUShort(s); return buf; }
                                                  ^
/usr/local/geant4.10.4/include/Geant4/CLHEP/Units/SystemOfUnits.h:149:28: note: previous declaration is here
  static constexpr double  s = second;
                           ^
In file included from /Users/lennertdekeukeleere/Documents/Work/Code/Geant4GarfieldDegradInterface/src/GasModelParameters.cc:3:
In file included from /Users/lennertdekeukeleere/Documents/Work/Code/Geant4GarfieldDegradInterface/include/HeedInterfaceModel.hh:11:
In file included from /Users/lennertdekeukeleere/Documents/Work/Code/Geant4GarfieldDegradInterface/include/HeedModel.hh:22:
In file included from /usr/local/src/garfield/Include/ViewField.hh:5:
In file included from /Applications/root_v6.14.00/include/TF2.h:26:
In file included from /Applications/root_v6.14.00/include/TF1.h:31:
In file included from /Applications/root_v6.14.00/include/TROOT.h:28:
In file included from /Applications/root_v6.14.00/include/TDirectory.h:24:
/Applications/root_v6.14.00/include/TBuffer.h:370:57: warning: declaration shadows a variable in namespace 'CLHEP' [-Wshadow]
inline TBuffer &operator<<(TBuffer &buf, const TString &s) { buf.WriteTString(s);return buf; }
                                                        ^
/usr/local/geant4.10.4/include/Geant4/CLHEP/Units/SystemOfUnits.h:149:28: note: previous declaration is here
  static constexpr double  s = second;
                           ^
In file included from /Users/lennertdekeukeleere/Documents/Work/Code/Geant4GarfieldDegradInterface/src/GasBoxSD.cc:11:
In file included from /Users/lennertdekeukeleere/Documents/Work/Code/Geant4GarfieldDegradInterface/include/DetectorConstruction.hh:5:
In file included from /Users/lennertdekeukeleere/Documents/Work/Code/Geant4GarfieldDegradInterface/include/HeedInterfaceModel.hh:11:
In file included from /Users/lennertdekeukeleere/Documents/Work/Code/Geant4GarfieldDegradInterface/include/HeedModel.hh:27:
/Users/lennertdekeukeleere/Documents/Work/Code/Geant4GarfieldDegradInterface/include/GasModelParameters.hh:31:37: warning: declaration shadows a variable in namespace 'CLHEP' [-Wshadow]
    inline void SetGasFile(G4String s) { gasFile = s;};
                                    ^
/usr/local/geant4.10.4/include/Geant4/CLHEP/Units/SystemOfUnits.h:149:28: note: previous declaration is here
  static constexpr double  s = second;
                           ^
In file included from /Users/lennertdekeukeleere/Documents/Work/Code/Geant4GarfieldDegradInterface/src/GasBoxSD.cc:11:
In file included from /Users/lennertdekeukeleere/Documents/Work/Code/Geant4GarfieldDegradInterface/include/DetectorConstruction.hh:5:
In file included from /Users/lennertdekeukeleere/Documents/Work/Code/Geant4GarfieldDegradInterface/include/HeedInterfaceModel.hh:11:
In file included from /Users/lennertdekeukeleere/Documents/Work/Code/Geant4GarfieldDegradInterface/include/HeedModel.hh:27:
/Users/lennertdekeukeleere/Documents/Work/Code/Geant4GarfieldDegradInterface/include/GasModelParameters.hh:33:45: warning: declaration shadows a variable in namespace 'CLHEP' [-Wshadow]
    inline void SetIonMobilityFile(G4String s) { ionMobFile = s; };
                                            ^
/usr/local/geant4.10.4/include/Geant4/CLHEP/Units/SystemOfUnits.h:149:28: note: previous declaration is here
  static constexpr double  s = second;
                           ^
In file included from /Users/lennertdekeukeleere/Documents/Work/Code/Geant4GarfieldDegradInterface/src/EventAction.cc:10:
In file included from /Users/lennertdekeukeleere/Documents/Work/Code/Geant4GarfieldDegradInterface/include/DetectorConstruction.hh:5:
In file included from /Users/lennertdekeukeleere/Documents/Work/Code/Geant4GarfieldDegradInterface/include/HeedInterfaceModel.hh:11:
In file included from /Users/lennertdekeukeleere/Documents/Work/Code/Geant4GarfieldDegradInterface/include/HeedModel.hh:27:
/Users/lennertdekeukeleere/Documents/Work/Code/Geant4GarfieldDegradInterface/include/GasModelParameters.hh:31:37: warning: declaration shadows a variable in namespace 'CLHEP' [-Wshadow]
    inline void SetGasFile(G4String s) { gasFile = s;};
                                    ^
/usr/local/geant4.10.4/include/Geant4/CLHEP/Units/SystemOfUnits.h:149:28: note: previous declaration is here
  static constexpr double  s = second;
                           ^
In file included from /Users/lennertdekeukeleere/Documents/Work/Code/Geant4GarfieldDegradInterface/src/EventAction.cc:10:
In file included from /Users/lennertdekeukeleere/Documents/Work/Code/Geant4GarfieldDegradInterface/include/DetectorConstruction.hh:5:
In file included from /Users/lennertdekeukeleere/Documents/Work/Code/Geant4GarfieldDegradInterface/include/HeedInterfaceModel.hh:11:
In file included from /Users/lennertdekeukeleere/Documents/Work/Code/Geant4GarfieldDegradInterface/include/HeedModel.hh:27:
/Users/lennertdekeukeleere/Documents/Work/Code/Geant4GarfieldDegradInterface/include/GasModelParameters.hh:33:45: warning: declaration shadows a variable in namespace 'CLHEP' [-Wshadow]
    inline void SetIonMobilityFile(G4String s) { ionMobFile = s; };
                                            ^
/usr/local/geant4.10.4/include/Geant4/CLHEP/Units/SystemOfUnits.h:149:28: note: previous declaration is here
  static constexpr double  s = second;
                           ^
In file included from /Users/lennertdekeukeleere/Documents/Work/Code/Geant4GarfieldDegradInterface/src/GasModelParametersMessenger.cc:14:
In file included from /Users/lennertdekeukeleere/Documents/Work/Code/Geant4GarfieldDegradInterface/include/HeedInterfaceModel.hh:11:
In file included from /Users/lennertdekeukeleere/Documents/Work/Code/Geant4GarfieldDegradInterface/include/HeedModel.hh:22:
In file included from /usr/local/src/garfield/Include/ViewField.hh:5:
In file included from /Applications/root_v6.14.00/include/TF2.h:26:
In file included from /Applications/root_v6.14.00/include/TF1.h:31:
In file included from /Applications/root_v6.14.00/include/TROOT.h:28:
In file included from /Applications/root_v6.14.00/include/TDirectory.h:24:
/Applications/root_v6.14.00/include/TBuffer.h:287:51: warning: declaration shadows a variable in namespace 'CLHEP' [-Wshadow]
   virtual inline void ReadStdString(std::string &s) { ReadStdString(&s); }
                                                  ^
/usr/local/geant4.10.4/include/Geant4/CLHEP/Units/SystemOfUnits.h:149:28: note: previous declaration is here
  static constexpr double  s = second;
                           ^
In file included from /Users/lennertdekeukeleere/Documents/Work/Code/Geant4GarfieldDegradInterface/src/GasModelParametersMessenger.cc:14:
In file included from /Users/lennertdekeukeleere/Documents/Work/Code/Geant4GarfieldDegradInterface/include/HeedInterfaceModel.hh:11:
In file included from /Users/lennertdekeukeleere/Documents/Work/Code/Geant4GarfieldDegradInterface/include/HeedModel.hh:22:
In file included from /usr/local/src/garfield/Include/ViewField.hh:5:
In file included from /Applications/root_v6.14.00/include/TF2.h:26:
In file included from /Applications/root_v6.14.00/include/TF1.h:31:
In file included from /Applications/root_v6.14.00/include/TROOT.h:28:
In file included from /Applications/root_v6.14.00/include/TDirectory.h:24:
/Applications/root_v6.14.00/include/TBuffer.h:307:52: warning: declaration shadows a variable in namespace 'CLHEP' [-Wshadow]
   virtual inline void WriteStdString(std::string &s) { WriteStdString(&s); }
                                                   ^
/usr/local/geant4.10.4/include/Geant4/CLHEP/Units/SystemOfUnits.h:149:28: note: previous declaration is here
  static constexpr double  s = second;
                           ^
In file included from /Users/lennertdekeukeleere/Documents/Work/Code/Geant4GarfieldDegradInterface/src/GasModelParametersMessenger.cc:14:
In file included from /Users/lennertdekeukeleere/Documents/Work/Code/Geant4GarfieldDegradInterface/include/HeedInterfaceModel.hh:11:
In file included from /Users/lennertdekeukeleere/Documents/Work/Code/Geant4GarfieldDegradInterface/include/HeedModel.hh:22:
In file included from /usr/local/src/garfield/Include/ViewField.hh:5:
In file included from /Applications/root_v6.14.00/include/TF2.h:26:
In file included from /Applications/root_v6.14.00/include/TF1.h:31:
In file included from /Applications/root_v6.14.00/include/TROOT.h:28:
In file included from /Applications/root_v6.14.00/include/TDirectory.h:24:
/Applications/root_v6.14.00/include/TBuffer.h:343:51: warning: declaration shadows a variable in namespace 'CLHEP' [-Wshadow]
inline TBuffer &operator>>(TBuffer &buf, Short_t &s)  { buf.ReadShort(s);  return buf; }
                                                  ^
/usr/local/geant4.10.4/include/Geant4/CLHEP/Units/SystemOfUnits.h:149:28: note: previous declaration is here
  static constexpr double  s = second;
                           ^
In file included from /Users/lennertdekeukeleere/Documents/Work/Code/Geant4GarfieldDegradInterface/src/GasModelParametersMessenger.cc:14:
In file included from /Users/lennertdekeukeleere/Documents/Work/Code/Geant4GarfieldDegradInterface/include/HeedInterfaceModel.hh:11:
In file included from /Users/lennertdekeukeleere/Documents/Work/Code/Geant4GarfieldDegradInterface/include/HeedModel.hh:22:
In file included from /usr/local/src/garfield/Include/ViewField.hh:5:
In file included from /Applications/root_v6.14.00/include/TF2.h:26:
In file included from /Applications/root_v6.14.00/include/TF1.h:31:
In file included from /Applications/root_v6.14.00/include/TROOT.h:28:
In file included from /Applications/root_v6.14.00/include/TDirectory.h:24:
/Applications/root_v6.14.00/include/TBuffer.h:344:52: warning: declaration shadows a variable in namespace 'CLHEP' [-Wshadow]
inline TBuffer &operator>>(TBuffer &buf, UShort_t &s) { buf.ReadUShort(s); return buf; }
                                                   ^
/usr/local/geant4.10.4/include/Geant4/CLHEP/Units/SystemOfUnits.h:149:28: note: previous declaration is here
  static constexpr double  s = second;
                           ^
In file included from /Users/lennertdekeukeleere/Documents/Work/Code/Geant4GarfieldDegradInterface/src/GasModelParametersMessenger.cc:14:
In file included from /Users/lennertdekeukeleere/Documents/Work/Code/Geant4GarfieldDegradInterface/include/HeedInterfaceModel.hh:11:
In file included from /Users/lennertdekeukeleere/Documents/Work/Code/Geant4GarfieldDegradInterface/include/HeedModel.hh:22:
In file included from /usr/local/src/garfield/Include/ViewField.hh:5:
In file included from /Applications/root_v6.14.00/include/TF2.h:26:
In file included from /Applications/root_v6.14.00/include/TF1.h:31:
In file included from /Applications/root_v6.14.00/include/TROOT.h:28:
In file included from /Applications/root_v6.14.00/include/TDirectory.h:24:
/Applications/root_v6.14.00/include/TBuffer.h:354:51: warning: declaration shadows a variable in namespace 'CLHEP' [-Wshadow]
inline TBuffer &operator>>(TBuffer &buf, TString &s)  { buf.ReadTString(s);return buf; }
                                                  ^
/usr/local/geant4.10.4/include/Geant4/CLHEP/Units/SystemOfUnits.h:149:28: note: previous declaration is here
  static constexpr double  s = second;
                           ^
In file included from /Users/lennertdekeukeleere/Documents/Work/Code/Geant4GarfieldDegradInterface/src/GasModelParametersMessenger.cc:14:
In file included from /Users/lennertdekeukeleere/Documents/Work/Code/Geant4GarfieldDegradInterface/include/HeedInterfaceModel.hh:11:
In file included from /Users/lennertdekeukeleere/Documents/Work/Code/Geant4GarfieldDegradInterface/include/HeedModel.hh:22:
In file included from /usr/local/src/garfield/Include/ViewField.hh:5:
In file included from /Applications/root_v6.14.00/include/TF2.h:26:
In file included from /Applications/root_v6.14.00/include/TF1.h:31:
In file included from /Applications/root_v6.14.00/include/TROOT.h:28:
In file included from /Applications/root_v6.14.00/include/TDirectory.h:24:
/Applications/root_v6.14.00/include/TBuffer.h:359:50: warning: declaration shadows a variable in namespace 'CLHEP' [-Wshadow]
inline TBuffer &operator<<(TBuffer &buf, Short_t s)  { buf.WriteShort(s);  return buf; }
                                                 ^
/usr/local/geant4.10.4/include/Geant4/CLHEP/Units/SystemOfUnits.h:149:28: note: previous declaration is here
  static constexpr double  s = second;
                           ^
In file included from /Users/lennertdekeukeleere/Documents/Work/Code/Geant4GarfieldDegradInterface/src/GasModelParametersMessenger.cc:14:
In file included from /Users/lennertdekeukeleere/Documents/Work/Code/Geant4GarfieldDegradInterface/include/HeedInterfaceModel.hh:11:
In file included from /Users/lennertdekeukeleere/Documents/Work/Code/Geant4GarfieldDegradInterface/include/HeedModel.hh:22:
In file included from /usr/local/src/garfield/Include/ViewField.hh:5:
In file included from /Applications/root_v6.14.00/include/TF2.h:26:
In file included from /Applications/root_v6.14.00/include/TF1.h:31:
In file included from /Applications/root_v6.14.00/include/TROOT.h:28:
In file included from /Applications/root_v6.14.00/include/TDirectory.h:24:
/Applications/root_v6.14.00/include/TBuffer.h:360:51: warning: declaration shadows a variable in namespace 'CLHEP' [-Wshadow]
inline TBuffer &operator<<(TBuffer &buf, UShort_t s) { buf.WriteUShort(s); return buf; }
                                                  ^
/usr/local/geant4.10.4/include/Geant4/CLHEP/Units/SystemOfUnits.h:149:28: note: previous declaration is here
  static constexpr double  s = second;
                           ^
In file included from /Users/lennertdekeukeleere/Documents/Work/Code/Geant4GarfieldDegradInterface/src/GasModelParametersMessenger.cc:14:
In file included from /Users/lennertdekeukeleere/Documents/Work/Code/Geant4GarfieldDegradInterface/include/HeedInterfaceModel.hh:11:
In file included from /Users/lennertdekeukeleere/Documents/Work/Code/Geant4GarfieldDegradInterface/include/HeedModel.hh:22:
In file included from /usr/local/src/garfield/Include/ViewField.hh:5:
In file included from /Applications/root_v6.14.00/include/TF2.h:26:
In file included from /Applications/root_v6.14.00/include/TF1.h:31:
In file included from /Applications/root_v6.14.00/include/TROOT.h:28:
In file included from /Applications/root_v6.14.00/include/TDirectory.h:24:
/Applications/root_v6.14.00/include/TBuffer.h:370:57: warning: declaration shadows a variable in namespace 'CLHEP' [-Wshadow]
inline TBuffer &operator<<(TBuffer &buf, const TString &s) { buf.WriteTString(s);return buf; }
                                                        ^
/usr/local/geant4.10.4/include/Geant4/CLHEP/Units/SystemOfUnits.h:149:28: note: previous declaration is here
  static constexpr double  s = second;
                           ^
In file included from /Users/lennertdekeukeleere/Documents/Work/Code/Geant4GarfieldDegradInterface/src/EventAction.cc:10:
/Users/lennertdekeukeleere/Documents/Work/Code/Geant4GarfieldDegradInterface/include/DetectorConstruction.hh:62:35: warning: declaration shadows a variable in namespace 'CLHEP' [-Wshadow]
  inline void SetGasName(G4String s){gasName=s;};
                                  ^
/usr/local/geant4.10.4/include/Geant4/CLHEP/Units/SystemOfUnits.h:149:28: note: previous declaration is here
  static constexpr double  s = second;
                           ^
In file included from /Users/lennertdekeukeleere/Documents/Work/Code/Geant4GarfieldDegradInterface/src/GasBoxSD.cc:11:
/Users/lennertdekeukeleere/Documents/Work/Code/Geant4GarfieldDegradInterface/include/DetectorConstruction.hh:62:35: warning: declaration shadows a variable in namespace 'CLHEP' [-Wshadow]
  inline void SetGasName(G4String s){gasName=s;};
                                  ^
/usr/local/geant4.10.4/include/Geant4/CLHEP/Units/SystemOfUnits.h:149:28: note: previous declaration is here
  static constexpr double  s = second;
                           ^
/Users/lennertdekeukeleere/Documents/Work/Code/Geant4GarfieldDegradInterface/src/GasBoxSD.cc:33:65: warning: unused parameter 'hist' [-Wunused-parameter]
G4bool GasBoxSD::ProcessHits(G4Step* aStep, G4TouchableHistory* hist){
                                                                ^
/Users/lennertdekeukeleere/Documents/Work/Code/Geant4GarfieldDegradInterface/src/GasBoxSD.cc:85:1: warning: control reaches end of non-void function [-Wreturn-type]
}
^
In file included from /Users/lennertdekeukeleere/Documents/Work/Code/Geant4GarfieldDegradInterface/src/GasModelParameters.cc:6:
/Users/lennertdekeukeleere/Documents/Work/Code/Geant4GarfieldDegradInterface/include/DetectorConstruction.hh:62:35: warning: declaration shadows a variable in namespace 'CLHEP' [-Wshadow]
  inline void SetGasName(G4String s){gasName=s;};
                                  ^
/usr/local/geant4.10.4/include/Geant4/CLHEP/Units/SystemOfUnits.h:149:28: note: previous declaration is here
  static constexpr double  s = second;
                           ^
In file included from /Users/lennertdekeukeleere/Documents/Work/Code/Geant4GarfieldDegradInterface/src/GasModelParametersMessenger.cc:17:
/Users/lennertdekeukeleere/Documents/Work/Code/Geant4GarfieldDegradInterface/include/DegradModel.hh:46:21: warning: unused parameter 'particleName' [-Wunused-parameter]
  void Run(G4String particleName, double ekin_keV, double t, double x_cm,
                    ^
/Users/lennertdekeukeleere/Documents/Work/Code/Geant4GarfieldDegradInterface/include/DegradModel.hh:46:42: warning: unused parameter 'ekin_keV' [-Wunused-parameter]
  void Run(G4String particleName, double ekin_keV, double t, double x_cm,
                                         ^
/Users/lennertdekeukeleere/Documents/Work/Code/Geant4GarfieldDegradInterface/include/DegradModel.hh:46:59: warning: unused parameter 't' [-Wunused-parameter]
  void Run(G4String particleName, double ekin_keV, double t, double x_cm,
                                                          ^
/Users/lennertdekeukeleere/Documents/Work/Code/Geant4GarfieldDegradInterface/include/DegradModel.hh:46:69: warning: unused parameter 'x_cm' [-Wunused-parameter]
  void Run(G4String particleName, double ekin_keV, double t, double x_cm,
                                                                    ^
/Users/lennertdekeukeleere/Documents/Work/Code/Geant4GarfieldDegradInterface/include/DegradModel.hh:47:19: warning: unused parameter 'y_cm' [-Wunused-parameter]
           double y_cm, double z_cm, double dx, double dy, double dz){};
                  ^
/Users/lennertdekeukeleere/Documents/Work/Code/Geant4GarfieldDegradInterface/include/DegradModel.hh:47:32: warning: unused parameter 'z_cm' [-Wunused-parameter]
           double y_cm, double z_cm, double dx, double dy, double dz){};
                               ^
/Users/lennertdekeukeleere/Documents/Work/Code/Geant4GarfieldDegradInterface/include/DegradModel.hh:47:45: warning: unused parameter 'dx' [-Wunused-parameter]
           double y_cm, double z_cm, double dx, double dy, double dz){};
                                            ^
/Users/lennertdekeukeleere/Documents/Work/Code/Geant4GarfieldDegradInterface/include/DegradModel.hh:47:56: warning: unused parameter 'dy' [-Wunused-parameter]
           double y_cm, double z_cm, double dx, double dy, double dz){};
                                                       ^
/Users/lennertdekeukeleere/Documents/Work/Code/Geant4GarfieldDegradInterface/include/DegradModel.hh:47:67: warning: unused parameter 'dz' [-Wunused-parameter]
           double y_cm, double z_cm, double dx, double dy, double dz){};
                                                                  ^
In file included from /Users/lennertdekeukeleere/Documents/Work/Code/Geant4GarfieldDegradInterface/src/GasBoxSD.cc:1:
/Users/lennertdekeukeleere/Documents/Work/Code/Geant4GarfieldDegradInterface/include/GasBoxSD.hh:28:20: warning: private field 'garfieldModel' is not used [-Wunused-private-field]
    GarfieldModel* garfieldModel;
                   ^
49 warnings generated.
8 warnings generated.
/Users/lennertdekeukeleere/Documents/Work/Code/Geant4GarfieldDegradInterface/src/EventAction.cc:24:53: warning: unused parameter 'ev' [-Wunused-parameter]
void EventAction::BeginOfEventAction(const G4Event *ev) {
                                                    ^
/Users/lennertdekeukeleere/Documents/Work/Code/Geant4GarfieldDegradInterface/src/EventAction.cc:27:51: warning: unused parameter 'evt' [-Wunused-parameter]
void EventAction::EndOfEventAction(const G4Event *evt) {
                                                  ^
48 warnings generated.
In file included from /Users/lennertdekeukeleere/Documents/Work/Code/Geant4GarfieldDegradInterface/src/EventAction.cc:1:
/Users/lennertdekeukeleere/Documents/Work/Code/Geant4GarfieldDegradInterface/include/EventAction.hh:25:17: warning: private field 'fGarfieldModel' is not used [-Wunused-private-field]
        GarfieldModel* fGarfieldModel;
                       ^
6 warnings generated.
In file included from /Users/lennertdekeukeleere/Documents/Work/Code/Geant4GarfieldDegradInterface/src/HeedInterfaceModel.cc:8:
In file included from /Users/lennertdekeukeleere/Documents/Work/Code/Geant4GarfieldDegradInterface/include/HeedInterfaceModel.hh:11:
In file included from /Users/lennertdekeukeleere/Documents/Work/Code/Geant4GarfieldDegradInterface/include/HeedModel.hh:27:
/Users/lennertdekeukeleere/Documents/Work/Code/Geant4GarfieldDegradInterface/include/GasModelParameters.hh:31:37: warning: declaration shadows a variable in namespace 'CLHEP' [-Wshadow]
    inline void SetGasFile(G4String s) { gasFile = s;};
                                    ^
/usr/local/geant4.10.4/include/Geant4/CLHEP/Units/SystemOfUnits.h:149:28: note: previous declaration is here
  static constexpr double  s = second;
                           ^
In file included from /Users/lennertdekeukeleere/Documents/Work/Code/Geant4GarfieldDegradInterface/src/HeedInterfaceModel.cc:8:
In file included from /Users/lennertdekeukeleere/Documents/Work/Code/Geant4GarfieldDegradInterface/include/HeedInterfaceModel.hh:11:
In file included from /Users/lennertdekeukeleere/Documents/Work/Code/Geant4GarfieldDegradInterface/include/HeedModel.hh:27:
/Users/lennertdekeukeleere/Documents/Work/Code/Geant4GarfieldDegradInterface/include/GasModelParameters.hh:33:45: warning: declaration shadows a variable in namespace 'CLHEP' [-Wshadow]
    inline void SetIonMobilityFile(G4String s) { ionMobFile = s; };
                                            ^
/usr/local/geant4.10.4/include/Geant4/CLHEP/Units/SystemOfUnits.h:149:28: note: previous declaration is here
  static constexpr double  s = second;
                           ^
In file included from /Users/lennertdekeukeleere/Documents/Work/Code/Geant4GarfieldDegradInterface/src/HeedModel.cc:8:
In file included from /Users/lennertdekeukeleere/Documents/Work/Code/Geant4GarfieldDegradInterface/include/HeedModel.hh:27:
/Users/lennertdekeukeleere/Documents/Work/Code/Geant4GarfieldDegradInterface/include/GasModelParameters.hh:31:37: warning: declaration shadows a variable in namespace 'CLHEP' [-Wshadow]
    inline void SetGasFile(G4String s) { gasFile = s;};
                                    ^
/usr/local/geant4.10.4/include/Geant4/CLHEP/Units/SystemOfUnits.h:149:28: note: previous declaration is here
  static constexpr double  s = second;
                           ^
In file included from /Users/lennertdekeukeleere/Documents/Work/Code/Geant4GarfieldDegradInterface/src/HeedModel.cc:8:
In file included from /Users/lennertdekeukeleere/Documents/Work/Code/Geant4GarfieldDegradInterface/include/HeedModel.hh:27:
/Users/lennertdekeukeleere/Documents/Work/Code/Geant4GarfieldDegradInterface/include/GasModelParameters.hh:33:45: warning: declaration shadows a variable in namespace 'CLHEP' [-Wshadow]
    inline void SetIonMobilityFile(G4String s) { ionMobFile = s; };
                                            ^
/usr/local/geant4.10.4/include/Geant4/CLHEP/Units/SystemOfUnits.h:149:28: note: previous declaration is here
  static constexpr double  s = second;
                           ^
/Users/lennertdekeukeleere/Documents/Work/Code/Geant4GarfieldDegradInterface/src/HeedInterfaceModel.cc:23:39: warning: unused parameter 'particleName' [-Wunused-parameter]
void HeedInterfaceModel::Run(G4String particleName, double ekin_keV, double t, double x_cm,
                                      ^
/Users/lennertdekeukeleere/Documents/Work/Code/Geant4GarfieldDegradInterface/src/HeedInterfaceModel.cc:23:60: warning: unused parameter 'ekin_keV' [-Wunused-parameter]
void HeedInterfaceModel::Run(G4String particleName, double ekin_keV, double t, double x_cm,
                                                           ^
/Users/lennertdekeukeleere/Documents/Work/Code/Geant4GarfieldDegradInterface/src/HeedInterfaceModel.cc:23:77: warning: unused parameter 't' [-Wunused-parameter]
void HeedInterfaceModel::Run(G4String particleName, double ekin_keV, double t, double x_cm,
                                                                            ^
/Users/lennertdekeukeleere/Documents/Work/Code/Geant4GarfieldDegradInterface/src/HeedInterfaceModel.cc:23:87: warning: unused parameter 'x_cm' [-Wunused-parameter]
void HeedInterfaceModel::Run(G4String particleName, double ekin_keV, double t, double x_cm,
                                                                                      ^
/Users/lennertdekeukeleere/Documents/Work/Code/Geant4GarfieldDegradInterface/src/HeedInterfaceModel.cc:24:20: warning: unused parameter 'y_cm' [-Wunused-parameter]
            double y_cm, double z_cm, double dx, double dy, double dz){
                   ^
/Users/lennertdekeukeleere/Documents/Work/Code/Geant4GarfieldDegradInterface/src/HeedInterfaceModel.cc:24:33: warning: unused parameter 'z_cm' [-Wunused-parameter]
            double y_cm, double z_cm, double dx, double dy, double dz){
                                ^
/Users/lennertdekeukeleere/Documents/Work/Code/Geant4GarfieldDegradInterface/src/HeedInterfaceModel.cc:24:46: warning: unused parameter 'dx' [-Wunused-parameter]
            double y_cm, double z_cm, double dx, double dy, double dz){
                                             ^
/Users/lennertdekeukeleere/Documents/Work/Code/Geant4GarfieldDegradInterface/src/HeedInterfaceModel.cc:24:57: warning: unused parameter 'dy' [-Wunused-parameter]
            double y_cm, double z_cm, double dx, double dy, double dz){
                                                        ^
/Users/lennertdekeukeleere/Documents/Work/Code/Geant4GarfieldDegradInterface/src/HeedInterfaceModel.cc:24:68: warning: unused parameter 'dz' [-Wunused-parameter]
            double y_cm, double z_cm, double dx, double dy, double dz){
                                                                   ^
In file included from /Users/lennertdekeukeleere/Documents/Work/Code/Geant4GarfieldDegradInterface/src/HeedModel.cc:13:
/Users/lennertdekeukeleere/Documents/Work/Code/Geant4GarfieldDegradInterface/include/DetectorConstruction.hh:62:35: warning: declaration shadows a variable in namespace 'CLHEP' [-Wshadow]
  inline void SetGasName(G4String s){gasName=s;};
                                  ^
/usr/local/geant4.10.4/include/Geant4/CLHEP/Units/SystemOfUnits.h:149:28: note: previous declaration is here
  static constexpr double  s = second;
                           ^
/Users/lennertdekeukeleere/Documents/Work/Code/Geant4GarfieldDegradInterface/src/HeedModel.cc:155:18: warning: unused variable 'yc' [-Wunused-variable]
    const double yc = 2. * gap;       // cathode
                 ^
/Users/lennertdekeukeleere/Documents/Work/Code/Geant4GarfieldDegradInterface/src/HeedModel.cc:167:18: warning: unused variable 'dGate' [-Wunused-variable]
    const double dGate = 0.0075;
                 ^
/Users/lennertdekeukeleere/Documents/Work/Code/Geant4GarfieldDegradInterface/src/HeedModel.cc:161:18: warning: unused variable 'dc' [-Wunused-variable]
    const double dc = period;
                 ^
/Users/lennertdekeukeleere/Documents/Work/Code/Geant4GarfieldDegradInterface/src/HeedModel.cc:154:18: warning: unused variable 'ys' [-Wunused-variable]
    const double ys = gap;            // anode wires
                 ^
/Users/lennertdekeukeleere/Documents/Work/Code/Geant4GarfieldDegradInterface/src/HeedModel.cc:156:18: warning: unused variable 'yg' [-Wunused-variable]
    const double yg = 2. * gap + 0.3; // gate
                 ^
/Users/lennertdekeukeleere/Documents/Work/Code/Geant4GarfieldDegradInterface/src/HeedModel.cc:162:18: warning: unused variable 'dg' [-Wunused-variable]
    const double dg = period / 2;
                 ^
/Users/lennertdekeukeleere/Documents/Work/Code/Geant4GarfieldDegradInterface/src/HeedModel.cc:159:15: warning: unused variable 'nRep' [-Wunused-variable]
    const int nRep = 10;
              ^
/Users/lennertdekeukeleere/Documents/Work/Code/Geant4GarfieldDegradInterface/src/HeedModel.cc:166:18: warning: unused variable 'dCath' [-Wunused-variable]
    const double dCath = 0.0075;
                 ^
/Users/lennertdekeukeleere/Documents/Work/Code/Geant4GarfieldDegradInterface/src/HeedModel.cc:165:18: warning: unused variable 'dSens' [-Wunused-variable]
    const double dSens = 0.0020;
                 ^
/Users/lennertdekeukeleere/Documents/Work/Code/Geant4GarfieldDegradInterface/src/HeedModel.cc:149:10: warning: unused variable 'gating' [-Wunused-variable]
    bool gating = false;
         ^
In file included from /Users/lennertdekeukeleere/Documents/Work/Code/Geant4GarfieldDegradInterface/src/HeedOnlyModel.cc:8:
In file included from /Users/lennertdekeukeleere/Documents/Work/Code/Geant4GarfieldDegradInterface/include/HeedOnlyModel.hh:24:
In file included from /Users/lennertdekeukeleere/Documents/Work/Code/Geant4GarfieldDegradInterface/include/HeedModel.hh:27:
/Users/lennertdekeukeleere/Documents/Work/Code/Geant4GarfieldDegradInterface/include/GasModelParameters.hh:31:37: warning: declaration shadows a variable in namespace 'CLHEP' [-Wshadow]
    inline void SetGasFile(G4String s) { gasFile = s;};
                                    ^
/usr/local/geant4.10.4/include/Geant4/CLHEP/Units/SystemOfUnits.h:149:28: note: previous declaration is here
  static constexpr double  s = second;
                           ^
In file included from /Users/lennertdekeukeleere/Documents/Work/Code/Geant4GarfieldDegradInterface/src/HeedOnlyModel.cc:8:
In file included from /Users/lennertdekeukeleere/Documents/Work/Code/Geant4GarfieldDegradInterface/include/HeedOnlyModel.hh:24:
In file included from /Users/lennertdekeukeleere/Documents/Work/Code/Geant4GarfieldDegradInterface/include/HeedModel.hh:27:
/Users/lennertdekeukeleere/Documents/Work/Code/Geant4GarfieldDegradInterface/include/GasModelParameters.hh:33:45: warning: declaration shadows a variable in namespace 'CLHEP' [-Wshadow]
    inline void SetIonMobilityFile(G4String s) { ionMobFile = s; };
                                            ^
/usr/local/geant4.10.4/include/Geant4/CLHEP/Units/SystemOfUnits.h:149:28: note: previous declaration is here
  static constexpr double  s = second;
                           ^
11 warnings generated.
/Users/lennertdekeukeleere/Documents/Work/Code/Geant4GarfieldDegradInterface/src/HeedOnlyModel.cc:17:50: warning: unused parameter 'gmp' [-Wunused-parameter]
HeedOnlyModel::HeedOnlyModel(GasModelParameters* gmp,G4String modelName, G4Region* envelope,DetectorConstruction* dc)
                                                 ^
/Users/lennertdekeukeleere/Documents/Work/Code/Geant4GarfieldDegradInterface/src/HeedOnlyModel.cc:24:34: warning: unused parameter 'particleName' [-Wunused-parameter]
void HeedOnlyModel::Run(G4String particleName, double ekin_keV, double t, double x_cm,
                                 ^
/Users/lennertdekeukeleere/Documents/Work/Code/Geant4GarfieldDegradInterface/src/HeedOnlyModel.cc:24:55: warning: unused parameter 'ekin_keV' [-Wunused-parameter]
void HeedOnlyModel::Run(G4String particleName, double ekin_keV, double t, double x_cm,
                                                      ^
/Users/lennertdekeukeleere/Documents/Work/Code/Geant4GarfieldDegradInterface/src/HeedOnlyModel.cc:24:72: warning: unused parameter 't' [-Wunused-parameter]
void HeedOnlyModel::Run(G4String particleName, double ekin_keV, double t, double x_cm,
                                                                       ^
/Users/lennertdekeukeleere/Documents/Work/Code/Geant4GarfieldDegradInterface/src/HeedOnlyModel.cc:24:82: warning: unused parameter 'x_cm' [-Wunused-parameter]
void HeedOnlyModel::Run(G4String particleName, double ekin_keV, double t, double x_cm,
                                                                                 ^
/Users/lennertdekeukeleere/Documents/Work/Code/Geant4GarfieldDegradInterface/src/HeedOnlyModel.cc:25:20: warning: unused parameter 'y_cm' [-Wunused-parameter]
            double y_cm, double z_cm, double dx, double dy, double dz){
                   ^
/Users/lennertdekeukeleere/Documents/Work/Code/Geant4GarfieldDegradInterface/src/HeedOnlyModel.cc:25:33: warning: unused parameter 'z_cm' [-Wunused-parameter]
            double y_cm, double z_cm, double dx, double dy, double dz){
                                ^
/Users/lennertdekeukeleere/Documents/Work/Code/Geant4GarfieldDegradInterface/src/HeedOnlyModel.cc:25:46: warning: unused parameter 'dx' [-Wunused-parameter]
            double y_cm, double z_cm, double dx, double dy, double dz){
                                             ^
/Users/lennertdekeukeleere/Documents/Work/Code/Geant4GarfieldDegradInterface/src/HeedOnlyModel.cc:25:57: warning: unused parameter 'dy' [-Wunused-parameter]
            double y_cm, double z_cm, double dx, double dy, double dz){
                                                        ^
/Users/lennertdekeukeleere/Documents/Work/Code/Geant4GarfieldDegradInterface/src/HeedOnlyModel.cc:25:68: warning: unused parameter 'dz' [-Wunused-parameter]
            double y_cm, double z_cm, double dx, double dy, double dz){
                                                                   ^
12 warnings generated.
13 warnings generated.
In file included from /Users/lennertdekeukeleere/Documents/Work/Code/Geant4GarfieldDegradInterface/src/MyUserActionInitialization.cc:2:
In file included from /Users/lennertdekeukeleere/Documents/Work/Code/Geant4GarfieldDegradInterface/include/DetectorConstruction.hh:5:
In file included from /Users/lennertdekeukeleere/Documents/Work/Code/Geant4GarfieldDegradInterface/include/HeedInterfaceModel.hh:11:
In file included from /Users/lennertdekeukeleere/Documents/Work/Code/Geant4GarfieldDegradInterface/include/HeedModel.hh:27:
/Users/lennertdekeukeleere/Documents/Work/Code/Geant4GarfieldDegradInterface/include/GasModelParameters.hh:31:37: warning: declaration shadows a variable in namespace 'CLHEP' [-Wshadow]
    inline void SetGasFile(G4String s) { gasFile = s;};
                                    ^
/usr/local/geant4.10.4/include/Geant4/CLHEP/Units/SystemOfUnits.h:149:28: note: previous declaration is here
  static constexpr double  s = second;
                           ^
In file included from /Users/lennertdekeukeleere/Documents/Work/Code/Geant4GarfieldDegradInterface/src/MyUserActionInitialization.cc:2:
In file included from /Users/lennertdekeukeleere/Documents/Work/Code/Geant4GarfieldDegradInterface/include/DetectorConstruction.hh:5:
In file included from /Users/lennertdekeukeleere/Documents/Work/Code/Geant4GarfieldDegradInterface/include/HeedInterfaceModel.hh:11:
In file included from /Users/lennertdekeukeleere/Documents/Work/Code/Geant4GarfieldDegradInterface/include/HeedModel.hh:27:
/Users/lennertdekeukeleere/Documents/Work/Code/Geant4GarfieldDegradInterface/include/GasModelParameters.hh:33:45: warning: declaration shadows a variable in namespace 'CLHEP' [-Wshadow]
    inline void SetIonMobilityFile(G4String s) { ionMobFile = s; };
                                            ^
/usr/local/geant4.10.4/include/Geant4/CLHEP/Units/SystemOfUnits.h:149:28: note: previous declaration is here
  static constexpr double  s = second;
                           ^
In file included from /Users/lennertdekeukeleere/Documents/Work/Code/Geant4GarfieldDegradInterface/src/MyUserActionInitialization.cc:2:
/Users/lennertdekeukeleere/Documents/Work/Code/Geant4GarfieldDegradInterface/include/DetectorConstruction.hh:62:35: warning: declaration shadows a variable in namespace 'CLHEP' [-Wshadow]
  inline void SetGasName(G4String s){gasName=s;};
                                  ^
/usr/local/geant4.10.4/include/Geant4/CLHEP/Units/SystemOfUnits.h:149:28: note: previous declaration is here
  static constexpr double  s = second;
                           ^
In file included from /Users/lennertdekeukeleere/Documents/Work/Code/Geant4GarfieldDegradInterface/src/MyUserActionInitialization.cc:3:
In file included from /Users/lennertdekeukeleere/Documents/Work/Code/Geant4GarfieldDegradInterface/include/RunAction.hh:10:
In file included from /Applications/root_v6.14.00/include/TFile.h:27:
In file included from /Applications/root_v6.14.00/include/TMap.h:29:
/Applications/root_v6.14.00/include/THashTable.h:47:38: warning: declaration shadows a variable in namespace 'CLHEP' [-Wshadow]
   Int_t       GetHashValue(TString &s) const { return s.Hash() % fSize; }
                                     ^
/usr/local/geant4.10.4/include/Geant4/CLHEP/Units/SystemOfUnits.h:149:28: note: previous declaration is here
  static constexpr double  s = second;
                           ^
In file included from /Users/lennertdekeukeleere/Documents/Work/Code/Geant4GarfieldDegradInterface/src/PhysicsList.cc:58:
/Users/lennertdekeukeleere/Documents/Work/Code/Geant4GarfieldDegradInterface/include/GasModelParameters.hh:31:37: warning: declaration shadows a variable in namespace 'CLHEP' [-Wshadow]
    inline void SetGasFile(G4String s) { gasFile = s;};
                                    ^
/usr/local/geant4.10.4/include/Geant4/CLHEP/Units/SystemOfUnits.h:149:28: note: previous declaration is here
  static constexpr double  s = second;
                           ^
In file included from /Users/lennertdekeukeleere/Documents/Work/Code/Geant4GarfieldDegradInterface/src/PhysicsList.cc:58:
/Users/lennertdekeukeleere/Documents/Work/Code/Geant4GarfieldDegradInterface/include/GasModelParameters.hh:33:45: warning: declaration shadows a variable in namespace 'CLHEP' [-Wshadow]
    inline void SetIonMobilityFile(G4String s) { ionMobFile = s; };
                                            ^
/usr/local/geant4.10.4/include/Geant4/CLHEP/Units/SystemOfUnits.h:149:28: note: previous declaration is here
  static constexpr double  s = second;
                           ^
In file included from /Users/lennertdekeukeleere/Documents/Work/Code/Geant4GarfieldDegradInterface/src/MyUserActionInitialization.cc:7:
In file included from /Users/lennertdekeukeleere/Documents/Work/Code/Geant4GarfieldDegradInterface/include/GasBoxSD.hh:7:
/Users/lennertdekeukeleere/Documents/Work/Code/Geant4GarfieldDegradInterface/include/GasBoxHit.hh:23:7: warning: 'GasBoxHit::Draw' hides overloaded virtual function [-Woverloaded-virtual]
        void Draw() const{};
             ^
/usr/local/geant4.10.4/include/Geant4/G4VHit.hh:57:20: note: hidden overloaded virtual function 'G4VHit::Draw' declared here: different qualifiers (none vs const)
      virtual void Draw();
                   ^
In file included from /Users/lennertdekeukeleere/Documents/Work/Code/Geant4GarfieldDegradInterface/src/MyUserActionInitialization.cc:7:
In file included from /Users/lennertdekeukeleere/Documents/Work/Code/Geant4GarfieldDegradInterface/include/GasBoxSD.hh:7:
/Users/lennertdekeukeleere/Documents/Work/Code/Geant4GarfieldDegradInterface/include/GasBoxHit.hh:24:10: warning: 'GasBoxHit::Print' hides overloaded virtual function [-Woverloaded-virtual]
    void Print() const{};
         ^
/usr/local/geant4.10.4/include/Geant4/G4VHit.hh:58:20: note: hidden overloaded virtual function 'G4VHit::Print' declared here: different qualifiers (none vs const)
      virtual void Print();
                   ^
6 warnings generated.
2 warnings generated.
In file included from /Users/lennertdekeukeleere/Documents/Work/Code/Geant4GarfieldDegradInterface/src/PrimaryGeneratorAction.cc:8:
In file included from /Users/lennertdekeukeleere/Documents/Work/Code/Geant4GarfieldDegradInterface/include/PrimaryGeneratorAction.hh:14:
In file included from /Users/lennertdekeukeleere/Documents/Work/Code/Geant4GarfieldDegradInterface/include/DetectorConstruction.hh:5:
In file included from /Users/lennertdekeukeleere/Documents/Work/Code/Geant4GarfieldDegradInterface/include/HeedInterfaceModel.hh:11:
In file included from /Users/lennertdekeukeleere/Documents/Work/Code/Geant4GarfieldDegradInterface/include/HeedModel.hh:27:
/Users/lennertdekeukeleere/Documents/Work/Code/Geant4GarfieldDegradInterface/include/GasModelParameters.hh:31:37: warning: declaration shadows a variable in namespace 'CLHEP' [-Wshadow]
    inline void SetGasFile(G4String s) { gasFile = s;};
                                    ^
/usr/local/geant4.10.4/include/Geant4/CLHEP/Units/SystemOfUnits.h:149:28: note: previous declaration is here
  static constexpr double  s = second;
                           ^
In file included from /Users/lennertdekeukeleere/Documents/Work/Code/Geant4GarfieldDegradInterface/src/PrimaryGeneratorAction.cc:8:
In file included from /Users/lennertdekeukeleere/Documents/Work/Code/Geant4GarfieldDegradInterface/include/PrimaryGeneratorAction.hh:14:
In file included from /Users/lennertdekeukeleere/Documents/Work/Code/Geant4GarfieldDegradInterface/include/DetectorConstruction.hh:5:
In file included from /Users/lennertdekeukeleere/Documents/Work/Code/Geant4GarfieldDegradInterface/include/HeedInterfaceModel.hh:11:
In file included from /Users/lennertdekeukeleere/Documents/Work/Code/Geant4GarfieldDegradInterface/include/HeedModel.hh:27:
/Users/lennertdekeukeleere/Documents/Work/Code/Geant4GarfieldDegradInterface/include/GasModelParameters.hh:33:45: warning: declaration shadows a variable in namespace 'CLHEP' [-Wshadow]
    inline void SetIonMobilityFile(G4String s) { ionMobFile = s; };
                                            ^
/usr/local/geant4.10.4/include/Geant4/CLHEP/Units/SystemOfUnits.h:149:28: note: previous declaration is here
  static constexpr double  s = second;
                           ^
In file included from /Users/lennertdekeukeleere/Documents/Work/Code/Geant4GarfieldDegradInterface/src/PrimaryGeneratorAction.cc:8:
In file included from /Users/lennertdekeukeleere/Documents/Work/Code/Geant4GarfieldDegradInterface/include/PrimaryGeneratorAction.hh:14:
/Users/lennertdekeukeleere/Documents/Work/Code/Geant4GarfieldDegradInterface/include/DetectorConstruction.hh:62:35: warning: declaration shadows a variable in namespace 'CLHEP' [-Wshadow]
  inline void SetGasName(G4String s){gasName=s;};
                                  ^
/usr/local/geant4.10.4/include/Geant4/CLHEP/Units/SystemOfUnits.h:149:28: note: previous declaration is here
  static constexpr double  s = second;
                           ^
In file included from /Users/lennertdekeukeleere/Documents/Work/Code/Geant4GarfieldDegradInterface/src/PrimaryGeneratorAction.cc:13:
In file included from /Users/lennertdekeukeleere/Documents/Work/Code/Geant4GarfieldDegradInterface/include/RunAction.hh:10:
In file included from /Applications/root_v6.14.00/include/TFile.h:27:
In file included from /Applications/root_v6.14.00/include/TMap.h:29:
/Applications/root_v6.14.00/include/THashTable.h:47:38: warning: declaration shadows a variable in namespace 'CLHEP' [-Wshadow]
   Int_t       GetHashValue(TString &s) const { return s.Hash() % fSize; }
                                     ^
/usr/local/geant4.10.4/include/Geant4/CLHEP/Units/SystemOfUnits.h:149:28: note: previous declaration is here
  static constexpr double  s = second;
                           ^
In file included from /Users/lennertdekeukeleere/Documents/Work/Code/Geant4GarfieldDegradInterface/src/RunAction.cc:5:
In file included from /Users/lennertdekeukeleere/Documents/Work/Code/Geant4GarfieldDegradInterface/include/PrimaryGeneratorAction.hh:14:
In file included from /Users/lennertdekeukeleere/Documents/Work/Code/Geant4GarfieldDegradInterface/include/DetectorConstruction.hh:5:
In file included from /Users/lennertdekeukeleere/Documents/Work/Code/Geant4GarfieldDegradInterface/include/HeedInterfaceModel.hh:11:
In file included from /Users/lennertdekeukeleere/Documents/Work/Code/Geant4GarfieldDegradInterface/include/HeedModel.hh:27:
/Users/lennertdekeukeleere/Documents/Work/Code/Geant4GarfieldDegradInterface/include/GasModelParameters.hh:31:37: warning: declaration shadows a variable in namespace 'CLHEP' [-Wshadow]
    inline void SetGasFile(G4String s) { gasFile = s;};
                                    ^
/usr/local/geant4.10.4/include/Geant4/CLHEP/Units/SystemOfUnits.h:149:28: note: previous declaration is here
  static constexpr double  s = second;
                           ^
In file included from /Users/lennertdekeukeleere/Documents/Work/Code/Geant4GarfieldDegradInterface/src/RunAction.cc:5:
In file included from /Users/lennertdekeukeleere/Documents/Work/Code/Geant4GarfieldDegradInterface/include/PrimaryGeneratorAction.hh:14:
In file included from /Users/lennertdekeukeleere/Documents/Work/Code/Geant4GarfieldDegradInterface/include/DetectorConstruction.hh:5:
In file included from /Users/lennertdekeukeleere/Documents/Work/Code/Geant4GarfieldDegradInterface/include/HeedInterfaceModel.hh:11:
In file included from /Users/lennertdekeukeleere/Documents/Work/Code/Geant4GarfieldDegradInterface/include/HeedModel.hh:27:
/Users/lennertdekeukeleere/Documents/Work/Code/Geant4GarfieldDegradInterface/include/GasModelParameters.hh:33:45: warning: declaration shadows a variable in namespace 'CLHEP' [-Wshadow]
    inline void SetIonMobilityFile(G4String s) { ionMobFile = s; };
                                            ^
/usr/local/geant4.10.4/include/Geant4/CLHEP/Units/SystemOfUnits.h:149:28: note: previous declaration is here
  static constexpr double  s = second;
                           ^
In file included from /Users/lennertdekeukeleere/Documents/Work/Code/Geant4GarfieldDegradInterface/src/RunAction.cc:5:
In file included from /Users/lennertdekeukeleere/Documents/Work/Code/Geant4GarfieldDegradInterface/include/PrimaryGeneratorAction.hh:14:
/Users/lennertdekeukeleere/Documents/Work/Code/Geant4GarfieldDegradInterface/include/DetectorConstruction.hh:62:35: warning: declaration shadows a variable in namespace 'CLHEP' [-Wshadow]
  inline void SetGasName(G4String s){gasName=s;};
                                  ^
/usr/local/geant4.10.4/include/Geant4/CLHEP/Units/SystemOfUnits.h:149:28: note: previous declaration is here
  static constexpr double  s = second;
                           ^
4 warnings generated.
In file included from /Users/lennertdekeukeleere/Documents/Work/Code/Geant4GarfieldDegradInterface/src/SteppingAction.cc:5:
In file included from /Users/lennertdekeukeleere/Documents/Work/Code/Geant4GarfieldDegradInterface/include/DetectorConstruction.hh:5:
In file included from /Users/lennertdekeukeleere/Documents/Work/Code/Geant4GarfieldDegradInterface/include/HeedInterfaceModel.hh:11:
In file included from /Users/lennertdekeukeleere/Documents/Work/Code/Geant4GarfieldDegradInterface/include/HeedModel.hh:27:
/Users/lennertdekeukeleere/Documents/Work/Code/Geant4GarfieldDegradInterface/include/GasModelParameters.hh:31:37: warning: declaration shadows a variable in namespace 'CLHEP' [-Wshadow]
    inline void SetGasFile(G4String s) { gasFile = s;};
                                    ^
/usr/local/geant4.10.4/include/Geant4/CLHEP/Units/SystemOfUnits.h:149:28: note: previous declaration is here
  static constexpr double  s = second;
                           ^
In file included from /Users/lennertdekeukeleere/Documents/Work/Code/Geant4GarfieldDegradInterface/src/SteppingAction.cc:5:
In file included from /Users/lennertdekeukeleere/Documents/Work/Code/Geant4GarfieldDegradInterface/include/DetectorConstruction.hh:5:
In file included from /Users/lennertdekeukeleere/Documents/Work/Code/Geant4GarfieldDegradInterface/include/HeedInterfaceModel.hh:11:
In file included from /Users/lennertdekeukeleere/Documents/Work/Code/Geant4GarfieldDegradInterface/include/HeedModel.hh:27:
/Users/lennertdekeukeleere/Documents/Work/Code/Geant4GarfieldDegradInterface/include/GasModelParameters.hh:33:45: warning: declaration shadows a variable in namespace 'CLHEP' [-Wshadow]
    inline void SetIonMobilityFile(G4String s) { ionMobFile = s; };
                                            ^
/usr/local/geant4.10.4/include/Geant4/CLHEP/Units/SystemOfUnits.h:149:28: note: previous declaration is here
  static constexpr double  s = second;
                           ^
In file included from /Users/lennertdekeukeleere/Documents/Work/Code/Geant4GarfieldDegradInterface/src/SteppingAction.cc:5:
/Users/lennertdekeukeleere/Documents/Work/Code/Geant4GarfieldDegradInterface/include/DetectorConstruction.hh:62:35: warning: declaration shadows a variable in namespace 'CLHEP' [-Wshadow]
  inline void SetGasName(G4String s){gasName=s;};
                                  ^
/usr/local/geant4.10.4/include/Geant4/CLHEP/Units/SystemOfUnits.h:149:28: note: previous declaration is here
  static constexpr double  s = second;
                           ^
In file included from /Users/lennertdekeukeleere/Documents/Work/Code/Geant4GarfieldDegradInterface/src/SteppingAction.cc:10:
In file included from /Users/lennertdekeukeleere/Documents/Work/Code/Geant4GarfieldDegradInterface/include/GasBoxSD.hh:7:
/Users/lennertdekeukeleere/Documents/Work/Code/Geant4GarfieldDegradInterface/include/GasBoxHit.hh:23:7: warning: 'GasBoxHit::Draw' hides overloaded virtual function [-Woverloaded-virtual]
        void Draw() const{};
             ^
/usr/local/geant4.10.4/include/Geant4/G4VHit.hh:57:20: note: hidden overloaded virtual function 'G4VHit::Draw' declared here: different qualifiers (none vs const)
      virtual void Draw();
                   ^
In file included from /Users/lennertdekeukeleere/Documents/Work/Code/Geant4GarfieldDegradInterface/src/SteppingAction.cc:10:
In file included from /Users/lennertdekeukeleere/Documents/Work/Code/Geant4GarfieldDegradInterface/include/GasBoxSD.hh:7:
/Users/lennertdekeukeleere/Documents/Work/Code/Geant4GarfieldDegradInterface/include/GasBoxHit.hh:24:10: warning: 'GasBoxHit::Print' hides overloaded virtual function [-Woverloaded-virtual]
    void Print() const{};
         ^
/usr/local/geant4.10.4/include/Geant4/G4VHit.hh:58:20: note: hidden overloaded virtual function 'G4VHit::Print' declared here: different qualifiers (none vs const)
      virtual void Print();
                   ^
/Users/lennertdekeukeleere/Documents/Work/Code/Geant4GarfieldDegradInterface/src/SteppingAction.cc:19:55: warning: unused parameter 'aStep' [-Wunused-parameter]
void SteppingAction::UserSteppingAction(const G4Step *aStep) {
                                                      ^
In file included from /Users/lennertdekeukeleere/Documents/Work/Code/Geant4GarfieldDegradInterface/src/RunAction.cc:9:
In file included from /Users/lennertdekeukeleere/Documents/Work/Code/Geant4GarfieldDegradInterface/include/GasBoxSD.hh:7:
/Users/lennertdekeukeleere/Documents/Work/Code/Geant4GarfieldDegradInterface/include/GasBoxHit.hh:23:7: warning: 'GasBoxHit::Draw' hides overloaded virtual function [-Woverloaded-virtual]
        void Draw() const{};
             ^
/usr/local/geant4.10.4/include/Geant4/G4VHit.hh:57:20: note: hidden overloaded virtual function 'G4VHit::Draw' declared here: different qualifiers (none vs const)
      virtual void Draw();
                   ^
In file included from /Users/lennertdekeukeleere/Documents/Work/Code/Geant4GarfieldDegradInterface/src/RunAction.cc:9:
In file included from /Users/lennertdekeukeleere/Documents/Work/Code/Geant4GarfieldDegradInterface/include/GasBoxSD.hh:7:
/Users/lennertdekeukeleere/Documents/Work/Code/Geant4GarfieldDegradInterface/include/GasBoxHit.hh:24:10: warning: 'GasBoxHit::Print' hides overloaded virtual function [-Woverloaded-virtual]
    void Print() const{};
         ^
/usr/local/geant4.10.4/include/Geant4/G4VHit.hh:58:20: note: hidden overloaded virtual function 'G4VHit::Print' declared here: different qualifiers (none vs const)
      virtual void Print();
                   ^
/Users/lennertdekeukeleere/Documents/Work/Code/Geant4GarfieldDegradInterface/src/RunAction.cc:50:45: warning: unused parameter 'aRun' [-Wunused-parameter]
void RunAction::EndOfRunAction(const G4Run* aRun) {
                                            ^
6 warnings generated.
6 warnings generated.
